Archive member included to satisfy reference by file (symbol)

d:/truestudio/truestudio for stm32 9.3.0/armtools/bin/../lib/gcc/arm-atollic-eabi/6.3.1/../../../../arm-atollic-eabi/lib/armv7-m\libc_nano.a(lib_a-errno.o)
                              Src\syscalls.o (__errno)
d:/truestudio/truestudio for stm32 9.3.0/armtools/bin/../lib/gcc/arm-atollic-eabi/6.3.1/../../../../arm-atollic-eabi/lib/armv7-m\libc_nano.a(lib_a-impure.o)
                              d:/truestudio/truestudio for stm32 9.3.0/armtools/bin/../lib/gcc/arm-atollic-eabi/6.3.1/../../../../arm-atollic-eabi/lib/armv7-m\libc_nano.a(lib_a-errno.o) (_impure_ptr)
d:/truestudio/truestudio for stm32 9.3.0/armtools/bin/../lib/gcc/arm-atollic-eabi/6.3.1/../../../../arm-atollic-eabi/lib/armv7-m\libc_nano.a(lib_a-init.o)
                              startup\startup_stm32f103xe.o (__libc_init_array)
d:/truestudio/truestudio for stm32 9.3.0/armtools/bin/../lib/gcc/arm-atollic-eabi/6.3.1/../../../../arm-atollic-eabi/lib/armv7-m\libc_nano.a(lib_a-memset.o)
                              Drivers\STM32F1xx_HAL_Driver\Src\stm32f1xx_hal_rcc.o (memset)
d:/truestudio/truestudio for stm32 9.3.0/armtools/bin/../lib/gcc/arm-atollic-eabi/6.3.1/armv7-m\libgcc.a(_lshrdi3.o)
                              Drivers\STM32F1xx_HAL_Driver\Src\stm32f1xx_hal_flash.o (__aeabi_llsr)

Allocating common symbols
Common symbol       size              file

RX_BUFFER           0x100             Src\main.o
uwTick              0x4               Drivers\STM32F1xx_HAL_Driver\Src\stm32f1xx_hal.o
pFlash              0x20              Drivers\STM32F1xx_HAL_Driver\Src\stm32f1xx_hal_flash.o
huart1              0x40              Src\usart.o
aRX_BUFFER          0x1               Src\main.o

Discarded input sections

 .text          0x00000000        0x0 d:/truestudio/truestudio for stm32 9.3.0/armtools/bin/../lib/gcc/arm-atollic-eabi/6.3.1/armv7-m/crti.o
 .data          0x00000000        0x0 d:/truestudio/truestudio for stm32 9.3.0/armtools/bin/../lib/gcc/arm-atollic-eabi/6.3.1/armv7-m/crti.o
 .bss           0x00000000        0x0 d:/truestudio/truestudio for stm32 9.3.0/armtools/bin/../lib/gcc/arm-atollic-eabi/6.3.1/armv7-m/crti.o
 .data          0x00000000        0x4 d:/truestudio/truestudio for stm32 9.3.0/armtools/bin/../lib/gcc/arm-atollic-eabi/6.3.1/armv7-m/crtbegin.o
 .text          0x00000000        0x0 Drivers\STM32F1xx_HAL_Driver\Src\stm32f1xx_hal.o
 .data          0x00000000        0x0 Drivers\STM32F1xx_HAL_Driver\Src\stm32f1xx_hal.o
 .bss           0x00000000        0x0 Drivers\STM32F1xx_HAL_Driver\Src\stm32f1xx_hal.o
 .text.HAL_MspInit
                0x00000000        0x2 Drivers\STM32F1xx_HAL_Driver\Src\stm32f1xx_hal.o
 .text.HAL_MspDeInit
                0x00000000        0x2 Drivers\STM32F1xx_HAL_Driver\Src\stm32f1xx_hal.o
 .text.HAL_DeInit
                0x00000000       0x20 Drivers\STM32F1xx_HAL_Driver\Src\stm32f1xx_hal.o
 .text.HAL_GetTickPrio
                0x00000000        0xc Drivers\STM32F1xx_HAL_Driver\Src\stm32f1xx_hal.o
 .text.HAL_SetTickFreq
                0x00000000       0x24 Drivers\STM32F1xx_HAL_Driver\Src\stm32f1xx_hal.o
 .text.HAL_GetTickFreq
                0x00000000        0xc Drivers\STM32F1xx_HAL_Driver\Src\stm32f1xx_hal.o
 .text.HAL_Delay
                0x00000000       0x24 Drivers\STM32F1xx_HAL_Driver\Src\stm32f1xx_hal.o
 .text.HAL_SuspendTick
                0x00000000       0x10 Drivers\STM32F1xx_HAL_Driver\Src\stm32f1xx_hal.o
 .text.HAL_ResumeTick
                0x00000000       0x10 Drivers\STM32F1xx_HAL_Driver\Src\stm32f1xx_hal.o
 .text.HAL_GetHalVersion
                0x00000000        0x8 Drivers\STM32F1xx_HAL_Driver\Src\stm32f1xx_hal.o
 .text.HAL_GetREVID
                0x00000000        0xc Drivers\STM32F1xx_HAL_Driver\Src\stm32f1xx_hal.o
 .text.HAL_GetDEVID
                0x00000000       0x10 Drivers\STM32F1xx_HAL_Driver\Src\stm32f1xx_hal.o
 .text.HAL_DBGMCU_EnableDBGSleepMode
                0x00000000       0x10 Drivers\STM32F1xx_HAL_Driver\Src\stm32f1xx_hal.o
 .text.HAL_DBGMCU_DisableDBGSleepMode
                0x00000000       0x10 Drivers\STM32F1xx_HAL_Driver\Src\stm32f1xx_hal.o
 .text.HAL_DBGMCU_EnableDBGStopMode
                0x00000000       0x10 Drivers\STM32F1xx_HAL_Driver\Src\stm32f1xx_hal.o
 .text.HAL_DBGMCU_DisableDBGStopMode
                0x00000000       0x10 Drivers\STM32F1xx_HAL_Driver\Src\stm32f1xx_hal.o
 .text.HAL_DBGMCU_EnableDBGStandbyMode
                0x00000000       0x10 Drivers\STM32F1xx_HAL_Driver\Src\stm32f1xx_hal.o
 .text.HAL_DBGMCU_DisableDBGStandbyMode
                0x00000000       0x10 Drivers\STM32F1xx_HAL_Driver\Src\stm32f1xx_hal.o
 .text.HAL_GetUID
                0x00000000       0x20 Drivers\STM32F1xx_HAL_Driver\Src\stm32f1xx_hal.o
 .text          0x00000000        0x0 Drivers\STM32F1xx_HAL_Driver\Src\stm32f1xx_hal_cortex.o
 .data          0x00000000        0x0 Drivers\STM32F1xx_HAL_Driver\Src\stm32f1xx_hal_cortex.o
 .bss           0x00000000        0x0 Drivers\STM32F1xx_HAL_Driver\Src\stm32f1xx_hal_cortex.o
 .text.HAL_NVIC_DisableIRQ
                0x00000000       0x1c Drivers\STM32F1xx_HAL_Driver\Src\stm32f1xx_hal_cortex.o
 .text.HAL_NVIC_SystemReset
                0x00000000       0x24 Drivers\STM32F1xx_HAL_Driver\Src\stm32f1xx_hal_cortex.o
 .text.HAL_NVIC_GetPriorityGrouping
                0x00000000       0x10 Drivers\STM32F1xx_HAL_Driver\Src\stm32f1xx_hal_cortex.o
 .text.HAL_NVIC_GetPriority
                0x00000000       0x5c Drivers\STM32F1xx_HAL_Driver\Src\stm32f1xx_hal_cortex.o
 .text.HAL_NVIC_SetPendingIRQ
                0x00000000       0x1c Drivers\STM32F1xx_HAL_Driver\Src\stm32f1xx_hal_cortex.o
 .text.HAL_NVIC_GetPendingIRQ
                0x00000000       0x1c Drivers\STM32F1xx_HAL_Driver\Src\stm32f1xx_hal_cortex.o
 .text.HAL_NVIC_ClearPendingIRQ
                0x00000000       0x1c Drivers\STM32F1xx_HAL_Driver\Src\stm32f1xx_hal_cortex.o
 .text.HAL_NVIC_GetActive
                0x00000000       0x1c Drivers\STM32F1xx_HAL_Driver\Src\stm32f1xx_hal_cortex.o
 .text.HAL_SYSTICK_CLKSourceConfig
                0x00000000       0x18 Drivers\STM32F1xx_HAL_Driver\Src\stm32f1xx_hal_cortex.o
 .text.HAL_SYSTICK_Callback
                0x00000000        0x2 Drivers\STM32F1xx_HAL_Driver\Src\stm32f1xx_hal_cortex.o
 .text.HAL_SYSTICK_IRQHandler
                0x00000000        0x8 Drivers\STM32F1xx_HAL_Driver\Src\stm32f1xx_hal_cortex.o
 .text          0x00000000        0x0 Drivers\STM32F1xx_HAL_Driver\Src\stm32f1xx_hal_dma.o
 .data          0x00000000        0x0 Drivers\STM32F1xx_HAL_Driver\Src\stm32f1xx_hal_dma.o
 .bss           0x00000000        0x0 Drivers\STM32F1xx_HAL_Driver\Src\stm32f1xx_hal_dma.o
 .text.HAL_DMA_Init
                0x00000000       0x80 Drivers\STM32F1xx_HAL_Driver\Src\stm32f1xx_hal_dma.o
 .text.HAL_DMA_DeInit
                0x00000000       0x7c Drivers\STM32F1xx_HAL_Driver\Src\stm32f1xx_hal_dma.o
 .text.HAL_DMA_Start
                0x00000000       0x5c Drivers\STM32F1xx_HAL_Driver\Src\stm32f1xx_hal_dma.o
 .text.HAL_DMA_Start_IT
                0x00000000       0x7a Drivers\STM32F1xx_HAL_Driver\Src\stm32f1xx_hal_dma.o
 .text.HAL_DMA_Abort
                0x00000000       0x2c Drivers\STM32F1xx_HAL_Driver\Src\stm32f1xx_hal_dma.o
 .text.HAL_DMA_PollForTransfer
                0x00000000      0x364 Drivers\STM32F1xx_HAL_Driver\Src\stm32f1xx_hal_dma.o
 .text.HAL_DMA_IRQHandler
                0x00000000      0x1b8 Drivers\STM32F1xx_HAL_Driver\Src\stm32f1xx_hal_dma.o
 .text.HAL_DMA_RegisterCallback
                0x00000000       0x46 Drivers\STM32F1xx_HAL_Driver\Src\stm32f1xx_hal_dma.o
 .text.HAL_DMA_UnRegisterCallback
                0x00000000       0x4e Drivers\STM32F1xx_HAL_Driver\Src\stm32f1xx_hal_dma.o
 .text.HAL_DMA_GetState
                0x00000000        0x6 Drivers\STM32F1xx_HAL_Driver\Src\stm32f1xx_hal_dma.o
 .text.HAL_DMA_GetError
                0x00000000        0x4 Drivers\STM32F1xx_HAL_Driver\Src\stm32f1xx_hal_dma.o
 .text          0x00000000        0x0 Drivers\STM32F1xx_HAL_Driver\Src\stm32f1xx_hal_flash.o
 .data          0x00000000        0x0 Drivers\STM32F1xx_HAL_Driver\Src\stm32f1xx_hal_flash.o
 .bss           0x00000000        0x0 Drivers\STM32F1xx_HAL_Driver\Src\stm32f1xx_hal_flash.o
 .text.FLASH_SetErrorCode
                0x00000000       0x50 Drivers\STM32F1xx_HAL_Driver\Src\stm32f1xx_hal_flash.o
 .text.HAL_FLASH_Program_IT
                0x00000000       0x5c Drivers\STM32F1xx_HAL_Driver\Src\stm32f1xx_hal_flash.o
 .text.HAL_FLASH_EndOfOperationCallback
                0x00000000        0x2 Drivers\STM32F1xx_HAL_Driver\Src\stm32f1xx_hal_flash.o
 .text.HAL_FLASH_OperationErrorCallback
                0x00000000        0x2 Drivers\STM32F1xx_HAL_Driver\Src\stm32f1xx_hal_flash.o
 .text.HAL_FLASH_IRQHandler
                0x00000000      0x114 Drivers\STM32F1xx_HAL_Driver\Src\stm32f1xx_hal_flash.o
 .text.HAL_FLASH_Unlock
                0x00000000       0x24 Drivers\STM32F1xx_HAL_Driver\Src\stm32f1xx_hal_flash.o
 .text.HAL_FLASH_Lock
                0x00000000       0x14 Drivers\STM32F1xx_HAL_Driver\Src\stm32f1xx_hal_flash.o
 .text.HAL_FLASH_OB_Unlock
                0x00000000       0x24 Drivers\STM32F1xx_HAL_Driver\Src\stm32f1xx_hal_flash.o
 .text.HAL_FLASH_OB_Lock
                0x00000000       0x14 Drivers\STM32F1xx_HAL_Driver\Src\stm32f1xx_hal_flash.o
 .text.HAL_FLASH_OB_Launch
                0x00000000        0x4 Drivers\STM32F1xx_HAL_Driver\Src\stm32f1xx_hal_flash.o
 .text.HAL_FLASH_GetError
                0x00000000        0xc Drivers\STM32F1xx_HAL_Driver\Src\stm32f1xx_hal_flash.o
 .text.FLASH_WaitForLastOperation
                0x00000000       0x54 Drivers\STM32F1xx_HAL_Driver\Src\stm32f1xx_hal_flash.o
 .text.HAL_FLASH_Program
                0x00000000       0x8c Drivers\STM32F1xx_HAL_Driver\Src\stm32f1xx_hal_flash.o
 .debug_info    0x00000000      0xeeb Drivers\STM32F1xx_HAL_Driver\Src\stm32f1xx_hal_flash.o
 .debug_abbrev  0x00000000      0x373 Drivers\STM32F1xx_HAL_Driver\Src\stm32f1xx_hal_flash.o
 .debug_loc     0x00000000      0x334 Drivers\STM32F1xx_HAL_Driver\Src\stm32f1xx_hal_flash.o
 .debug_aranges
                0x00000000       0x78 Drivers\STM32F1xx_HAL_Driver\Src\stm32f1xx_hal_flash.o
 .debug_ranges  0x00000000       0xb8 Drivers\STM32F1xx_HAL_Driver\Src\stm32f1xx_hal_flash.o
 .debug_line    0x00000000      0x4eb Drivers\STM32F1xx_HAL_Driver\Src\stm32f1xx_hal_flash.o
 .debug_str     0x00000000      0xa17 Drivers\STM32F1xx_HAL_Driver\Src\stm32f1xx_hal_flash.o
 .comment       0x00000000       0x7d Drivers\STM32F1xx_HAL_Driver\Src\stm32f1xx_hal_flash.o
 .debug_frame   0x00000000      0x120 Drivers\STM32F1xx_HAL_Driver\Src\stm32f1xx_hal_flash.o
 .ARM.attributes
                0x00000000       0x33 Drivers\STM32F1xx_HAL_Driver\Src\stm32f1xx_hal_flash.o
 COMMON         0x00000000       0x20 Drivers\STM32F1xx_HAL_Driver\Src\stm32f1xx_hal_flash.o
 .text          0x00000000        0x0 Drivers\STM32F1xx_HAL_Driver\Src\stm32f1xx_hal_flash_ex.o
 .data          0x00000000        0x0 Drivers\STM32F1xx_HAL_Driver\Src\stm32f1xx_hal_flash_ex.o
 .bss           0x00000000        0x0 Drivers\STM32F1xx_HAL_Driver\Src\stm32f1xx_hal_flash_ex.o
 .text.FLASH_MassErase.isra.0
                0x00000000       0x24 Drivers\STM32F1xx_HAL_Driver\Src\stm32f1xx_hal_flash_ex.o
 .text.FLASH_OB_RDP_LevelConfig
                0x00000000       0x64 Drivers\STM32F1xx_HAL_Driver\Src\stm32f1xx_hal_flash_ex.o
 .text.HAL_FLASHEx_OBErase
                0x00000000       0x54 Drivers\STM32F1xx_HAL_Driver\Src\stm32f1xx_hal_flash_ex.o
 .text.HAL_FLASHEx_OBProgram
                0x00000000      0x1fc Drivers\STM32F1xx_HAL_Driver\Src\stm32f1xx_hal_flash_ex.o
 .text.HAL_FLASHEx_OBGetConfig
                0x00000000       0x28 Drivers\STM32F1xx_HAL_Driver\Src\stm32f1xx_hal_flash_ex.o
 .text.HAL_FLASHEx_OBGetUserData
                0x00000000       0x1c Drivers\STM32F1xx_HAL_Driver\Src\stm32f1xx_hal_flash_ex.o
 .text.FLASH_PageErase
                0x00000000       0x24 Drivers\STM32F1xx_HAL_Driver\Src\stm32f1xx_hal_flash_ex.o
 .text.HAL_FLASHEx_Erase
                0x00000000       0x9c Drivers\STM32F1xx_HAL_Driver\Src\stm32f1xx_hal_flash_ex.o
 .text.HAL_FLASHEx_Erase_IT
                0x00000000       0x50 Drivers\STM32F1xx_HAL_Driver\Src\stm32f1xx_hal_flash_ex.o
 .debug_info    0x00000000     0x13ac Drivers\STM32F1xx_HAL_Driver\Src\stm32f1xx_hal_flash_ex.o
 .debug_abbrev  0x00000000      0x35a Drivers\STM32F1xx_HAL_Driver\Src\stm32f1xx_hal_flash_ex.o
 .debug_loc     0x00000000      0x6d0 Drivers\STM32F1xx_HAL_Driver\Src\stm32f1xx_hal_flash_ex.o
 .debug_aranges
                0x00000000       0x60 Drivers\STM32F1xx_HAL_Driver\Src\stm32f1xx_hal_flash_ex.o
 .debug_ranges  0x00000000       0xe0 Drivers\STM32F1xx_HAL_Driver\Src\stm32f1xx_hal_flash_ex.o
 .debug_line    0x00000000      0x51e Drivers\STM32F1xx_HAL_Driver\Src\stm32f1xx_hal_flash_ex.o
 .debug_str     0x00000000      0xb2d Drivers\STM32F1xx_HAL_Driver\Src\stm32f1xx_hal_flash_ex.o
 .comment       0x00000000       0x7d Drivers\STM32F1xx_HAL_Driver\Src\stm32f1xx_hal_flash_ex.o
 .debug_frame   0x00000000       0xf0 Drivers\STM32F1xx_HAL_Driver\Src\stm32f1xx_hal_flash_ex.o
 .ARM.attributes
                0x00000000       0x33 Drivers\STM32F1xx_HAL_Driver\Src\stm32f1xx_hal_flash_ex.o
 .text          0x00000000        0x0 Drivers\STM32F1xx_HAL_Driver\Src\stm32f1xx_hal_gpio.o
 .data          0x00000000        0x0 Drivers\STM32F1xx_HAL_Driver\Src\stm32f1xx_hal_gpio.o
 .bss           0x00000000        0x0 Drivers\STM32F1xx_HAL_Driver\Src\stm32f1xx_hal_gpio.o
 .text.HAL_GPIO_DeInit
                0x00000000      0x100 Drivers\STM32F1xx_HAL_Driver\Src\stm32f1xx_hal_gpio.o
 .text.HAL_GPIO_ReadPin
                0x00000000        0xc Drivers\STM32F1xx_HAL_Driver\Src\stm32f1xx_hal_gpio.o
 .text.HAL_GPIO_WritePin
                0x00000000        0xa Drivers\STM32F1xx_HAL_Driver\Src\stm32f1xx_hal_gpio.o
 .text.HAL_GPIO_TogglePin
                0x00000000        0x8 Drivers\STM32F1xx_HAL_Driver\Src\stm32f1xx_hal_gpio.o
 .text.HAL_GPIO_LockPin
                0x00000000       0x2a Drivers\STM32F1xx_HAL_Driver\Src\stm32f1xx_hal_gpio.o
 .text.HAL_GPIO_EXTI_Callback
                0x00000000        0x2 Drivers\STM32F1xx_HAL_Driver\Src\stm32f1xx_hal_gpio.o
 .text.HAL_GPIO_EXTI_IRQHandler
                0x00000000       0x18 Drivers\STM32F1xx_HAL_Driver\Src\stm32f1xx_hal_gpio.o
 .text          0x00000000        0x0 Drivers\STM32F1xx_HAL_Driver\Src\stm32f1xx_hal_gpio_ex.o
 .data          0x00000000        0x0 Drivers\STM32F1xx_HAL_Driver\Src\stm32f1xx_hal_gpio_ex.o
 .bss           0x00000000        0x0 Drivers\STM32F1xx_HAL_Driver\Src\stm32f1xx_hal_gpio_ex.o
 .text.HAL_GPIOEx_ConfigEventout
                0x00000000       0x14 Drivers\STM32F1xx_HAL_Driver\Src\stm32f1xx_hal_gpio_ex.o
 .text.HAL_GPIOEx_EnableEventout
                0x00000000       0x10 Drivers\STM32F1xx_HAL_Driver\Src\stm32f1xx_hal_gpio_ex.o
 .text.HAL_GPIOEx_DisableEventout
                0x00000000       0x10 Drivers\STM32F1xx_HAL_Driver\Src\stm32f1xx_hal_gpio_ex.o
 .debug_info    0x00000000      0xa36 Drivers\STM32F1xx_HAL_Driver\Src\stm32f1xx_hal_gpio_ex.o
 .debug_abbrev  0x00000000      0x1d3 Drivers\STM32F1xx_HAL_Driver\Src\stm32f1xx_hal_gpio_ex.o
 .debug_loc     0x00000000       0x21 Drivers\STM32F1xx_HAL_Driver\Src\stm32f1xx_hal_gpio_ex.o
 .debug_aranges
                0x00000000       0x30 Drivers\STM32F1xx_HAL_Driver\Src\stm32f1xx_hal_gpio_ex.o
 .debug_ranges  0x00000000       0x20 Drivers\STM32F1xx_HAL_Driver\Src\stm32f1xx_hal_gpio_ex.o
 .debug_line    0x00000000      0x28a Drivers\STM32F1xx_HAL_Driver\Src\stm32f1xx_hal_gpio_ex.o
 .debug_str     0x00000000      0x751 Drivers\STM32F1xx_HAL_Driver\Src\stm32f1xx_hal_gpio_ex.o
 .comment       0x00000000       0x7d Drivers\STM32F1xx_HAL_Driver\Src\stm32f1xx_hal_gpio_ex.o
 .debug_frame   0x00000000       0x40 Drivers\STM32F1xx_HAL_Driver\Src\stm32f1xx_hal_gpio_ex.o
 .ARM.attributes
                0x00000000       0x33 Drivers\STM32F1xx_HAL_Driver\Src\stm32f1xx_hal_gpio_ex.o
 .text          0x00000000        0x0 Drivers\STM32F1xx_HAL_Driver\Src\stm32f1xx_hal_pwr.o
 .data          0x00000000        0x0 Drivers\STM32F1xx_HAL_Driver\Src\stm32f1xx_hal_pwr.o
 .bss           0x00000000        0x0 Drivers\STM32F1xx_HAL_Driver\Src\stm32f1xx_hal_pwr.o
 .text.PWR_OverloadWfe
                0x00000000        0x6 Drivers\STM32F1xx_HAL_Driver\Src\stm32f1xx_hal_pwr.o
 .text.HAL_PWR_DeInit
                0x00000000       0x18 Drivers\STM32F1xx_HAL_Driver\Src\stm32f1xx_hal_pwr.o
 .text.HAL_PWR_EnableBkUpAccess
                0x00000000        0xc Drivers\STM32F1xx_HAL_Driver\Src\stm32f1xx_hal_pwr.o
 .text.HAL_PWR_DisableBkUpAccess
                0x00000000        0xc Drivers\STM32F1xx_HAL_Driver\Src\stm32f1xx_hal_pwr.o
 .text.HAL_PWR_ConfigPVD
                0x00000000       0x6c Drivers\STM32F1xx_HAL_Driver\Src\stm32f1xx_hal_pwr.o
 .text.HAL_PWR_EnablePVD
                0x00000000        0xc Drivers\STM32F1xx_HAL_Driver\Src\stm32f1xx_hal_pwr.o
 .text.HAL_PWR_DisablePVD
                0x00000000        0xc Drivers\STM32F1xx_HAL_Driver\Src\stm32f1xx_hal_pwr.o
 .text.HAL_PWR_EnableWakeUpPin
                0x00000000       0x18 Drivers\STM32F1xx_HAL_Driver\Src\stm32f1xx_hal_pwr.o
 .text.HAL_PWR_DisableWakeUpPin
                0x00000000       0x18 Drivers\STM32F1xx_HAL_Driver\Src\stm32f1xx_hal_pwr.o
 .text.HAL_PWR_EnterSLEEPMode
                0x00000000       0x20 Drivers\STM32F1xx_HAL_Driver\Src\stm32f1xx_hal_pwr.o
 .text.HAL_PWR_EnterSTOPMode
                0x00000000       0x48 Drivers\STM32F1xx_HAL_Driver\Src\stm32f1xx_hal_pwr.o
 .text.HAL_PWR_EnterSTANDBYMode
                0x00000000       0x20 Drivers\STM32F1xx_HAL_Driver\Src\stm32f1xx_hal_pwr.o
 .text.HAL_PWR_EnableSleepOnExit
                0x00000000       0x10 Drivers\STM32F1xx_HAL_Driver\Src\stm32f1xx_hal_pwr.o
 .text.HAL_PWR_DisableSleepOnExit
                0x00000000       0x10 Drivers\STM32F1xx_HAL_Driver\Src\stm32f1xx_hal_pwr.o
 .text.HAL_PWR_EnableSEVOnPend
                0x00000000       0x10 Drivers\STM32F1xx_HAL_Driver\Src\stm32f1xx_hal_pwr.o
 .text.HAL_PWR_DisableSEVOnPend
                0x00000000       0x10 Drivers\STM32F1xx_HAL_Driver\Src\stm32f1xx_hal_pwr.o
 .text.HAL_PWR_PVDCallback
                0x00000000        0x2 Drivers\STM32F1xx_HAL_Driver\Src\stm32f1xx_hal_pwr.o
 .text.HAL_PWR_PVD_IRQHandler
                0x00000000       0x1c Drivers\STM32F1xx_HAL_Driver\Src\stm32f1xx_hal_pwr.o
 .debug_info    0x00000000      0xf9a Drivers\STM32F1xx_HAL_Driver\Src\stm32f1xx_hal_pwr.o
 .debug_abbrev  0x00000000      0x28a Drivers\STM32F1xx_HAL_Driver\Src\stm32f1xx_hal_pwr.o
 .debug_loc     0x00000000       0xaa Drivers\STM32F1xx_HAL_Driver\Src\stm32f1xx_hal_pwr.o
 .debug_aranges
                0x00000000       0xa8 Drivers\STM32F1xx_HAL_Driver\Src\stm32f1xx_hal_pwr.o
 .debug_ranges  0x00000000       0x98 Drivers\STM32F1xx_HAL_Driver\Src\stm32f1xx_hal_pwr.o
 .debug_line    0x00000000      0x41f Drivers\STM32F1xx_HAL_Driver\Src\stm32f1xx_hal_pwr.o
 .debug_str     0x00000000      0x995 Drivers\STM32F1xx_HAL_Driver\Src\stm32f1xx_hal_pwr.o
 .comment       0x00000000       0x7d Drivers\STM32F1xx_HAL_Driver\Src\stm32f1xx_hal_pwr.o
 .debug_frame   0x00000000      0x140 Drivers\STM32F1xx_HAL_Driver\Src\stm32f1xx_hal_pwr.o
 .ARM.attributes
                0x00000000       0x33 Drivers\STM32F1xx_HAL_Driver\Src\stm32f1xx_hal_pwr.o
 .text          0x00000000        0x0 Drivers\STM32F1xx_HAL_Driver\Src\stm32f1xx_hal_rcc.o
 .data          0x00000000        0x0 Drivers\STM32F1xx_HAL_Driver\Src\stm32f1xx_hal_rcc.o
 .bss           0x00000000        0x0 Drivers\STM32F1xx_HAL_Driver\Src\stm32f1xx_hal_rcc.o
 .text.HAL_RCC_DeInit
                0x00000000       0xd0 Drivers\STM32F1xx_HAL_Driver\Src\stm32f1xx_hal_rcc.o
 .text.HAL_RCC_MCOConfig
                0x00000000       0x50 Drivers\STM32F1xx_HAL_Driver\Src\stm32f1xx_hal_rcc.o
 .text.HAL_RCC_EnableCSS
                0x00000000        0xc Drivers\STM32F1xx_HAL_Driver\Src\stm32f1xx_hal_rcc.o
 .text.HAL_RCC_DisableCSS
                0x00000000        0xc Drivers\STM32F1xx_HAL_Driver\Src\stm32f1xx_hal_rcc.o
 .text.HAL_RCC_GetHCLKFreq
                0x00000000        0xc Drivers\STM32F1xx_HAL_Driver\Src\stm32f1xx_hal_rcc.o
 .text.HAL_RCC_GetOscConfig
                0x00000000       0x80 Drivers\STM32F1xx_HAL_Driver\Src\stm32f1xx_hal_rcc.o
 .text.HAL_RCC_GetClockConfig
                0x00000000       0x3c Drivers\STM32F1xx_HAL_Driver\Src\stm32f1xx_hal_rcc.o
 .text.HAL_RCC_CSSCallback
                0x00000000        0x2 Drivers\STM32F1xx_HAL_Driver\Src\stm32f1xx_hal_rcc.o
 .text.HAL_RCC_NMI_IRQHandler
                0x00000000       0x20 Drivers\STM32F1xx_HAL_Driver\Src\stm32f1xx_hal_rcc.o
 .text          0x00000000        0x0 Drivers\STM32F1xx_HAL_Driver\Src\stm32f1xx_hal_rcc_ex.o
 .data          0x00000000        0x0 Drivers\STM32F1xx_HAL_Driver\Src\stm32f1xx_hal_rcc_ex.o
 .bss           0x00000000        0x0 Drivers\STM32F1xx_HAL_Driver\Src\stm32f1xx_hal_rcc_ex.o
 .text.HAL_RCCEx_PeriphCLKConfig
                0x00000000       0xf0 Drivers\STM32F1xx_HAL_Driver\Src\stm32f1xx_hal_rcc_ex.o
 .text.HAL_RCCEx_GetPeriphCLKConfig
                0x00000000       0x2c Drivers\STM32F1xx_HAL_Driver\Src\stm32f1xx_hal_rcc_ex.o
 .text.HAL_RCCEx_GetPeriphCLKFreq
                0x00000000      0x104 Drivers\STM32F1xx_HAL_Driver\Src\stm32f1xx_hal_rcc_ex.o
 .rodata        0x00000000       0x10 Drivers\STM32F1xx_HAL_Driver\Src\stm32f1xx_hal_rcc_ex.o
 .debug_info    0x00000000      0xccc Drivers\STM32F1xx_HAL_Driver\Src\stm32f1xx_hal_rcc_ex.o
 .debug_abbrev  0x00000000      0x285 Drivers\STM32F1xx_HAL_Driver\Src\stm32f1xx_hal_rcc_ex.o
 .debug_loc     0x00000000      0x303 Drivers\STM32F1xx_HAL_Driver\Src\stm32f1xx_hal_rcc_ex.o
 .debug_aranges
                0x00000000       0x30 Drivers\STM32F1xx_HAL_Driver\Src\stm32f1xx_hal_rcc_ex.o
 .debug_ranges  0x00000000       0x40 Drivers\STM32F1xx_HAL_Driver\Src\stm32f1xx_hal_rcc_ex.o
 .debug_line    0x00000000      0x39b Drivers\STM32F1xx_HAL_Driver\Src\stm32f1xx_hal_rcc_ex.o
 .debug_str     0x00000000      0x8f9 Drivers\STM32F1xx_HAL_Driver\Src\stm32f1xx_hal_rcc_ex.o
 .comment       0x00000000       0x7d Drivers\STM32F1xx_HAL_Driver\Src\stm32f1xx_hal_rcc_ex.o
 .debug_frame   0x00000000       0x7c Drivers\STM32F1xx_HAL_Driver\Src\stm32f1xx_hal_rcc_ex.o
 .ARM.attributes
                0x00000000       0x33 Drivers\STM32F1xx_HAL_Driver\Src\stm32f1xx_hal_rcc_ex.o
 .text          0x00000000        0x0 Drivers\STM32F1xx_HAL_Driver\Src\stm32f1xx_hal_tim.o
 .data          0x00000000        0x0 Drivers\STM32F1xx_HAL_Driver\Src\stm32f1xx_hal_tim.o
 .bss           0x00000000        0x0 Drivers\STM32F1xx_HAL_Driver\Src\stm32f1xx_hal_tim.o
 .debug_info    0x00000000      0x96d Drivers\STM32F1xx_HAL_Driver\Src\stm32f1xx_hal_tim.o
 .debug_abbrev  0x00000000      0x174 Drivers\STM32F1xx_HAL_Driver\Src\stm32f1xx_hal_tim.o
 .debug_aranges
                0x00000000       0x18 Drivers\STM32F1xx_HAL_Driver\Src\stm32f1xx_hal_tim.o
 .debug_line    0x00000000      0x207 Drivers\STM32F1xx_HAL_Driver\Src\stm32f1xx_hal_tim.o
 .debug_str     0x00000000      0x6b1 Drivers\STM32F1xx_HAL_Driver\Src\stm32f1xx_hal_tim.o
 .comment       0x00000000       0x7d Drivers\STM32F1xx_HAL_Driver\Src\stm32f1xx_hal_tim.o
 .ARM.attributes
                0x00000000       0x33 Drivers\STM32F1xx_HAL_Driver\Src\stm32f1xx_hal_tim.o
 .text          0x00000000        0x0 Drivers\STM32F1xx_HAL_Driver\Src\stm32f1xx_hal_tim_ex.o
 .data          0x00000000        0x0 Drivers\STM32F1xx_HAL_Driver\Src\stm32f1xx_hal_tim_ex.o
 .bss           0x00000000        0x0 Drivers\STM32F1xx_HAL_Driver\Src\stm32f1xx_hal_tim_ex.o
 .debug_info    0x00000000      0x96d Drivers\STM32F1xx_HAL_Driver\Src\stm32f1xx_hal_tim_ex.o
 .debug_abbrev  0x00000000      0x174 Drivers\STM32F1xx_HAL_Driver\Src\stm32f1xx_hal_tim_ex.o
 .debug_aranges
                0x00000000       0x18 Drivers\STM32F1xx_HAL_Driver\Src\stm32f1xx_hal_tim_ex.o
 .debug_line    0x00000000      0x207 Drivers\STM32F1xx_HAL_Driver\Src\stm32f1xx_hal_tim_ex.o
 .debug_str     0x00000000      0x6b4 Drivers\STM32F1xx_HAL_Driver\Src\stm32f1xx_hal_tim_ex.o
 .comment       0x00000000       0x7d Drivers\STM32F1xx_HAL_Driver\Src\stm32f1xx_hal_tim_ex.o
 .ARM.attributes
                0x00000000       0x33 Drivers\STM32F1xx_HAL_Driver\Src\stm32f1xx_hal_tim_ex.o
 .text          0x00000000        0x0 Drivers\STM32F1xx_HAL_Driver\Src\stm32f1xx_hal_uart.o
 .data          0x00000000        0x0 Drivers\STM32F1xx_HAL_Driver\Src\stm32f1xx_hal_uart.o
 .bss           0x00000000        0x0 Drivers\STM32F1xx_HAL_Driver\Src\stm32f1xx_hal_uart.o
 .text.HAL_UART_MspInit
                0x00000000        0x2 Drivers\STM32F1xx_HAL_Driver\Src\stm32f1xx_hal_uart.o
 .text.HAL_HalfDuplex_Init
                0x00000000       0x64 Drivers\STM32F1xx_HAL_Driver\Src\stm32f1xx_hal_uart.o
 .text.HAL_LIN_Init
                0x00000000       0x72 Drivers\STM32F1xx_HAL_Driver\Src\stm32f1xx_hal_uart.o
 .text.HAL_MultiProcessor_Init
                0x00000000       0x76 Drivers\STM32F1xx_HAL_Driver\Src\stm32f1xx_hal_uart.o
 .text.HAL_UART_MspDeInit
                0x00000000        0x2 Drivers\STM32F1xx_HAL_Driver\Src\stm32f1xx_hal_uart.o
 .text.HAL_UART_DeInit
                0x00000000       0x26 Drivers\STM32F1xx_HAL_Driver\Src\stm32f1xx_hal_uart.o
 .text.HAL_UART_Receive
                0x00000000       0xbe Drivers\STM32F1xx_HAL_Driver\Src\stm32f1xx_hal_uart.o
 .text.HAL_UART_Transmit_IT
                0x00000000       0x3e Drivers\STM32F1xx_HAL_Driver\Src\stm32f1xx_hal_uart.o
 .text.HAL_UART_Transmit_DMA
                0x00000000       0x74 Drivers\STM32F1xx_HAL_Driver\Src\stm32f1xx_hal_uart.o
 .text.HAL_UART_Receive_DMA
                0x00000000       0x90 Drivers\STM32F1xx_HAL_Driver\Src\stm32f1xx_hal_uart.o
 .text.HAL_UART_DMAPause
                0x00000000       0x5a Drivers\STM32F1xx_HAL_Driver\Src\stm32f1xx_hal_uart.o
 .text.HAL_UART_DMAResume
                0x00000000       0x62 Drivers\STM32F1xx_HAL_Driver\Src\stm32f1xx_hal_uart.o
 .text.HAL_UART_DMAStop
                0x00000000       0x5e Drivers\STM32F1xx_HAL_Driver\Src\stm32f1xx_hal_uart.o
 .text.HAL_UART_Abort
                0x00000000       0x60 Drivers\STM32F1xx_HAL_Driver\Src\stm32f1xx_hal_uart.o
 .text.HAL_UART_AbortTransmit
                0x00000000       0x34 Drivers\STM32F1xx_HAL_Driver\Src\stm32f1xx_hal_uart.o
 .text.HAL_UART_AbortReceive
                0x00000000       0x3c Drivers\STM32F1xx_HAL_Driver\Src\stm32f1xx_hal_uart.o
 .text.UART_DMATransmitCplt
                0x00000000       0x2c Drivers\STM32F1xx_HAL_Driver\Src\stm32f1xx_hal_uart.o
 .text.HAL_UART_TxHalfCpltCallback
                0x00000000        0x2 Drivers\STM32F1xx_HAL_Driver\Src\stm32f1xx_hal_uart.o
 .text.UART_DMATxHalfCplt
                0x00000000        0xa Drivers\STM32F1xx_HAL_Driver\Src\stm32f1xx_hal_uart.o
 .text.HAL_UART_RxCpltCallback
                0x00000000        0x2 Drivers\STM32F1xx_HAL_Driver\Src\stm32f1xx_hal_uart.o
 .text.UART_DMAReceiveCplt
                0x00000000       0x38 Drivers\STM32F1xx_HAL_Driver\Src\stm32f1xx_hal_uart.o
 .text.HAL_UART_RxHalfCpltCallback
                0x00000000        0x2 Drivers\STM32F1xx_HAL_Driver\Src\stm32f1xx_hal_uart.o
 .text.UART_DMARxHalfCplt
                0x00000000        0xa Drivers\STM32F1xx_HAL_Driver\Src\stm32f1xx_hal_uart.o
 .text.UART_DMAError
                0x00000000       0x4e Drivers\STM32F1xx_HAL_Driver\Src\stm32f1xx_hal_uart.o
 .text.HAL_UART_AbortCpltCallback
                0x00000000        0x2 Drivers\STM32F1xx_HAL_Driver\Src\stm32f1xx_hal_uart.o
 .text.HAL_UART_Abort_IT
                0x00000000       0xa8 Drivers\STM32F1xx_HAL_Driver\Src\stm32f1xx_hal_uart.o
 .text.UART_DMARxAbortCallback
                0x00000000       0x28 Drivers\STM32F1xx_HAL_Driver\Src\stm32f1xx_hal_uart.o
 .text.UART_DMATxAbortCallback
                0x00000000       0x28 Drivers\STM32F1xx_HAL_Driver\Src\stm32f1xx_hal_uart.o
 .text.HAL_UART_AbortTransmitCpltCallback
                0x00000000        0x2 Drivers\STM32F1xx_HAL_Driver\Src\stm32f1xx_hal_uart.o
 .text.HAL_UART_AbortTransmit_IT
                0x00000000       0x50 Drivers\STM32F1xx_HAL_Driver\Src\stm32f1xx_hal_uart.o
 .text.UART_DMATxOnlyAbortCallback
                0x00000000       0x14 Drivers\STM32F1xx_HAL_Driver\Src\stm32f1xx_hal_uart.o
 .text.HAL_UART_AbortReceiveCpltCallback
                0x00000000        0x2 Drivers\STM32F1xx_HAL_Driver\Src\stm32f1xx_hal_uart.o
 .text.HAL_UART_AbortReceive_IT
                0x00000000       0x58 Drivers\STM32F1xx_HAL_Driver\Src\stm32f1xx_hal_uart.o
 .text.UART_DMARxOnlyAbortCallback
                0x00000000       0x14 Drivers\STM32F1xx_HAL_Driver\Src\stm32f1xx_hal_uart.o
 .text.HAL_LIN_SendBreak
                0x00000000       0x2c Drivers\STM32F1xx_HAL_Driver\Src\stm32f1xx_hal_uart.o
 .text.HAL_MultiProcessor_EnterMuteMode
                0x00000000       0x2c Drivers\STM32F1xx_HAL_Driver\Src\stm32f1xx_hal_uart.o
 .text.HAL_MultiProcessor_ExitMuteMode
                0x00000000       0x2c Drivers\STM32F1xx_HAL_Driver\Src\stm32f1xx_hal_uart.o
 .text.HAL_HalfDuplex_EnableTransmitter
                0x00000000       0x30 Drivers\STM32F1xx_HAL_Driver\Src\stm32f1xx_hal_uart.o
 .text.HAL_HalfDuplex_EnableReceiver
                0x00000000       0x30 Drivers\STM32F1xx_HAL_Driver\Src\stm32f1xx_hal_uart.o
 .text.HAL_UART_GetError
                0x00000000        0x4 Drivers\STM32F1xx_HAL_Driver\Src\stm32f1xx_hal_uart.o
 .text          0x00000000        0x0 Src\gpio.o
 .data          0x00000000        0x0 Src\gpio.o
 .bss           0x00000000        0x0 Src\gpio.o
 .text          0x00000000        0x0 Src\main.o
 .data          0x00000000        0x0 Src\main.o
 .bss           0x00000000        0x0 Src\main.o
 .text          0x00000000        0x0 Src\stm32f1xx_hal_msp.o
 .data          0x00000000        0x0 Src\stm32f1xx_hal_msp.o
 .bss           0x00000000        0x0 Src\stm32f1xx_hal_msp.o
 .text          0x00000000        0x0 Src\stm32f1xx_it.o
 .data          0x00000000        0x0 Src\stm32f1xx_it.o
 .bss           0x00000000        0x0 Src\stm32f1xx_it.o
 .text          0x00000000        0x0 Src\syscalls.o
 .data          0x00000000        0x0 Src\syscalls.o
 .bss           0x00000000        0x0 Src\syscalls.o
 .text.initialise_monitor_handles
                0x00000000        0x2 Src\syscalls.o
 .text._getpid  0x00000000        0x4 Src\syscalls.o
 .text._kill    0x00000000       0x10 Src\syscalls.o
 .text._exit    0x00000000        0xc Src\syscalls.o
 .text._read    0x00000000       0x1c Src\syscalls.o
 .text._write   0x00000000       0x1c Src\syscalls.o
 .text._sbrk    0x00000000       0x34 Src\syscalls.o
 .text._close   0x00000000        0x6 Src\syscalls.o
 .text._fstat   0x00000000        0xa Src\syscalls.o
 .text._isatty  0x00000000        0x4 Src\syscalls.o
 .text._lseek   0x00000000        0x4 Src\syscalls.o
 .text._open    0x00000000        0xa Src\syscalls.o
 .text._wait    0x00000000       0x10 Src\syscalls.o
 .text._unlink  0x00000000       0x10 Src\syscalls.o
 .text._times   0x00000000        0x6 Src\syscalls.o
 .text._stat    0x00000000        0xa Src\syscalls.o
 .text._link    0x00000000       0x10 Src\syscalls.o
 .text._fork    0x00000000       0x10 Src\syscalls.o
 .text._execve  0x00000000       0x10 Src\syscalls.o
 .bss.__env     0x00000000        0x4 Src\syscalls.o
 .bss.heap_end.5887
                0x00000000        0x4 Src\syscalls.o
 .data.environ  0x00000000        0x4 Src\syscalls.o
 .debug_info    0x00000000      0xfe1 Src\syscalls.o
 .debug_abbrev  0x00000000      0x2d9 Src\syscalls.o
 .debug_loc     0x00000000      0x3ef Src\syscalls.o
 .debug_aranges
                0x00000000       0xb0 Src\syscalls.o
 .debug_ranges  0x00000000       0xa0 Src\syscalls.o
 .debug_line    0x00000000      0x37c Src\syscalls.o
 .debug_str     0x00000000      0x854 Src\syscalls.o
 .comment       0x00000000       0x7d Src\syscalls.o
 .debug_frame   0x00000000      0x1a8 Src\syscalls.o
 .ARM.attributes
                0x00000000       0x33 Src\syscalls.o
 .text          0x00000000        0x0 Src\system_stm32f1xx.o
 .data          0x00000000        0x0 Src\system_stm32f1xx.o
 .bss           0x00000000        0x0 Src\system_stm32f1xx.o
 .text.SystemCoreClockUpdate
                0x00000000       0x5c Src\system_stm32f1xx.o
 .text          0x00000000        0x0 Src\usart.o
 .data          0x00000000        0x0 Src\usart.o
 .bss           0x00000000        0x0 Src\usart.o
 .text.HAL_UART_MspDeInit
                0x00000000       0x38 Src\usart.o
 .text          0x00000000       0x14 startup\startup_stm32f103xe.o
 .data          0x00000000        0x0 startup\startup_stm32f103xe.o
 .bss           0x00000000        0x0 startup\startup_stm32f103xe.o
 .text          0x00000000        0x0 d:/truestudio/truestudio for stm32 9.3.0/armtools/bin/../lib/gcc/arm-atollic-eabi/6.3.1/../../../../arm-atollic-eabi/lib/armv7-m\libc_nano.a(lib_a-errno.o)
 .data          0x00000000        0x0 d:/truestudio/truestudio for stm32 9.3.0/armtools/bin/../lib/gcc/arm-atollic-eabi/6.3.1/../../../../arm-atollic-eabi/lib/armv7-m\libc_nano.a(lib_a-errno.o)
 .bss           0x00000000        0x0 d:/truestudio/truestudio for stm32 9.3.0/armtools/bin/../lib/gcc/arm-atollic-eabi/6.3.1/../../../../arm-atollic-eabi/lib/armv7-m\libc_nano.a(lib_a-errno.o)
 .text.__errno  0x00000000        0xc d:/truestudio/truestudio for stm32 9.3.0/armtools/bin/../lib/gcc/arm-atollic-eabi/6.3.1/../../../../arm-atollic-eabi/lib/armv7-m\libc_nano.a(lib_a-errno.o)
 .debug_frame   0x00000000       0x20 d:/truestudio/truestudio for stm32 9.3.0/armtools/bin/../lib/gcc/arm-atollic-eabi/6.3.1/../../../../arm-atollic-eabi/lib/armv7-m\libc_nano.a(lib_a-errno.o)
 .ARM.attributes
                0x00000000       0x2d d:/truestudio/truestudio for stm32 9.3.0/armtools/bin/../lib/gcc/arm-atollic-eabi/6.3.1/../../../../arm-atollic-eabi/lib/armv7-m\libc_nano.a(lib_a-errno.o)
 .text          0x00000000        0x0 d:/truestudio/truestudio for stm32 9.3.0/armtools/bin/../lib/gcc/arm-atollic-eabi/6.3.1/../../../../arm-atollic-eabi/lib/armv7-m\libc_nano.a(lib_a-impure.o)
 .data          0x00000000        0x0 d:/truestudio/truestudio for stm32 9.3.0/armtools/bin/../lib/gcc/arm-atollic-eabi/6.3.1/../../../../arm-atollic-eabi/lib/armv7-m\libc_nano.a(lib_a-impure.o)
 .bss           0x00000000        0x0 d:/truestudio/truestudio for stm32 9.3.0/armtools/bin/../lib/gcc/arm-atollic-eabi/6.3.1/../../../../arm-atollic-eabi/lib/armv7-m\libc_nano.a(lib_a-impure.o)
 .data._impure_ptr
                0x00000000        0x4 d:/truestudio/truestudio for stm32 9.3.0/armtools/bin/../lib/gcc/arm-atollic-eabi/6.3.1/../../../../arm-atollic-eabi/lib/armv7-m\libc_nano.a(lib_a-impure.o)
 .data.impure_data
                0x00000000       0x60 d:/truestudio/truestudio for stm32 9.3.0/armtools/bin/../lib/gcc/arm-atollic-eabi/6.3.1/../../../../arm-atollic-eabi/lib/armv7-m\libc_nano.a(lib_a-impure.o)
 .rodata._global_impure_ptr
                0x00000000        0x4 d:/truestudio/truestudio for stm32 9.3.0/armtools/bin/../lib/gcc/arm-atollic-eabi/6.3.1/../../../../arm-atollic-eabi/lib/armv7-m\libc_nano.a(lib_a-impure.o)
 .ARM.attributes
                0x00000000       0x2d d:/truestudio/truestudio for stm32 9.3.0/armtools/bin/../lib/gcc/arm-atollic-eabi/6.3.1/../../../../arm-atollic-eabi/lib/armv7-m\libc_nano.a(lib_a-impure.o)
 .text          0x00000000        0x0 d:/truestudio/truestudio for stm32 9.3.0/armtools/bin/../lib/gcc/arm-atollic-eabi/6.3.1/../../../../arm-atollic-eabi/lib/armv7-m\libc_nano.a(lib_a-init.o)
 .data          0x00000000        0x0 d:/truestudio/truestudio for stm32 9.3.0/armtools/bin/../lib/gcc/arm-atollic-eabi/6.3.1/../../../../arm-atollic-eabi/lib/armv7-m\libc_nano.a(lib_a-init.o)
 .bss           0x00000000        0x0 d:/truestudio/truestudio for stm32 9.3.0/armtools/bin/../lib/gcc/arm-atollic-eabi/6.3.1/../../../../arm-atollic-eabi/lib/armv7-m\libc_nano.a(lib_a-init.o)
 .text          0x00000000        0x0 d:/truestudio/truestudio for stm32 9.3.0/armtools/bin/../lib/gcc/arm-atollic-eabi/6.3.1/../../../../arm-atollic-eabi/lib/armv7-m\libc_nano.a(lib_a-memset.o)
 .data          0x00000000        0x0 d:/truestudio/truestudio for stm32 9.3.0/armtools/bin/../lib/gcc/arm-atollic-eabi/6.3.1/../../../../arm-atollic-eabi/lib/armv7-m\libc_nano.a(lib_a-memset.o)
 .bss           0x00000000        0x0 d:/truestudio/truestudio for stm32 9.3.0/armtools/bin/../lib/gcc/arm-atollic-eabi/6.3.1/../../../../arm-atollic-eabi/lib/armv7-m\libc_nano.a(lib_a-memset.o)
 .text          0x00000000       0x18 d:/truestudio/truestudio for stm32 9.3.0/armtools/bin/../lib/gcc/arm-atollic-eabi/6.3.1/armv7-m\libgcc.a(_lshrdi3.o)
 .data          0x00000000        0x0 d:/truestudio/truestudio for stm32 9.3.0/armtools/bin/../lib/gcc/arm-atollic-eabi/6.3.1/armv7-m\libgcc.a(_lshrdi3.o)
 .bss           0x00000000        0x0 d:/truestudio/truestudio for stm32 9.3.0/armtools/bin/../lib/gcc/arm-atollic-eabi/6.3.1/armv7-m\libgcc.a(_lshrdi3.o)
 .ARM.attributes
                0x00000000       0x1d d:/truestudio/truestudio for stm32 9.3.0/armtools/bin/../lib/gcc/arm-atollic-eabi/6.3.1/armv7-m\libgcc.a(_lshrdi3.o)
 .text          0x00000000        0x0 d:/truestudio/truestudio for stm32 9.3.0/armtools/bin/../lib/gcc/arm-atollic-eabi/6.3.1/armv7-m/crtend.o
 .data          0x00000000        0x0 d:/truestudio/truestudio for stm32 9.3.0/armtools/bin/../lib/gcc/arm-atollic-eabi/6.3.1/armv7-m/crtend.o
 .bss           0x00000000        0x0 d:/truestudio/truestudio for stm32 9.3.0/armtools/bin/../lib/gcc/arm-atollic-eabi/6.3.1/armv7-m/crtend.o
 .eh_frame      0x00000000        0x4 d:/truestudio/truestudio for stm32 9.3.0/armtools/bin/../lib/gcc/arm-atollic-eabi/6.3.1/armv7-m/crtend.o
 .ARM.attributes
                0x00000000       0x2d d:/truestudio/truestudio for stm32 9.3.0/armtools/bin/../lib/gcc/arm-atollic-eabi/6.3.1/armv7-m/crtend.o
 .text          0x00000000        0x0 d:/truestudio/truestudio for stm32 9.3.0/armtools/bin/../lib/gcc/arm-atollic-eabi/6.3.1/armv7-m/crtn.o
 .data          0x00000000        0x0 d:/truestudio/truestudio for stm32 9.3.0/armtools/bin/../lib/gcc/arm-atollic-eabi/6.3.1/armv7-m/crtn.o
 .bss           0x00000000        0x0 d:/truestudio/truestudio for stm32 9.3.0/armtools/bin/../lib/gcc/arm-atollic-eabi/6.3.1/armv7-m/crtn.o

Memory Configuration

Name             Origin             Length             Attributes
RAM              0x20000000         0x00010000         xrw
FLASH            0x08000000         0x00080000         xr
*default*        0x00000000         0xffffffff

Linker script and memory map

LOAD d:/truestudio/truestudio for stm32 9.3.0/armtools/bin/../lib/gcc/arm-atollic-eabi/6.3.1/armv7-m/crti.o
LOAD d:/truestudio/truestudio for stm32 9.3.0/armtools/bin/../lib/gcc/arm-atollic-eabi/6.3.1/armv7-m/crtbegin.o
LOAD Drivers\STM32F1xx_HAL_Driver\Src\stm32f1xx_hal.o
LOAD Drivers\STM32F1xx_HAL_Driver\Src\stm32f1xx_hal_cortex.o
LOAD Drivers\STM32F1xx_HAL_Driver\Src\stm32f1xx_hal_dma.o
LOAD Drivers\STM32F1xx_HAL_Driver\Src\stm32f1xx_hal_flash.o
LOAD Drivers\STM32F1xx_HAL_Driver\Src\stm32f1xx_hal_flash_ex.o
LOAD Drivers\STM32F1xx_HAL_Driver\Src\stm32f1xx_hal_gpio.o
LOAD Drivers\STM32F1xx_HAL_Driver\Src\stm32f1xx_hal_gpio_ex.o
LOAD Drivers\STM32F1xx_HAL_Driver\Src\stm32f1xx_hal_pwr.o
LOAD Drivers\STM32F1xx_HAL_Driver\Src\stm32f1xx_hal_rcc.o
LOAD Drivers\STM32F1xx_HAL_Driver\Src\stm32f1xx_hal_rcc_ex.o
LOAD Drivers\STM32F1xx_HAL_Driver\Src\stm32f1xx_hal_tim.o
LOAD Drivers\STM32F1xx_HAL_Driver\Src\stm32f1xx_hal_tim_ex.o
LOAD Drivers\STM32F1xx_HAL_Driver\Src\stm32f1xx_hal_uart.o
LOAD Src\gpio.o
LOAD Src\main.o
LOAD Src\stm32f1xx_hal_msp.o
LOAD Src\stm32f1xx_it.o
LOAD Src\syscalls.o
LOAD Src\system_stm32f1xx.o
LOAD Src\usart.o
LOAD startup\startup_stm32f103xe.o
                0x00000080                malloc_getpagesize_P = 0x80
START GROUP
LOAD d:/truestudio/truestudio for stm32 9.3.0/armtools/bin/../lib/gcc/arm-atollic-eabi/6.3.1/../../../../arm-atollic-eabi/lib/armv7-m\libc_nano.a
LOAD d:/truestudio/truestudio for stm32 9.3.0/armtools/bin/../lib/gcc/arm-atollic-eabi/6.3.1/../../../../arm-atollic-eabi/lib/armv7-m\libm.a
END GROUP
START GROUP
LOAD d:/truestudio/truestudio for stm32 9.3.0/armtools/bin/../lib/gcc/arm-atollic-eabi/6.3.1/armv7-m\libgcc.a
LOAD d:/truestudio/truestudio for stm32 9.3.0/armtools/bin/../lib/gcc/arm-atollic-eabi/6.3.1/../../../../arm-atollic-eabi/lib/armv7-m\libc_nano.a
END GROUP
START GROUP
LOAD d:/truestudio/truestudio for stm32 9.3.0/armtools/bin/../lib/gcc/arm-atollic-eabi/6.3.1/armv7-m\libgcc.a
LOAD d:/truestudio/truestudio for stm32 9.3.0/armtools/bin/../lib/gcc/arm-atollic-eabi/6.3.1/../../../../arm-atollic-eabi/lib/armv7-m\libc_nano.a
LOAD d:/truestudio/truestudio for stm32 9.3.0/armtools/bin/../lib/gcc/arm-atollic-eabi/6.3.1/../../../../arm-atollic-eabi/lib/armv7-m\libnosys.a
END GROUP
START GROUP
LOAD d:/truestudio/truestudio for stm32 9.3.0/armtools/bin/../lib/gcc/arm-atollic-eabi/6.3.1/armv7-m\libgcc.a
LOAD d:/truestudio/truestudio for stm32 9.3.0/armtools/bin/../lib/gcc/arm-atollic-eabi/6.3.1/../../../../arm-atollic-eabi/lib/armv7-m\libc_nano.a
LOAD d:/truestudio/truestudio for stm32 9.3.0/armtools/bin/../lib/gcc/arm-atollic-eabi/6.3.1/../../../../arm-atollic-eabi/lib/armv7-m\libnosys.a
END GROUP
LOAD d:/truestudio/truestudio for stm32 9.3.0/armtools/bin/../lib/gcc/arm-atollic-eabi/6.3.1/armv7-m/crtend.o
LOAD d:/truestudio/truestudio for stm32 9.3.0/armtools/bin/../lib/gcc/arm-atollic-eabi/6.3.1/armv7-m/crtn.o
                0x20010000                _estack = 0x20010000
                0x00000200                _Min_Heap_Size = 0x200
                0x00000400                _Min_Stack_Size = 0x400

.isr_vector     0x08000000      0x1e4
                0x08000000                . = ALIGN (0x4)
 *(.isr_vector)
 .isr_vector    0x08000000      0x1e4 startup\startup_stm32f103xe.o
                0x08000000                g_pfnVectors
                0x080001e4                . = ALIGN (0x4)

.text           0x080001e4     0x11c0
                0x080001e4                . = ALIGN (0x4)
 *(.text)
 .text          0x080001e4       0x40 d:/truestudio/truestudio for stm32 9.3.0/armtools/bin/../lib/gcc/arm-atollic-eabi/6.3.1/armv7-m/crtbegin.o
 *(.text*)
 .text.HAL_InitTick
                0x08000224       0x48 Drivers\STM32F1xx_HAL_Driver\Src\stm32f1xx_hal.o
                0x08000224                HAL_InitTick
 .text.HAL_Init
                0x0800026c       0x24 Drivers\STM32F1xx_HAL_Driver\Src\stm32f1xx_hal.o
                0x0800026c                HAL_Init
 .text.HAL_IncTick
                0x08000290       0x18 Drivers\STM32F1xx_HAL_Driver\Src\stm32f1xx_hal.o
                0x08000290                HAL_IncTick
 .text.HAL_GetTick
                0x080002a8        0xc Drivers\STM32F1xx_HAL_Driver\Src\stm32f1xx_hal.o
                0x080002a8                HAL_GetTick
 .text.HAL_NVIC_SetPriorityGrouping
                0x080002b4       0x24 Drivers\STM32F1xx_HAL_Driver\Src\stm32f1xx_hal_cortex.o
                0x080002b4                HAL_NVIC_SetPriorityGrouping
 .text.HAL_NVIC_SetPriority
                0x080002d8       0x68 Drivers\STM32F1xx_HAL_Driver\Src\stm32f1xx_hal_cortex.o
                0x080002d8                HAL_NVIC_SetPriority
 .text.HAL_NVIC_EnableIRQ
                0x08000340       0x18 Drivers\STM32F1xx_HAL_Driver\Src\stm32f1xx_hal_cortex.o
                0x08000340                HAL_NVIC_EnableIRQ
 .text.HAL_SYSTICK_Config
                0x08000358       0x2c Drivers\STM32F1xx_HAL_Driver\Src\stm32f1xx_hal_cortex.o
                0x08000358                HAL_SYSTICK_Config
 .text.HAL_DMA_Abort_IT
                0x08000384       0xdc Drivers\STM32F1xx_HAL_Driver\Src\stm32f1xx_hal_dma.o
                0x08000384                HAL_DMA_Abort_IT
 .text.HAL_GPIO_Init
                0x08000460      0x1d8 Drivers\STM32F1xx_HAL_Driver\Src\stm32f1xx_hal_gpio.o
                0x08000460                HAL_GPIO_Init
 .text.HAL_RCC_OscConfig
                0x08000638      0x318 Drivers\STM32F1xx_HAL_Driver\Src\stm32f1xx_hal_rcc.o
                0x08000638                HAL_RCC_OscConfig
 .text.HAL_RCC_GetSysClockFreq
                0x08000950       0x78 Drivers\STM32F1xx_HAL_Driver\Src\stm32f1xx_hal_rcc.o
                0x08000950                HAL_RCC_GetSysClockFreq
 .text.HAL_RCC_ClockConfig
                0x080009c8      0x164 Drivers\STM32F1xx_HAL_Driver\Src\stm32f1xx_hal_rcc.o
                0x080009c8                HAL_RCC_ClockConfig
 .text.HAL_RCC_GetPCLK1Freq
                0x08000b2c       0x20 Drivers\STM32F1xx_HAL_Driver\Src\stm32f1xx_hal_rcc.o
                0x08000b2c                HAL_RCC_GetPCLK1Freq
 .text.HAL_RCC_GetPCLK2Freq
                0x08000b4c       0x20 Drivers\STM32F1xx_HAL_Driver\Src\stm32f1xx_hal_rcc.o
                0x08000b4c                HAL_RCC_GetPCLK2Freq
 .text.UART_EndRxTransfer
                0x08000b6c       0x1a Drivers\STM32F1xx_HAL_Driver\Src\stm32f1xx_hal_uart.o
 *fill*         0x08000b86        0x2 
 .text.UART_SetConfig
                0x08000b88      0x13c Drivers\STM32F1xx_HAL_Driver\Src\stm32f1xx_hal_uart.o
 .text.UART_WaitOnFlagUntilTimeout.constprop.3
                0x08000cc4       0x50 Drivers\STM32F1xx_HAL_Driver\Src\stm32f1xx_hal_uart.o
 .text.HAL_UART_Init
                0x08000d14       0x5c Drivers\STM32F1xx_HAL_Driver\Src\stm32f1xx_hal_uart.o
                0x08000d14                HAL_UART_Init
 .text.HAL_UART_Transmit
                0x08000d70       0xb8 Drivers\STM32F1xx_HAL_Driver\Src\stm32f1xx_hal_uart.o
                0x08000d70                HAL_UART_Transmit
 .text.HAL_UART_Receive_IT
                0x08000e28       0x4e Drivers\STM32F1xx_HAL_Driver\Src\stm32f1xx_hal_uart.o
                0x08000e28                HAL_UART_Receive_IT
 .text.HAL_UART_TxCpltCallback
                0x08000e76        0x2 Drivers\STM32F1xx_HAL_Driver\Src\stm32f1xx_hal_uart.o
                0x08000e76                HAL_UART_TxCpltCallback
 .text.UART_Receive_IT
                0x08000e78       0x7c Drivers\STM32F1xx_HAL_Driver\Src\stm32f1xx_hal_uart.o
 .text.HAL_UART_ErrorCallback
                0x08000ef4        0x2 Drivers\STM32F1xx_HAL_Driver\Src\stm32f1xx_hal_uart.o
                0x08000ef4                HAL_UART_ErrorCallback
 *fill*         0x08000ef6        0x2 
 .text.HAL_UART_IRQHandler
                0x08000ef8      0x140 Drivers\STM32F1xx_HAL_Driver\Src\stm32f1xx_hal_uart.o
                0x08000ef8                HAL_UART_IRQHandler
 .text.UART_DMAAbortOnError
                0x08001038       0x10 Drivers\STM32F1xx_HAL_Driver\Src\stm32f1xx_hal_uart.o
 .text.HAL_UART_GetState
                0x08001048        0xc Drivers\STM32F1xx_HAL_Driver\Src\stm32f1xx_hal_uart.o
                0x08001048                HAL_UART_GetState
 .text.MX_GPIO_Init
                0x08001054       0x20 Src\gpio.o
                0x08001054                MX_GPIO_Init
 .text.SystemClock_Config
                0x08001074       0x44 Src\main.o
                0x08001074                SystemClock_Config
 .text.startup.main
                0x080010b8       0x28 Src\main.o
                0x080010b8                main
 .text.HAL_UART_RxCpltCallback
                0x080010e0       0x94 Src\main.o
                0x080010e0                HAL_UART_RxCpltCallback
 .text.Error_Handler
                0x08001174        0x2 Src\main.o
                0x08001174                Error_Handler
 *fill*         0x08001176        0x2 
 .text.HAL_MspInit
                0x08001178       0x44 Src\stm32f1xx_hal_msp.o
                0x08001178                HAL_MspInit
 .text.NMI_Handler
                0x080011bc        0x2 Src\stm32f1xx_it.o
                0x080011bc                NMI_Handler
 .text.HardFault_Handler
                0x080011be        0x2 Src\stm32f1xx_it.o
                0x080011be                HardFault_Handler
 .text.MemManage_Handler
                0x080011c0        0x2 Src\stm32f1xx_it.o
                0x080011c0                MemManage_Handler
 .text.BusFault_Handler
                0x080011c2        0x2 Src\stm32f1xx_it.o
                0x080011c2                BusFault_Handler
 .text.UsageFault_Handler
                0x080011c4        0x2 Src\stm32f1xx_it.o
                0x080011c4                UsageFault_Handler
 .text.SVC_Handler
                0x080011c6        0x2 Src\stm32f1xx_it.o
                0x080011c6                SVC_Handler
 .text.DebugMon_Handler
                0x080011c8        0x2 Src\stm32f1xx_it.o
                0x080011c8                DebugMon_Handler
 .text.PendSV_Handler
                0x080011ca        0x2 Src\stm32f1xx_it.o
                0x080011ca                PendSV_Handler
 .text.SysTick_Handler
                0x080011cc        0x4 Src\stm32f1xx_it.o
                0x080011cc                SysTick_Handler
 .text.USART1_IRQHandler
                0x080011d0        0xc Src\stm32f1xx_it.o
                0x080011d0                USART1_IRQHandler
 .text.SystemInit
                0x080011dc       0x4c Src\system_stm32f1xx.o
                0x080011dc                SystemInit
 .text.MX_USART1_UART_Init
                0x08001228       0x38 Src\usart.o
                0x08001228                MX_USART1_UART_Init
 .text.HAL_UART_MspInit
                0x08001260       0x88 Src\usart.o
                0x08001260                HAL_UART_MspInit
 .text.Reset_Handler
                0x080012e8       0x48 startup\startup_stm32f103xe.o
                0x080012e8                Reset_Handler
 .text.Default_Handler
                0x08001330        0x2 startup\startup_stm32f103xe.o
                0x08001330                RTC_Alarm_IRQHandler
                0x08001330                EXTI2_IRQHandler
                0x08001330                TIM8_TRG_COM_IRQHandler
                0x08001330                TIM8_CC_IRQHandler
                0x08001330                TIM1_CC_IRQHandler
                0x08001330                TIM6_IRQHandler
                0x08001330                PVD_IRQHandler
                0x08001330                SDIO_IRQHandler
                0x08001330                EXTI3_IRQHandler
                0x08001330                EXTI0_IRQHandler
                0x08001330                I2C2_EV_IRQHandler
                0x08001330                ADC1_2_IRQHandler
                0x08001330                SPI1_IRQHandler
                0x08001330                TAMPER_IRQHandler
                0x08001330                TIM8_UP_IRQHandler
                0x08001330                DMA2_Channel2_IRQHandler
                0x08001330                DMA1_Channel4_IRQHandler
                0x08001330                USART3_IRQHandler
                0x08001330                RTC_IRQHandler
                0x08001330                DMA1_Channel7_IRQHandler
                0x08001330                CAN1_RX1_IRQHandler
                0x08001330                UART5_IRQHandler
                0x08001330                ADC3_IRQHandler
                0x08001330                TIM4_IRQHandler
                0x08001330                DMA2_Channel1_IRQHandler
                0x08001330                I2C1_EV_IRQHandler
                0x08001330                DMA1_Channel6_IRQHandler
                0x08001330                UART4_IRQHandler
                0x08001330                TIM3_IRQHandler
                0x08001330                RCC_IRQHandler
                0x08001330                TIM1_TRG_COM_IRQHandler
                0x08001330                DMA1_Channel1_IRQHandler
                0x08001330                Default_Handler
                0x08001330                EXTI15_10_IRQHandler
                0x08001330                TIM7_IRQHandler
                0x08001330                TIM5_IRQHandler
                0x08001330                EXTI9_5_IRQHandler
                0x08001330                SPI2_IRQHandler
                0x08001330                DMA1_Channel5_IRQHandler
                0x08001330                EXTI4_IRQHandler
                0x08001330                USB_LP_CAN1_RX0_IRQHandler
                0x08001330                USB_HP_CAN1_TX_IRQHandler
                0x08001330                DMA1_Channel3_IRQHandler
                0x08001330                FSMC_IRQHandler
                0x08001330                TIM1_UP_IRQHandler
                0x08001330                WWDG_IRQHandler
                0x08001330                TIM2_IRQHandler
                0x08001330                TIM1_BRK_IRQHandler
                0x08001330                EXTI1_IRQHandler
                0x08001330                DMA2_Channel4_5_IRQHandler
                0x08001330                USART2_IRQHandler
                0x08001330                I2C2_ER_IRQHandler
                0x08001330                DMA1_Channel2_IRQHandler
                0x08001330                TIM8_BRK_IRQHandler
                0x08001330                CAN1_SCE_IRQHandler
                0x08001330                FLASH_IRQHandler
                0x08001330                SPI3_IRQHandler
                0x08001330                I2C1_ER_IRQHandler
                0x08001330                USBWakeUp_IRQHandler
                0x08001330                DMA2_Channel3_IRQHandler
 *fill*         0x08001332        0x2 
 .text.__libc_init_array
                0x08001334       0x48 d:/truestudio/truestudio for stm32 9.3.0/armtools/bin/../lib/gcc/arm-atollic-eabi/6.3.1/../../../../arm-atollic-eabi/lib/armv7-m\libc_nano.a(lib_a-init.o)
                0x08001334                __libc_init_array
 .text.memset   0x0800137c       0x10 d:/truestudio/truestudio for stm32 9.3.0/armtools/bin/../lib/gcc/arm-atollic-eabi/6.3.1/../../../../arm-atollic-eabi/lib/armv7-m\libc_nano.a(lib_a-memset.o)
                0x0800137c                memset
 *(.glue_7)
 .glue_7        0x0800138c        0x0 linker stubs
 *(.glue_7t)
 .glue_7t       0x0800138c        0x0 linker stubs
 *(.eh_frame)
 .eh_frame      0x0800138c        0x0 d:/truestudio/truestudio for stm32 9.3.0/armtools/bin/../lib/gcc/arm-atollic-eabi/6.3.1/armv7-m/crtbegin.o
 *(.init)
 .init          0x0800138c        0x4 d:/truestudio/truestudio for stm32 9.3.0/armtools/bin/../lib/gcc/arm-atollic-eabi/6.3.1/armv7-m/crti.o
                0x0800138c                _init
 .init          0x08001390        0x8 d:/truestudio/truestudio for stm32 9.3.0/armtools/bin/../lib/gcc/arm-atollic-eabi/6.3.1/armv7-m/crtn.o
 *(.fini)
 .fini          0x08001398        0x4 d:/truestudio/truestudio for stm32 9.3.0/armtools/bin/../lib/gcc/arm-atollic-eabi/6.3.1/armv7-m/crti.o
                0x08001398                _fini
 .fini          0x0800139c        0x8 d:/truestudio/truestudio for stm32 9.3.0/armtools/bin/../lib/gcc/arm-atollic-eabi/6.3.1/armv7-m/crtn.o
                0x080013a4                . = ALIGN (0x4)
                0x080013a4                _etext = .

.vfp11_veneer   0x080013a4        0x0
 .vfp11_veneer  0x080013a4        0x0 linker stubs

.v4_bx          0x080013a4        0x0
 .v4_bx         0x080013a4        0x0 linker stubs

.iplt           0x080013a4        0x0
 .iplt          0x080013a4        0x0 d:/truestudio/truestudio for stm32 9.3.0/armtools/bin/../lib/gcc/arm-atollic-eabi/6.3.1/armv7-m/crtbegin.o

.rodata         0x080013a4       0x34
                0x080013a4                . = ALIGN (0x4)
 *(.rodata)
 .rodata        0x080013a4       0x10 Drivers\STM32F1xx_HAL_Driver\Src\stm32f1xx_hal_rcc.o
 *(.rodata*)
 .rodata.HAL_UART_RxCpltCallback.str1.1
                0x080013b4        0x9 Src\main.o
 .rodata.AHBPrescTable
                0x080013bd       0x10 Src\system_stm32f1xx.o
                0x080013bd                AHBPrescTable
 .rodata.APBPrescTable
                0x080013cd        0x8 Src\system_stm32f1xx.o
                0x080013cd                APBPrescTable
                0x080013d8                . = ALIGN (0x4)
 *fill*         0x080013d5        0x3 

.rel.dyn        0x080013d8        0x0
 .rel.iplt      0x080013d8        0x0 d:/truestudio/truestudio for stm32 9.3.0/armtools/bin/../lib/gcc/arm-atollic-eabi/6.3.1/armv7-m/crtbegin.o

.ARM.extab
 *(.ARM.extab* .gnu.linkonce.armextab.*)

.ARM            0x080013d8        0x0
                0x080013d8                __exidx_start = .
 *(.ARM.exidx*)
                0x080013d8                __exidx_end = .

.preinit_array  0x080013d8        0x0
                0x080013d8                PROVIDE (__preinit_array_start, .)
 *(.preinit_array*)
                0x080013d8                PROVIDE (__preinit_array_end, .)

.init_array     0x080013d8        0x4
                0x080013d8                PROVIDE (__init_array_start, .)
 *(SORT(.init_array.*))
 *(.init_array*)
 .init_array    0x080013d8        0x4 d:/truestudio/truestudio for stm32 9.3.0/armtools/bin/../lib/gcc/arm-atollic-eabi/6.3.1/armv7-m/crtbegin.o
                0x080013dc                PROVIDE (__init_array_end, .)

.fini_array     0x080013dc        0x4
                [!provide]                PROVIDE (__fini_array_start, .)
 *(SORT(.fini_array.*))
 *(.fini_array*)
 .fini_array    0x080013dc        0x4 d:/truestudio/truestudio for stm32 9.3.0/armtools/bin/../lib/gcc/arm-atollic-eabi/6.3.1/armv7-m/crtbegin.o
                [!provide]                PROVIDE (__fini_array_end, .)
                0x080013e0                _sidata = LOADADDR (.data)

.data           0x20000000        0xc load address 0x080013e0
                0x20000000                . = ALIGN (0x4)
                0x20000000                _sdata = .
 *(.data)
 *(.data*)
 .data.uwTickFreq
                0x20000000        0x1 Drivers\STM32F1xx_HAL_Driver\Src\stm32f1xx_hal.o
                0x20000000                uwTickFreq
 *fill*         0x20000001        0x3 
 .data.uwTickPrio
                0x20000004        0x4 Drivers\STM32F1xx_HAL_Driver\Src\stm32f1xx_hal.o
                0x20000004                uwTickPrio
 .data.SystemCoreClock
                0x20000008        0x4 Src\system_stm32f1xx.o
                0x20000008                SystemCoreClock
                0x2000000c                . = ALIGN (0x4)
                0x2000000c                _edata = .

.igot.plt       0x2000000c        0x0 load address 0x080013ec
 .igot.plt      0x2000000c        0x0 d:/truestudio/truestudio for stm32 9.3.0/armtools/bin/../lib/gcc/arm-atollic-eabi/6.3.1/armv7-m/crtbegin.o
                0x2000000c                . = ALIGN (0x4)

.bss            0x2000000c      0x168 load address 0x080013ec
                0x2000000c                _sbss = .
                0x2000000c                __bss_start__ = _sbss
 *(.bss)
 .bss           0x2000000c       0x1c d:/truestudio/truestudio for stm32 9.3.0/armtools/bin/../lib/gcc/arm-atollic-eabi/6.3.1/armv7-m/crtbegin.o
 *(.bss*)
 .bss.UART1_Rx_Cnt
                0x20000028        0x1 Src\main.o
                0x20000028                UART1_Rx_Cnt
 *(COMMON)
 *fill*         0x20000029        0x3 
 COMMON         0x2000002c        0x4 Drivers\STM32F1xx_HAL_Driver\Src\stm32f1xx_hal.o
                0x2000002c                uwTick
 COMMON         0x20000030      0x101 Src\main.o
                0x20000030                RX_BUFFER
                0x20000130                aRX_BUFFER
 *fill*         0x20000131        0x3 
 COMMON         0x20000134       0x40 Src\usart.o
                0x20000134                huart1
                0x20000174                . = ALIGN (0x4)
                0x20000174                _ebss = .
                0x20000174                __bss_end__ = _ebss

._user_heap_stack
                0x20000174      0x600 load address 0x080013ec
                0x20000174                . = ALIGN (0x4)
                0x20000174                PROVIDE (end, .)
                [!provide]                PROVIDE (_end, .)
                0x20000374                . = (. + _Min_Heap_Size)
 *fill*         0x20000174      0x200 
                0x20000774                . = (. + _Min_Stack_Size)
 *fill*         0x20000374      0x400 
                0x20000774                . = ALIGN (0x4)

/DISCARD/
 libc.a(*)
 libm.a(*)
 libgcc.a(*)

.ARM.attributes
                0x00000000       0x29
 *(.ARM.attributes)
 .ARM.attributes
                0x00000000       0x1d d:/truestudio/truestudio for stm32 9.3.0/armtools/bin/../lib/gcc/arm-atollic-eabi/6.3.1/armv7-m/crti.o
 .ARM.attributes
                0x0000001d       0x2d d:/truestudio/truestudio for stm32 9.3.0/armtools/bin/../lib/gcc/arm-atollic-eabi/6.3.1/armv7-m/crtbegin.o
 .ARM.attributes
                0x0000004a       0x33 Drivers\STM32F1xx_HAL_Driver\Src\stm32f1xx_hal.o
 .ARM.attributes
                0x0000007d       0x33 Drivers\STM32F1xx_HAL_Driver\Src\stm32f1xx_hal_cortex.o
 .ARM.attributes
                0x000000b0       0x33 Drivers\STM32F1xx_HAL_Driver\Src\stm32f1xx_hal_dma.o
 .ARM.attributes
                0x000000e3       0x33 Drivers\STM32F1xx_HAL_Driver\Src\stm32f1xx_hal_gpio.o
 .ARM.attributes
                0x00000116       0x33 Drivers\STM32F1xx_HAL_Driver\Src\stm32f1xx_hal_rcc.o
 .ARM.attributes
                0x00000149       0x33 Drivers\STM32F1xx_HAL_Driver\Src\stm32f1xx_hal_uart.o
 .ARM.attributes
                0x0000017c       0x33 Src\gpio.o
 .ARM.attributes
                0x000001af       0x33 Src\main.o
 .ARM.attributes
                0x000001e2       0x33 Src\stm32f1xx_hal_msp.o
 .ARM.attributes
                0x00000215       0x33 Src\stm32f1xx_it.o
 .ARM.attributes
                0x00000248       0x33 Src\system_stm32f1xx.o
 .ARM.attributes
                0x0000027b       0x33 Src\usart.o
 .ARM.attributes
                0x000002ae       0x21 startup\startup_stm32f103xe.o
 .ARM.attributes
                0x000002cf       0x2d d:/truestudio/truestudio for stm32 9.3.0/armtools/bin/../lib/gcc/arm-atollic-eabi/6.3.1/../../../../arm-atollic-eabi/lib/armv7-m\libc_nano.a(lib_a-init.o)
 .ARM.attributes
                0x000002fc       0x2d d:/truestudio/truestudio for stm32 9.3.0/armtools/bin/../lib/gcc/arm-atollic-eabi/6.3.1/../../../../arm-atollic-eabi/lib/armv7-m\libc_nano.a(lib_a-memset.o)
 .ARM.attributes
                0x00000329       0x1d d:/truestudio/truestudio for stm32 9.3.0/armtools/bin/../lib/gcc/arm-atollic-eabi/6.3.1/armv7-m/crtn.o
OUTPUT(USART_test.elf elf32-littlearm)

.debug_info     0x00000000     0xc8ca
 .debug_info    0x00000000     0x102e Drivers\STM32F1xx_HAL_Driver\Src\stm32f1xx_hal.o
 .debug_info    0x0000102e     0x150f Drivers\STM32F1xx_HAL_Driver\Src\stm32f1xx_hal_cortex.o
 .debug_info    0x0000253d     0x1047 Drivers\STM32F1xx_HAL_Driver\Src\stm32f1xx_hal_dma.o
 .debug_info    0x00003584      0xec2 Drivers\STM32F1xx_HAL_Driver\Src\stm32f1xx_hal_gpio.o
 .debug_info    0x00004446     0x123d Drivers\STM32F1xx_HAL_Driver\Src\stm32f1xx_hal_rcc.o
 .debug_info    0x00005683     0x1e46 Drivers\STM32F1xx_HAL_Driver\Src\stm32f1xx_hal_uart.o
 .debug_info    0x000074c9      0xa37 Src\gpio.o
 .debug_info    0x00007f00     0x114d Src\main.o
 .debug_info    0x0000904d      0xad2 Src\stm32f1xx_hal_msp.o
 .debug_info    0x00009b1f      0xe59 Src\stm32f1xx_it.o
 .debug_info    0x0000a978      0xc4d Src\system_stm32f1xx.o
 .debug_info    0x0000b5c5     0x1290 Src\usart.o
 .debug_info    0x0000c855       0x75 startup\startup_stm32f103xe.o

.debug_abbrev   0x00000000     0x1eb5
 .debug_abbrev  0x00000000      0x315 Drivers\STM32F1xx_HAL_Driver\Src\stm32f1xx_hal.o
 .debug_abbrev  0x00000315      0x399 Drivers\STM32F1xx_HAL_Driver\Src\stm32f1xx_hal_cortex.o
 .debug_abbrev  0x000006ae      0x29e Drivers\STM32F1xx_HAL_Driver\Src\stm32f1xx_hal_dma.o
 .debug_abbrev  0x0000094c      0x268 Drivers\STM32F1xx_HAL_Driver\Src\stm32f1xx_hal_gpio.o
 .debug_abbrev  0x00000bb4      0x367 Drivers\STM32F1xx_HAL_Driver\Src\stm32f1xx_hal_rcc.o
 .debug_abbrev  0x00000f1b      0x364 Drivers\STM32F1xx_HAL_Driver\Src\stm32f1xx_hal_uart.o
 .debug_abbrev  0x0000127f      0x1b3 Src\gpio.o
 .debug_abbrev  0x00001432      0x279 Src\main.o
 .debug_abbrev  0x000016ab      0x1bc Src\stm32f1xx_hal_msp.o
 .debug_abbrev  0x00001867      0x206 Src\stm32f1xx_it.o
 .debug_abbrev  0x00001a6d      0x1eb Src\system_stm32f1xx.o
 .debug_abbrev  0x00001c58      0x24b Src\usart.o
 .debug_abbrev  0x00001ea3       0x12 startup\startup_stm32f103xe.o

.debug_loc      0x00000000     0x280a
 .debug_loc     0x00000000      0x11b Drivers\STM32F1xx_HAL_Driver\Src\stm32f1xx_hal.o
 .debug_loc     0x0000011b      0x46b Drivers\STM32F1xx_HAL_Driver\Src\stm32f1xx_hal_cortex.o
 .debug_loc     0x00000586      0x5f2 Drivers\STM32F1xx_HAL_Driver\Src\stm32f1xx_hal_dma.o
 .debug_loc     0x00000b78      0x35f Drivers\STM32F1xx_HAL_Driver\Src\stm32f1xx_hal_gpio.o
 .debug_loc     0x00000ed7      0x4c3 Drivers\STM32F1xx_HAL_Driver\Src\stm32f1xx_hal_rcc.o
 .debug_loc     0x0000139a     0x1311 Drivers\STM32F1xx_HAL_Driver\Src\stm32f1xx_hal_uart.o
 .debug_loc     0x000026ab       0x3a Src\main.o
 .debug_loc     0x000026e5       0xcd Src\system_stm32f1xx.o
 .debug_loc     0x000027b2       0x58 Src\usart.o

.debug_aranges  0x00000000      0x568
 .debug_aranges
                0x00000000       0xc8 Drivers\STM32F1xx_HAL_Driver\Src\stm32f1xx_hal.o
 .debug_aranges
                0x000000c8       0x90 Drivers\STM32F1xx_HAL_Driver\Src\stm32f1xx_hal_cortex.o
 .debug_aranges
                0x00000158       0x78 Drivers\STM32F1xx_HAL_Driver\Src\stm32f1xx_hal_dma.o
 .debug_aranges
                0x000001d0       0x58 Drivers\STM32F1xx_HAL_Driver\Src\stm32f1xx_hal_gpio.o
 .debug_aranges
                0x00000228       0x88 Drivers\STM32F1xx_HAL_Driver\Src\stm32f1xx_hal_rcc.o
 .debug_aranges
                0x000002b0      0x170 Drivers\STM32F1xx_HAL_Driver\Src\stm32f1xx_hal_uart.o
 .debug_aranges
                0x00000420       0x20 Src\gpio.o
 .debug_aranges
                0x00000440       0x38 Src\main.o
 .debug_aranges
                0x00000478       0x20 Src\stm32f1xx_hal_msp.o
 .debug_aranges
                0x00000498       0x50 Src\stm32f1xx_it.o
 .debug_aranges
                0x000004e8       0x28 Src\system_stm32f1xx.o
 .debug_aranges
                0x00000510       0x30 Src\usart.o
 .debug_aranges
                0x00000540       0x28 startup\startup_stm32f103xe.o

.debug_ranges   0x00000000      0x698
 .debug_ranges  0x00000000       0xb8 Drivers\STM32F1xx_HAL_Driver\Src\stm32f1xx_hal.o
 .debug_ranges  0x000000b8      0x128 Drivers\STM32F1xx_HAL_Driver\Src\stm32f1xx_hal_cortex.o
 .debug_ranges  0x000001e0       0xa8 Drivers\STM32F1xx_HAL_Driver\Src\stm32f1xx_hal_dma.o
 .debug_ranges  0x00000288       0x68 Drivers\STM32F1xx_HAL_Driver\Src\stm32f1xx_hal_gpio.o
 .debug_ranges  0x000002f0       0xa0 Drivers\STM32F1xx_HAL_Driver\Src\stm32f1xx_hal_rcc.o
 .debug_ranges  0x00000390      0x190 Drivers\STM32F1xx_HAL_Driver\Src\stm32f1xx_hal_uart.o
 .debug_ranges  0x00000520       0x28 Src\gpio.o
 .debug_ranges  0x00000548       0x28 Src\main.o
 .debug_ranges  0x00000570       0x58 Src\stm32f1xx_hal_msp.o
 .debug_ranges  0x000005c8       0x40 Src\stm32f1xx_it.o
 .debug_ranges  0x00000608       0x18 Src\system_stm32f1xx.o
 .debug_ranges  0x00000620       0x58 Src\usart.o
 .debug_ranges  0x00000678       0x20 startup\startup_stm32f103xe.o

.debug_line     0x00000000     0x3731
 .debug_line    0x00000000      0x42c Drivers\STM32F1xx_HAL_Driver\Src\stm32f1xx_hal.o
 .debug_line    0x0000042c      0x436 Drivers\STM32F1xx_HAL_Driver\Src\stm32f1xx_hal_cortex.o
 .debug_line    0x00000862      0x789 Drivers\STM32F1xx_HAL_Driver\Src\stm32f1xx_hal_dma.o
 .debug_line    0x00000feb      0x44a Drivers\STM32F1xx_HAL_Driver\Src\stm32f1xx_hal_gpio.o
 .debug_line    0x00001435      0x606 Drivers\STM32F1xx_HAL_Driver\Src\stm32f1xx_hal_rcc.o
 .debug_line    0x00001a3b      0xc12 Drivers\STM32F1xx_HAL_Driver\Src\stm32f1xx_hal_uart.o
 .debug_line    0x0000264d      0x23c Src\gpio.o
 .debug_line    0x00002889      0x33b Src\main.o
 .debug_line    0x00002bc4      0x250 Src\stm32f1xx_hal_msp.o
 .debug_line    0x00002e14      0x2e9 Src\stm32f1xx_it.o
 .debug_line    0x000030fd      0x28c Src\system_stm32f1xx.o
 .debug_line    0x00003389      0x32b Src\usart.o
 .debug_line    0x000036b4       0x7d startup\startup_stm32f103xe.o

.debug_str      0x00000000     0x2124
 .debug_str     0x00000000      0xcae Drivers\STM32F1xx_HAL_Driver\Src\stm32f1xx_hal.o
                                0xd4f (size before relaxing)
 .debug_str     0x00000cae      0x2e1 Drivers\STM32F1xx_HAL_Driver\Src\stm32f1xx_hal_cortex.o
                                0xe77 (size before relaxing)
 .debug_str     0x00000f8f      0x3f0 Drivers\STM32F1xx_HAL_Driver\Src\stm32f1xx_hal_dma.o
                                0xaf7 (size before relaxing)
 .debug_str     0x0000137f      0x1d1 Drivers\STM32F1xx_HAL_Driver\Src\stm32f1xx_hal_gpio.o
                                0x900 (size before relaxing)
 .debug_str     0x00001550      0x326 Drivers\STM32F1xx_HAL_Driver\Src\stm32f1xx_hal_rcc.o
                                0xade (size before relaxing)
 .debug_str     0x00001876      0x6e2 Drivers\STM32F1xx_HAL_Driver\Src\stm32f1xx_hal_uart.o
                               0x1048 (size before relaxing)
 .debug_str     0x00001f58       0x1b Src\gpio.o
                                0x6da (size before relaxing)
 .debug_str     0x00001f73       0x67 Src\main.o
                                0xc3f (size before relaxing)
 .debug_str     0x00001fda       0x1b Src\stm32f1xx_hal_msp.o
                                0x714 (size before relaxing)
 .debug_str     0x00001ff5       0xb8 Src\stm32f1xx_it.o
                                0xade (size before relaxing)
 .debug_str     0x000020ad       0x4d Src\system_stm32f1xx.o
                                0x769 (size before relaxing)
 .debug_str     0x000020fa       0x2a Src\usart.o
                                0xf3d (size before relaxing)

.comment        0x00000000       0x7c
 .comment       0x00000000       0x7c Drivers\STM32F1xx_HAL_Driver\Src\stm32f1xx_hal.o
                                 0x7d (size before relaxing)
 .comment       0x0000007c       0x7d Drivers\STM32F1xx_HAL_Driver\Src\stm32f1xx_hal_cortex.o
 .comment       0x0000007c       0x7d Drivers\STM32F1xx_HAL_Driver\Src\stm32f1xx_hal_dma.o
 .comment       0x0000007c       0x7d Drivers\STM32F1xx_HAL_Driver\Src\stm32f1xx_hal_gpio.o
 .comment       0x0000007c       0x7d Drivers\STM32F1xx_HAL_Driver\Src\stm32f1xx_hal_rcc.o
 .comment       0x0000007c       0x7d Drivers\STM32F1xx_HAL_Driver\Src\stm32f1xx_hal_uart.o
 .comment       0x0000007c       0x7d Src\gpio.o
 .comment       0x0000007c       0x7d Src\main.o
 .comment       0x0000007c       0x7d Src\stm32f1xx_hal_msp.o
 .comment       0x0000007c       0x7d Src\stm32f1xx_it.o
 .comment       0x0000007c       0x7d Src\system_stm32f1xx.o
 .comment       0x0000007c       0x7d Src\usart.o

.debug_frame    0x00000000      0xd40
 .debug_frame   0x00000000      0x1b0 Drivers\STM32F1xx_HAL_Driver\Src\stm32f1xx_hal.o
 .debug_frame   0x000001b0      0x120 Drivers\STM32F1xx_HAL_Driver\Src\stm32f1xx_hal_cortex.o
 .debug_frame   0x000002d0      0x144 Drivers\STM32F1xx_HAL_Driver\Src\stm32f1xx_hal_dma.o
 .debug_frame   0x00000414       0xd4 Drivers\STM32F1xx_HAL_Driver\Src\stm32f1xx_hal_gpio.o
 .debug_frame   0x000004e8      0x150 Drivers\STM32F1xx_HAL_Driver\Src\stm32f1xx_hal_rcc.o
 .debug_frame   0x00000638      0x4a0 Drivers\STM32F1xx_HAL_Driver\Src\stm32f1xx_hal_uart.o
 .debug_frame   0x00000ad8       0x28 Src\gpio.o
 .debug_frame   0x00000b00       0x7c Src\main.o
 .debug_frame   0x00000b7c       0x28 Src\stm32f1xx_hal_msp.o
 .debug_frame   0x00000ba4       0xb0 Src\stm32f1xx_it.o
 .debug_frame   0x00000c54       0x30 Src\system_stm32f1xx.o
 .debug_frame   0x00000c84       0x70 Src\usart.o
 .debug_frame   0x00000cf4       0x2c d:/truestudio/truestudio for stm32 9.3.0/armtools/bin/../lib/gcc/arm-atollic-eabi/6.3.1/../../../../arm-atollic-eabi/lib/armv7-m\libc_nano.a(lib_a-init.o)
 .debug_frame   0x00000d20       0x20 d:/truestudio/truestudio for stm32 9.3.0/armtools/bin/../lib/gcc/arm-atollic-eabi/6.3.1/../../../../arm-atollic-eabi/lib/armv7-m\libc_nano.a(lib_a-memset.o)
