Archive member included to satisfy reference by file (symbol)

d:/truestudio/truestudio for stm32 9.3.0/armtools/bin/../lib/gcc/arm-atollic-eabi/6.3.1/../../../../arm-atollic-eabi/lib/armv7-m\libc_nano.a(lib_a-errno.o)
                              Src\syscalls.o (__errno)
d:/truestudio/truestudio for stm32 9.3.0/armtools/bin/../lib/gcc/arm-atollic-eabi/6.3.1/../../../../arm-atollic-eabi/lib/armv7-m\libc_nano.a(lib_a-impure.o)
                              d:/truestudio/truestudio for stm32 9.3.0/armtools/bin/../lib/gcc/arm-atollic-eabi/6.3.1/../../../../arm-atollic-eabi/lib/armv7-m\libc_nano.a(lib_a-errno.o) (_impure_ptr)
d:/truestudio/truestudio for stm32 9.3.0/armtools/bin/../lib/gcc/arm-atollic-eabi/6.3.1/../../../../arm-atollic-eabi/lib/armv7-m\libc_nano.a(lib_a-init.o)
                              startup\startup_stm32f103xe.o (__libc_init_array)
d:/truestudio/truestudio for stm32 9.3.0/armtools/bin/../lib/gcc/arm-atollic-eabi/6.3.1/../../../../arm-atollic-eabi/lib/armv7-m\libc_nano.a(lib_a-memset.o)
                              Drivers\STM32F1xx_HAL_Driver\Src\stm32f1xx_hal_rcc.o (memset)
d:/truestudio/truestudio for stm32 9.3.0/armtools/bin/../lib/gcc/arm-atollic-eabi/6.3.1/armv7-m\libgcc.a(_lshrdi3.o)
                              Drivers\STM32F1xx_HAL_Driver\Src\stm32f1xx_hal_flash.o (__aeabi_llsr)
d:/truestudio/truestudio for stm32 9.3.0/armtools/bin/../lib/gcc/arm-atollic-eabi/6.3.1/armv7-m\libgcc.a(_arm_addsubsf3.o)
                              USER\OLED\oleds.o (__aeabi_fsub)
d:/truestudio/truestudio for stm32 9.3.0/armtools/bin/../lib/gcc/arm-atollic-eabi/6.3.1/armv7-m\libgcc.a(_arm_muldivsf3.o)
                              USER\OLED\oleds.o (__aeabi_fmul)
d:/truestudio/truestudio for stm32 9.3.0/armtools/bin/../lib/gcc/arm-atollic-eabi/6.3.1/armv7-m\libgcc.a(_arm_fixunssfsi.o)
                              USER\OLED\oleds.o (__aeabi_f2uiz)

Allocating common symbols
Common symbol       size              file

hi2c1               0x54              Src\i2c.o
uwTick              0x4               Drivers\STM32F1xx_HAL_Driver\Src\stm32f1xx_hal.o
temp                0x2               Src\main.o
pFlash              0x20              Drivers\STM32F1xx_HAL_Driver\Src\stm32f1xx_hal_flash.o
ADC_Value           0x2               Src\main.o
hadc1               0x30              Src\adc.o
hdac                0x14              Src\dac.o
VOL_Value           0x4               Src\main.o

Discarded input sections

 .text          0x00000000        0x0 d:/truestudio/truestudio for stm32 9.3.0/armtools/bin/../lib/gcc/arm-atollic-eabi/6.3.1/armv7-m/crti.o
 .data          0x00000000        0x0 d:/truestudio/truestudio for stm32 9.3.0/armtools/bin/../lib/gcc/arm-atollic-eabi/6.3.1/armv7-m/crti.o
 .bss           0x00000000        0x0 d:/truestudio/truestudio for stm32 9.3.0/armtools/bin/../lib/gcc/arm-atollic-eabi/6.3.1/armv7-m/crti.o
 .data          0x00000000        0x4 d:/truestudio/truestudio for stm32 9.3.0/armtools/bin/../lib/gcc/arm-atollic-eabi/6.3.1/armv7-m/crtbegin.o
 .text          0x00000000        0x0 Drivers\STM32F1xx_HAL_Driver\Src\stm32f1xx_hal.o
 .data          0x00000000        0x0 Drivers\STM32F1xx_HAL_Driver\Src\stm32f1xx_hal.o
 .bss           0x00000000        0x0 Drivers\STM32F1xx_HAL_Driver\Src\stm32f1xx_hal.o
 .text.HAL_MspInit
                0x00000000        0x2 Drivers\STM32F1xx_HAL_Driver\Src\stm32f1xx_hal.o
 .text.HAL_MspDeInit
                0x00000000        0x2 Drivers\STM32F1xx_HAL_Driver\Src\stm32f1xx_hal.o
 .text.HAL_DeInit
                0x00000000       0x20 Drivers\STM32F1xx_HAL_Driver\Src\stm32f1xx_hal.o
 .text.HAL_GetTickPrio
                0x00000000        0xc Drivers\STM32F1xx_HAL_Driver\Src\stm32f1xx_hal.o
 .text.HAL_SetTickFreq
                0x00000000       0x24 Drivers\STM32F1xx_HAL_Driver\Src\stm32f1xx_hal.o
 .text.HAL_GetTickFreq
                0x00000000        0xc Drivers\STM32F1xx_HAL_Driver\Src\stm32f1xx_hal.o
 .text.HAL_SuspendTick
                0x00000000       0x10 Drivers\STM32F1xx_HAL_Driver\Src\stm32f1xx_hal.o
 .text.HAL_ResumeTick
                0x00000000       0x10 Drivers\STM32F1xx_HAL_Driver\Src\stm32f1xx_hal.o
 .text.HAL_GetHalVersion
                0x00000000        0x8 Drivers\STM32F1xx_HAL_Driver\Src\stm32f1xx_hal.o
 .text.HAL_GetREVID
                0x00000000        0xc Drivers\STM32F1xx_HAL_Driver\Src\stm32f1xx_hal.o
 .text.HAL_GetDEVID
                0x00000000       0x10 Drivers\STM32F1xx_HAL_Driver\Src\stm32f1xx_hal.o
 .text.HAL_DBGMCU_EnableDBGSleepMode
                0x00000000       0x10 Drivers\STM32F1xx_HAL_Driver\Src\stm32f1xx_hal.o
 .text.HAL_DBGMCU_DisableDBGSleepMode
                0x00000000       0x10 Drivers\STM32F1xx_HAL_Driver\Src\stm32f1xx_hal.o
 .text.HAL_DBGMCU_EnableDBGStopMode
                0x00000000       0x10 Drivers\STM32F1xx_HAL_Driver\Src\stm32f1xx_hal.o
 .text.HAL_DBGMCU_DisableDBGStopMode
                0x00000000       0x10 Drivers\STM32F1xx_HAL_Driver\Src\stm32f1xx_hal.o
 .text.HAL_DBGMCU_EnableDBGStandbyMode
                0x00000000       0x10 Drivers\STM32F1xx_HAL_Driver\Src\stm32f1xx_hal.o
 .text.HAL_DBGMCU_DisableDBGStandbyMode
                0x00000000       0x10 Drivers\STM32F1xx_HAL_Driver\Src\stm32f1xx_hal.o
 .text.HAL_GetUID
                0x00000000       0x20 Drivers\STM32F1xx_HAL_Driver\Src\stm32f1xx_hal.o
 .text          0x00000000        0x0 Drivers\STM32F1xx_HAL_Driver\Src\stm32f1xx_hal_adc.o
 .data          0x00000000        0x0 Drivers\STM32F1xx_HAL_Driver\Src\stm32f1xx_hal_adc.o
 .bss           0x00000000        0x0 Drivers\STM32F1xx_HAL_Driver\Src\stm32f1xx_hal_adc.o
 .text.HAL_ADC_MspInit
                0x00000000        0x2 Drivers\STM32F1xx_HAL_Driver\Src\stm32f1xx_hal_adc.o
 .text.HAL_ADC_MspDeInit
                0x00000000        0x2 Drivers\STM32F1xx_HAL_Driver\Src\stm32f1xx_hal_adc.o
 .text.HAL_ADC_PollForEvent
                0x00000000       0x4e Drivers\STM32F1xx_HAL_Driver\Src\stm32f1xx_hal_adc.o
 .text.HAL_ADC_ConvCpltCallback
                0x00000000        0x2 Drivers\STM32F1xx_HAL_Driver\Src\stm32f1xx_hal_adc.o
 .text.ADC_DMAConvCplt
                0x00000000       0x4e Drivers\STM32F1xx_HAL_Driver\Src\stm32f1xx_hal_adc.o
 .text.HAL_ADC_ConvHalfCpltCallback
                0x00000000        0x2 Drivers\STM32F1xx_HAL_Driver\Src\stm32f1xx_hal_adc.o
 .text.ADC_DMAHalfConvCplt
                0x00000000        0xa Drivers\STM32F1xx_HAL_Driver\Src\stm32f1xx_hal_adc.o
 .text.HAL_ADC_LevelOutOfWindowCallback
                0x00000000        0x2 Drivers\STM32F1xx_HAL_Driver\Src\stm32f1xx_hal_adc.o
 .text.HAL_ADC_IRQHandler
                0x00000000       0xec Drivers\STM32F1xx_HAL_Driver\Src\stm32f1xx_hal_adc.o
 .text.HAL_ADC_ErrorCallback
                0x00000000        0x2 Drivers\STM32F1xx_HAL_Driver\Src\stm32f1xx_hal_adc.o
 .text.ADC_DMAError
                0x00000000       0x1a Drivers\STM32F1xx_HAL_Driver\Src\stm32f1xx_hal_adc.o
 .text.HAL_ADC_AnalogWDGConfig
                0x00000000       0x50 Drivers\STM32F1xx_HAL_Driver\Src\stm32f1xx_hal_adc.o
 .text.HAL_ADC_GetError
                0x00000000        0x4 Drivers\STM32F1xx_HAL_Driver\Src\stm32f1xx_hal_adc.o
 .text.HAL_ADC_Start_IT
                0x00000000       0xcc Drivers\STM32F1xx_HAL_Driver\Src\stm32f1xx_hal_adc.o
 .text.HAL_ADC_Start_DMA
                0x00000000      0x11c Drivers\STM32F1xx_HAL_Driver\Src\stm32f1xx_hal_adc.o
 .text.HAL_ADC_DeInit
                0x00000000       0xc0 Drivers\STM32F1xx_HAL_Driver\Src\stm32f1xx_hal_adc.o
 .text.HAL_ADC_Stop
                0x00000000       0x34 Drivers\STM32F1xx_HAL_Driver\Src\stm32f1xx_hal_adc.o
 .text.HAL_ADC_Stop_IT
                0x00000000       0x3e Drivers\STM32F1xx_HAL_Driver\Src\stm32f1xx_hal_adc.o
 .text.HAL_ADC_Stop_DMA
                0x00000000       0x4c Drivers\STM32F1xx_HAL_Driver\Src\stm32f1xx_hal_adc.o
 .text          0x00000000        0x0 Drivers\STM32F1xx_HAL_Driver\Src\stm32f1xx_hal_adc_ex.o
 .data          0x00000000        0x0 Drivers\STM32F1xx_HAL_Driver\Src\stm32f1xx_hal_adc_ex.o
 .bss           0x00000000        0x0 Drivers\STM32F1xx_HAL_Driver\Src\stm32f1xx_hal_adc_ex.o
 .text.HAL_ADCEx_InjectedStart
                0x00000000       0xac Drivers\STM32F1xx_HAL_Driver\Src\stm32f1xx_hal_adc_ex.o
 .text.HAL_ADCEx_InjectedStop
                0x00000000       0x4e Drivers\STM32F1xx_HAL_Driver\Src\stm32f1xx_hal_adc_ex.o
 .text.HAL_ADCEx_InjectedPollForConversion
                0x00000000      0x138 Drivers\STM32F1xx_HAL_Driver\Src\stm32f1xx_hal_adc_ex.o
 .text.HAL_ADCEx_InjectedStart_IT
                0x00000000       0xb4 Drivers\STM32F1xx_HAL_Driver\Src\stm32f1xx_hal_adc_ex.o
 .text.HAL_ADCEx_InjectedStop_IT
                0x00000000       0x58 Drivers\STM32F1xx_HAL_Driver\Src\stm32f1xx_hal_adc_ex.o
 .text.HAL_ADCEx_MultiModeStart_DMA
                0x00000000       0xdc Drivers\STM32F1xx_HAL_Driver\Src\stm32f1xx_hal_adc_ex.o
 .text.HAL_ADCEx_MultiModeStop_DMA
                0x00000000       0x78 Drivers\STM32F1xx_HAL_Driver\Src\stm32f1xx_hal_adc_ex.o
 .text.HAL_ADCEx_InjectedGetValue
                0x00000000       0x1e Drivers\STM32F1xx_HAL_Driver\Src\stm32f1xx_hal_adc_ex.o
 .text.HAL_ADCEx_MultiModeGetValue
                0x00000000       0x20 Drivers\STM32F1xx_HAL_Driver\Src\stm32f1xx_hal_adc_ex.o
 .text.HAL_ADCEx_InjectedConvCpltCallback
                0x00000000        0x2 Drivers\STM32F1xx_HAL_Driver\Src\stm32f1xx_hal_adc_ex.o
 .text.HAL_ADCEx_InjectedConfigChannel
                0x00000000      0x1ec Drivers\STM32F1xx_HAL_Driver\Src\stm32f1xx_hal_adc_ex.o
 .text.HAL_ADCEx_MultiModeConfigChannel
                0x00000000       0x58 Drivers\STM32F1xx_HAL_Driver\Src\stm32f1xx_hal_adc_ex.o
 .text          0x00000000        0x0 Drivers\STM32F1xx_HAL_Driver\Src\stm32f1xx_hal_cortex.o
 .data          0x00000000        0x0 Drivers\STM32F1xx_HAL_Driver\Src\stm32f1xx_hal_cortex.o
 .bss           0x00000000        0x0 Drivers\STM32F1xx_HAL_Driver\Src\stm32f1xx_hal_cortex.o
 .text.HAL_NVIC_EnableIRQ
                0x00000000       0x18 Drivers\STM32F1xx_HAL_Driver\Src\stm32f1xx_hal_cortex.o
 .text.HAL_NVIC_DisableIRQ
                0x00000000       0x1c Drivers\STM32F1xx_HAL_Driver\Src\stm32f1xx_hal_cortex.o
 .text.HAL_NVIC_SystemReset
                0x00000000       0x24 Drivers\STM32F1xx_HAL_Driver\Src\stm32f1xx_hal_cortex.o
 .text.HAL_NVIC_GetPriorityGrouping
                0x00000000       0x10 Drivers\STM32F1xx_HAL_Driver\Src\stm32f1xx_hal_cortex.o
 .text.HAL_NVIC_GetPriority
                0x00000000       0x5c Drivers\STM32F1xx_HAL_Driver\Src\stm32f1xx_hal_cortex.o
 .text.HAL_NVIC_SetPendingIRQ
                0x00000000       0x1c Drivers\STM32F1xx_HAL_Driver\Src\stm32f1xx_hal_cortex.o
 .text.HAL_NVIC_GetPendingIRQ
                0x00000000       0x1c Drivers\STM32F1xx_HAL_Driver\Src\stm32f1xx_hal_cortex.o
 .text.HAL_NVIC_ClearPendingIRQ
                0x00000000       0x1c Drivers\STM32F1xx_HAL_Driver\Src\stm32f1xx_hal_cortex.o
 .text.HAL_NVIC_GetActive
                0x00000000       0x1c Drivers\STM32F1xx_HAL_Driver\Src\stm32f1xx_hal_cortex.o
 .text.HAL_SYSTICK_CLKSourceConfig
                0x00000000       0x18 Drivers\STM32F1xx_HAL_Driver\Src\stm32f1xx_hal_cortex.o
 .text.HAL_SYSTICK_Callback
                0x00000000        0x2 Drivers\STM32F1xx_HAL_Driver\Src\stm32f1xx_hal_cortex.o
 .text.HAL_SYSTICK_IRQHandler
                0x00000000        0x8 Drivers\STM32F1xx_HAL_Driver\Src\stm32f1xx_hal_cortex.o
 .text          0x00000000        0x0 Drivers\STM32F1xx_HAL_Driver\Src\stm32f1xx_hal_dac.o
 .data          0x00000000        0x0 Drivers\STM32F1xx_HAL_Driver\Src\stm32f1xx_hal_dac.o
 .bss           0x00000000        0x0 Drivers\STM32F1xx_HAL_Driver\Src\stm32f1xx_hal_dac.o
 .text.HAL_DAC_MspInit
                0x00000000        0x2 Drivers\STM32F1xx_HAL_Driver\Src\stm32f1xx_hal_dac.o
 .text.HAL_DAC_MspDeInit
                0x00000000        0x2 Drivers\STM32F1xx_HAL_Driver\Src\stm32f1xx_hal_dac.o
 .text.HAL_DAC_DeInit
                0x00000000       0x1c Drivers\STM32F1xx_HAL_Driver\Src\stm32f1xx_hal_dac.o
 .text.HAL_DAC_Stop
                0x00000000       0x18 Drivers\STM32F1xx_HAL_Driver\Src\stm32f1xx_hal_dac.o
 .text.HAL_DAC_Start_DMA
                0x00000000       0xac Drivers\STM32F1xx_HAL_Driver\Src\stm32f1xx_hal_dac.o
 .text.HAL_DAC_Stop_DMA
                0x00000000       0x38 Drivers\STM32F1xx_HAL_Driver\Src\stm32f1xx_hal_dac.o
 .text.HAL_DAC_GetValue
                0x00000000        0xc Drivers\STM32F1xx_HAL_Driver\Src\stm32f1xx_hal_dac.o
 .text.HAL_DAC_ConvCpltCallbackCh1
                0x00000000        0x2 Drivers\STM32F1xx_HAL_Driver\Src\stm32f1xx_hal_dac.o
 .text.DAC_DMAConvCpltCh1
                0x00000000       0x10 Drivers\STM32F1xx_HAL_Driver\Src\stm32f1xx_hal_dac.o
 .text.HAL_DAC_ConvHalfCpltCallbackCh1
                0x00000000        0x2 Drivers\STM32F1xx_HAL_Driver\Src\stm32f1xx_hal_dac.o
 .text.DAC_DMAHalfConvCpltCh1
                0x00000000        0xa Drivers\STM32F1xx_HAL_Driver\Src\stm32f1xx_hal_dac.o
 .text.HAL_DAC_ErrorCallbackCh1
                0x00000000        0x2 Drivers\STM32F1xx_HAL_Driver\Src\stm32f1xx_hal_dac.o
 .text.DAC_DMAErrorCh1
                0x00000000       0x18 Drivers\STM32F1xx_HAL_Driver\Src\stm32f1xx_hal_dac.o
 .text.HAL_DAC_GetState
                0x00000000        0x4 Drivers\STM32F1xx_HAL_Driver\Src\stm32f1xx_hal_dac.o
 .text.HAL_DAC_GetError
                0x00000000        0x4 Drivers\STM32F1xx_HAL_Driver\Src\stm32f1xx_hal_dac.o
 .text          0x00000000        0x0 Drivers\STM32F1xx_HAL_Driver\Src\stm32f1xx_hal_dac_ex.o
 .data          0x00000000        0x0 Drivers\STM32F1xx_HAL_Driver\Src\stm32f1xx_hal_dac_ex.o
 .bss           0x00000000        0x0 Drivers\STM32F1xx_HAL_Driver\Src\stm32f1xx_hal_dac_ex.o
 .text.HAL_DACEx_DualGetValue
                0x00000000        0xc Drivers\STM32F1xx_HAL_Driver\Src\stm32f1xx_hal_dac_ex.o
 .text.HAL_DACEx_TriangleWaveGenerate
                0x00000000       0x34 Drivers\STM32F1xx_HAL_Driver\Src\stm32f1xx_hal_dac_ex.o
 .text.HAL_DACEx_NoiseWaveGenerate
                0x00000000       0x34 Drivers\STM32F1xx_HAL_Driver\Src\stm32f1xx_hal_dac_ex.o
 .text.HAL_DACEx_DualSetValue
                0x00000000       0x16 Drivers\STM32F1xx_HAL_Driver\Src\stm32f1xx_hal_dac_ex.o
 .text.HAL_DACEx_ConvCpltCallbackCh2
                0x00000000        0x2 Drivers\STM32F1xx_HAL_Driver\Src\stm32f1xx_hal_dac_ex.o
 .text.HAL_DACEx_ConvHalfCpltCallbackCh2
                0x00000000        0x2 Drivers\STM32F1xx_HAL_Driver\Src\stm32f1xx_hal_dac_ex.o
 .text.HAL_DACEx_ErrorCallbackCh2
                0x00000000        0x2 Drivers\STM32F1xx_HAL_Driver\Src\stm32f1xx_hal_dac_ex.o
 .text.DAC_DMAConvCpltCh2
                0x00000000       0x10 Drivers\STM32F1xx_HAL_Driver\Src\stm32f1xx_hal_dac_ex.o
 .text.DAC_DMAHalfConvCpltCh2
                0x00000000        0xa Drivers\STM32F1xx_HAL_Driver\Src\stm32f1xx_hal_dac_ex.o
 .text.DAC_DMAErrorCh2
                0x00000000       0x18 Drivers\STM32F1xx_HAL_Driver\Src\stm32f1xx_hal_dac_ex.o
 .debug_info    0x00000000      0xf77 Drivers\STM32F1xx_HAL_Driver\Src\stm32f1xx_hal_dac_ex.o
 .debug_abbrev  0x00000000      0x290 Drivers\STM32F1xx_HAL_Driver\Src\stm32f1xx_hal_dac_ex.o
 .debug_loc     0x00000000      0x266 Drivers\STM32F1xx_HAL_Driver\Src\stm32f1xx_hal_dac_ex.o
 .debug_aranges
                0x00000000       0x58 Drivers\STM32F1xx_HAL_Driver\Src\stm32f1xx_hal_dac_ex.o
 .debug_ranges  0x00000000       0x48 Drivers\STM32F1xx_HAL_Driver\Src\stm32f1xx_hal_dac_ex.o
 .debug_line    0x00000000      0x38f Drivers\STM32F1xx_HAL_Driver\Src\stm32f1xx_hal_dac_ex.o
 .debug_str     0x00000000      0xafd Drivers\STM32F1xx_HAL_Driver\Src\stm32f1xx_hal_dac_ex.o
 .comment       0x00000000       0x7d Drivers\STM32F1xx_HAL_Driver\Src\stm32f1xx_hal_dac_ex.o
 .debug_frame   0x00000000       0xe0 Drivers\STM32F1xx_HAL_Driver\Src\stm32f1xx_hal_dac_ex.o
 .ARM.attributes
                0x00000000       0x33 Drivers\STM32F1xx_HAL_Driver\Src\stm32f1xx_hal_dac_ex.o
 .text          0x00000000        0x0 Drivers\STM32F1xx_HAL_Driver\Src\stm32f1xx_hal_dma.o
 .data          0x00000000        0x0 Drivers\STM32F1xx_HAL_Driver\Src\stm32f1xx_hal_dma.o
 .bss           0x00000000        0x0 Drivers\STM32F1xx_HAL_Driver\Src\stm32f1xx_hal_dma.o
 .text.HAL_DMA_Init
                0x00000000       0x80 Drivers\STM32F1xx_HAL_Driver\Src\stm32f1xx_hal_dma.o
 .text.HAL_DMA_DeInit
                0x00000000       0x7c Drivers\STM32F1xx_HAL_Driver\Src\stm32f1xx_hal_dma.o
 .text.HAL_DMA_Start
                0x00000000       0x5c Drivers\STM32F1xx_HAL_Driver\Src\stm32f1xx_hal_dma.o
 .text.HAL_DMA_Start_IT
                0x00000000       0x7a Drivers\STM32F1xx_HAL_Driver\Src\stm32f1xx_hal_dma.o
 .text.HAL_DMA_Abort
                0x00000000       0x2c Drivers\STM32F1xx_HAL_Driver\Src\stm32f1xx_hal_dma.o
 .text.HAL_DMA_Abort_IT
                0x00000000       0xdc Drivers\STM32F1xx_HAL_Driver\Src\stm32f1xx_hal_dma.o
 .text.HAL_DMA_PollForTransfer
                0x00000000      0x364 Drivers\STM32F1xx_HAL_Driver\Src\stm32f1xx_hal_dma.o
 .text.HAL_DMA_IRQHandler
                0x00000000      0x1b8 Drivers\STM32F1xx_HAL_Driver\Src\stm32f1xx_hal_dma.o
 .text.HAL_DMA_RegisterCallback
                0x00000000       0x46 Drivers\STM32F1xx_HAL_Driver\Src\stm32f1xx_hal_dma.o
 .text.HAL_DMA_UnRegisterCallback
                0x00000000       0x4e Drivers\STM32F1xx_HAL_Driver\Src\stm32f1xx_hal_dma.o
 .text.HAL_DMA_GetState
                0x00000000        0x6 Drivers\STM32F1xx_HAL_Driver\Src\stm32f1xx_hal_dma.o
 .text.HAL_DMA_GetError
                0x00000000        0x4 Drivers\STM32F1xx_HAL_Driver\Src\stm32f1xx_hal_dma.o
 .debug_info    0x00000000     0x1047 Drivers\STM32F1xx_HAL_Driver\Src\stm32f1xx_hal_dma.o
 .debug_abbrev  0x00000000      0x29e Drivers\STM32F1xx_HAL_Driver\Src\stm32f1xx_hal_dma.o
 .debug_loc     0x00000000      0x5f2 Drivers\STM32F1xx_HAL_Driver\Src\stm32f1xx_hal_dma.o
 .debug_aranges
                0x00000000       0x78 Drivers\STM32F1xx_HAL_Driver\Src\stm32f1xx_hal_dma.o
 .debug_ranges  0x00000000       0xa8 Drivers\STM32F1xx_HAL_Driver\Src\stm32f1xx_hal_dma.o
 .debug_line    0x00000000      0x789 Drivers\STM32F1xx_HAL_Driver\Src\stm32f1xx_hal_dma.o
 .debug_str     0x00000000      0xaf5 Drivers\STM32F1xx_HAL_Driver\Src\stm32f1xx_hal_dma.o
 .comment       0x00000000       0x7d Drivers\STM32F1xx_HAL_Driver\Src\stm32f1xx_hal_dma.o
 .debug_frame   0x00000000      0x144 Drivers\STM32F1xx_HAL_Driver\Src\stm32f1xx_hal_dma.o
 .ARM.attributes
                0x00000000       0x33 Drivers\STM32F1xx_HAL_Driver\Src\stm32f1xx_hal_dma.o
 .text          0x00000000        0x0 Drivers\STM32F1xx_HAL_Driver\Src\stm32f1xx_hal_flash.o
 .data          0x00000000        0x0 Drivers\STM32F1xx_HAL_Driver\Src\stm32f1xx_hal_flash.o
 .bss           0x00000000        0x0 Drivers\STM32F1xx_HAL_Driver\Src\stm32f1xx_hal_flash.o
 .text.FLASH_SetErrorCode
                0x00000000       0x50 Drivers\STM32F1xx_HAL_Driver\Src\stm32f1xx_hal_flash.o
 .text.HAL_FLASH_Program_IT
                0x00000000       0x5c Drivers\STM32F1xx_HAL_Driver\Src\stm32f1xx_hal_flash.o
 .text.HAL_FLASH_EndOfOperationCallback
                0x00000000        0x2 Drivers\STM32F1xx_HAL_Driver\Src\stm32f1xx_hal_flash.o
 .text.HAL_FLASH_OperationErrorCallback
                0x00000000        0x2 Drivers\STM32F1xx_HAL_Driver\Src\stm32f1xx_hal_flash.o
 .text.HAL_FLASH_IRQHandler
                0x00000000      0x114 Drivers\STM32F1xx_HAL_Driver\Src\stm32f1xx_hal_flash.o
 .text.HAL_FLASH_Unlock
                0x00000000       0x24 Drivers\STM32F1xx_HAL_Driver\Src\stm32f1xx_hal_flash.o
 .text.HAL_FLASH_Lock
                0x00000000       0x14 Drivers\STM32F1xx_HAL_Driver\Src\stm32f1xx_hal_flash.o
 .text.HAL_FLASH_OB_Unlock
                0x00000000       0x24 Drivers\STM32F1xx_HAL_Driver\Src\stm32f1xx_hal_flash.o
 .text.HAL_FLASH_OB_Lock
                0x00000000       0x14 Drivers\STM32F1xx_HAL_Driver\Src\stm32f1xx_hal_flash.o
 .text.HAL_FLASH_OB_Launch
                0x00000000        0x4 Drivers\STM32F1xx_HAL_Driver\Src\stm32f1xx_hal_flash.o
 .text.HAL_FLASH_GetError
                0x00000000        0xc Drivers\STM32F1xx_HAL_Driver\Src\stm32f1xx_hal_flash.o
 .text.FLASH_WaitForLastOperation
                0x00000000       0x54 Drivers\STM32F1xx_HAL_Driver\Src\stm32f1xx_hal_flash.o
 .text.HAL_FLASH_Program
                0x00000000       0x8c Drivers\STM32F1xx_HAL_Driver\Src\stm32f1xx_hal_flash.o
 .debug_info    0x00000000      0xeeb Drivers\STM32F1xx_HAL_Driver\Src\stm32f1xx_hal_flash.o
 .debug_abbrev  0x00000000      0x373 Drivers\STM32F1xx_HAL_Driver\Src\stm32f1xx_hal_flash.o
 .debug_loc     0x00000000      0x334 Drivers\STM32F1xx_HAL_Driver\Src\stm32f1xx_hal_flash.o
 .debug_aranges
                0x00000000       0x78 Drivers\STM32F1xx_HAL_Driver\Src\stm32f1xx_hal_flash.o
 .debug_ranges  0x00000000       0xb8 Drivers\STM32F1xx_HAL_Driver\Src\stm32f1xx_hal_flash.o
 .debug_line    0x00000000      0x4eb Drivers\STM32F1xx_HAL_Driver\Src\stm32f1xx_hal_flash.o
 .debug_str     0x00000000      0xa15 Drivers\STM32F1xx_HAL_Driver\Src\stm32f1xx_hal_flash.o
 .comment       0x00000000       0x7d Drivers\STM32F1xx_HAL_Driver\Src\stm32f1xx_hal_flash.o
 .debug_frame   0x00000000      0x120 Drivers\STM32F1xx_HAL_Driver\Src\stm32f1xx_hal_flash.o
 .ARM.attributes
                0x00000000       0x33 Drivers\STM32F1xx_HAL_Driver\Src\stm32f1xx_hal_flash.o
 COMMON         0x00000000       0x20 Drivers\STM32F1xx_HAL_Driver\Src\stm32f1xx_hal_flash.o
 .text          0x00000000        0x0 Drivers\STM32F1xx_HAL_Driver\Src\stm32f1xx_hal_flash_ex.o
 .data          0x00000000        0x0 Drivers\STM32F1xx_HAL_Driver\Src\stm32f1xx_hal_flash_ex.o
 .bss           0x00000000        0x0 Drivers\STM32F1xx_HAL_Driver\Src\stm32f1xx_hal_flash_ex.o
 .text.FLASH_MassErase.isra.0
                0x00000000       0x24 Drivers\STM32F1xx_HAL_Driver\Src\stm32f1xx_hal_flash_ex.o
 .text.FLASH_OB_RDP_LevelConfig
                0x00000000       0x64 Drivers\STM32F1xx_HAL_Driver\Src\stm32f1xx_hal_flash_ex.o
 .text.HAL_FLASHEx_OBErase
                0x00000000       0x54 Drivers\STM32F1xx_HAL_Driver\Src\stm32f1xx_hal_flash_ex.o
 .text.HAL_FLASHEx_OBProgram
                0x00000000      0x1fc Drivers\STM32F1xx_HAL_Driver\Src\stm32f1xx_hal_flash_ex.o
 .text.HAL_FLASHEx_OBGetConfig
                0x00000000       0x28 Drivers\STM32F1xx_HAL_Driver\Src\stm32f1xx_hal_flash_ex.o
 .text.HAL_FLASHEx_OBGetUserData
                0x00000000       0x1c Drivers\STM32F1xx_HAL_Driver\Src\stm32f1xx_hal_flash_ex.o
 .text.FLASH_PageErase
                0x00000000       0x24 Drivers\STM32F1xx_HAL_Driver\Src\stm32f1xx_hal_flash_ex.o
 .text.HAL_FLASHEx_Erase
                0x00000000       0x9c Drivers\STM32F1xx_HAL_Driver\Src\stm32f1xx_hal_flash_ex.o
 .text.HAL_FLASHEx_Erase_IT
                0x00000000       0x50 Drivers\STM32F1xx_HAL_Driver\Src\stm32f1xx_hal_flash_ex.o
 .debug_info    0x00000000     0x13ac Drivers\STM32F1xx_HAL_Driver\Src\stm32f1xx_hal_flash_ex.o
 .debug_abbrev  0x00000000      0x35a Drivers\STM32F1xx_HAL_Driver\Src\stm32f1xx_hal_flash_ex.o
 .debug_loc     0x00000000      0x6d0 Drivers\STM32F1xx_HAL_Driver\Src\stm32f1xx_hal_flash_ex.o
 .debug_aranges
                0x00000000       0x60 Drivers\STM32F1xx_HAL_Driver\Src\stm32f1xx_hal_flash_ex.o
 .debug_ranges  0x00000000       0xe0 Drivers\STM32F1xx_HAL_Driver\Src\stm32f1xx_hal_flash_ex.o
 .debug_line    0x00000000      0x51e Drivers\STM32F1xx_HAL_Driver\Src\stm32f1xx_hal_flash_ex.o
 .debug_str     0x00000000      0xb2b Drivers\STM32F1xx_HAL_Driver\Src\stm32f1xx_hal_flash_ex.o
 .comment       0x00000000       0x7d Drivers\STM32F1xx_HAL_Driver\Src\stm32f1xx_hal_flash_ex.o
 .debug_frame   0x00000000       0xf0 Drivers\STM32F1xx_HAL_Driver\Src\stm32f1xx_hal_flash_ex.o
 .ARM.attributes
                0x00000000       0x33 Drivers\STM32F1xx_HAL_Driver\Src\stm32f1xx_hal_flash_ex.o
 .text          0x00000000        0x0 Drivers\STM32F1xx_HAL_Driver\Src\stm32f1xx_hal_gpio.o
 .data          0x00000000        0x0 Drivers\STM32F1xx_HAL_Driver\Src\stm32f1xx_hal_gpio.o
 .bss           0x00000000        0x0 Drivers\STM32F1xx_HAL_Driver\Src\stm32f1xx_hal_gpio.o
 .text.HAL_GPIO_DeInit
                0x00000000      0x100 Drivers\STM32F1xx_HAL_Driver\Src\stm32f1xx_hal_gpio.o
 .text.HAL_GPIO_ReadPin
                0x00000000        0xc Drivers\STM32F1xx_HAL_Driver\Src\stm32f1xx_hal_gpio.o
 .text.HAL_GPIO_WritePin
                0x00000000        0xa Drivers\STM32F1xx_HAL_Driver\Src\stm32f1xx_hal_gpio.o
 .text.HAL_GPIO_TogglePin
                0x00000000        0x8 Drivers\STM32F1xx_HAL_Driver\Src\stm32f1xx_hal_gpio.o
 .text.HAL_GPIO_LockPin
                0x00000000       0x2a Drivers\STM32F1xx_HAL_Driver\Src\stm32f1xx_hal_gpio.o
 .text.HAL_GPIO_EXTI_Callback
                0x00000000        0x2 Drivers\STM32F1xx_HAL_Driver\Src\stm32f1xx_hal_gpio.o
 .text.HAL_GPIO_EXTI_IRQHandler
                0x00000000       0x18 Drivers\STM32F1xx_HAL_Driver\Src\stm32f1xx_hal_gpio.o
 .text          0x00000000        0x0 Drivers\STM32F1xx_HAL_Driver\Src\stm32f1xx_hal_gpio_ex.o
 .data          0x00000000        0x0 Drivers\STM32F1xx_HAL_Driver\Src\stm32f1xx_hal_gpio_ex.o
 .bss           0x00000000        0x0 Drivers\STM32F1xx_HAL_Driver\Src\stm32f1xx_hal_gpio_ex.o
 .text.HAL_GPIOEx_ConfigEventout
                0x00000000       0x14 Drivers\STM32F1xx_HAL_Driver\Src\stm32f1xx_hal_gpio_ex.o
 .text.HAL_GPIOEx_EnableEventout
                0x00000000       0x10 Drivers\STM32F1xx_HAL_Driver\Src\stm32f1xx_hal_gpio_ex.o
 .text.HAL_GPIOEx_DisableEventout
                0x00000000       0x10 Drivers\STM32F1xx_HAL_Driver\Src\stm32f1xx_hal_gpio_ex.o
 .debug_info    0x00000000      0xa36 Drivers\STM32F1xx_HAL_Driver\Src\stm32f1xx_hal_gpio_ex.o
 .debug_abbrev  0x00000000      0x1d3 Drivers\STM32F1xx_HAL_Driver\Src\stm32f1xx_hal_gpio_ex.o
 .debug_loc     0x00000000       0x21 Drivers\STM32F1xx_HAL_Driver\Src\stm32f1xx_hal_gpio_ex.o
 .debug_aranges
                0x00000000       0x30 Drivers\STM32F1xx_HAL_Driver\Src\stm32f1xx_hal_gpio_ex.o
 .debug_ranges  0x00000000       0x20 Drivers\STM32F1xx_HAL_Driver\Src\stm32f1xx_hal_gpio_ex.o
 .debug_line    0x00000000      0x28a Drivers\STM32F1xx_HAL_Driver\Src\stm32f1xx_hal_gpio_ex.o
 .debug_str     0x00000000      0x74f Drivers\STM32F1xx_HAL_Driver\Src\stm32f1xx_hal_gpio_ex.o
 .comment       0x00000000       0x7d Drivers\STM32F1xx_HAL_Driver\Src\stm32f1xx_hal_gpio_ex.o
 .debug_frame   0x00000000       0x40 Drivers\STM32F1xx_HAL_Driver\Src\stm32f1xx_hal_gpio_ex.o
 .ARM.attributes
                0x00000000       0x33 Drivers\STM32F1xx_HAL_Driver\Src\stm32f1xx_hal_gpio_ex.o
 .text          0x00000000        0x0 Drivers\STM32F1xx_HAL_Driver\Src\stm32f1xx_hal_i2c.o
 .data          0x00000000        0x0 Drivers\STM32F1xx_HAL_Driver\Src\stm32f1xx_hal_i2c.o
 .bss           0x00000000        0x0 Drivers\STM32F1xx_HAL_Driver\Src\stm32f1xx_hal_i2c.o
 .text.I2C_RequestMemoryRead
                0x00000000       0xf4 Drivers\STM32F1xx_HAL_Driver\Src\stm32f1xx_hal_i2c.o
 .text.I2C_WaitOnRXNEFlagUntilTimeout
                0x00000000       0x5a Drivers\STM32F1xx_HAL_Driver\Src\stm32f1xx_hal_i2c.o
 .text.HAL_I2C_MspInit
                0x00000000        0x2 Drivers\STM32F1xx_HAL_Driver\Src\stm32f1xx_hal_i2c.o
 .text.HAL_I2C_MspDeInit
                0x00000000        0x2 Drivers\STM32F1xx_HAL_Driver\Src\stm32f1xx_hal_i2c.o
 .text.HAL_I2C_DeInit
                0x00000000       0x32 Drivers\STM32F1xx_HAL_Driver\Src\stm32f1xx_hal_i2c.o
 .text.HAL_I2C_Master_Transmit
                0x00000000      0x1ac Drivers\STM32F1xx_HAL_Driver\Src\stm32f1xx_hal_i2c.o
 .text.HAL_I2C_Master_Receive
                0x00000000      0x304 Drivers\STM32F1xx_HAL_Driver\Src\stm32f1xx_hal_i2c.o
 .text.HAL_I2C_Slave_Transmit
                0x00000000      0x15c Drivers\STM32F1xx_HAL_Driver\Src\stm32f1xx_hal_i2c.o
 .text.HAL_I2C_Slave_Receive
                0x00000000      0x180 Drivers\STM32F1xx_HAL_Driver\Src\stm32f1xx_hal_i2c.o
 .text.HAL_I2C_Master_Transmit_IT
                0x00000000       0xa8 Drivers\STM32F1xx_HAL_Driver\Src\stm32f1xx_hal_i2c.o
 .text.HAL_I2C_Master_Receive_IT
                0x00000000       0xb0 Drivers\STM32F1xx_HAL_Driver\Src\stm32f1xx_hal_i2c.o
 .text.HAL_I2C_Master_Sequential_Transmit_IT
                0x00000000       0xc4 Drivers\STM32F1xx_HAL_Driver\Src\stm32f1xx_hal_i2c.o
 .text.HAL_I2C_Master_Sequential_Receive_IT
                0x00000000       0xc4 Drivers\STM32F1xx_HAL_Driver\Src\stm32f1xx_hal_i2c.o
 .text.HAL_I2C_Slave_Transmit_IT
                0x00000000       0xb4 Drivers\STM32F1xx_HAL_Driver\Src\stm32f1xx_hal_i2c.o
 .text.HAL_I2C_Slave_Receive_IT
                0x00000000       0xb0 Drivers\STM32F1xx_HAL_Driver\Src\stm32f1xx_hal_i2c.o
 .text.HAL_I2C_Slave_Sequential_Transmit_IT
                0x00000000       0x78 Drivers\STM32F1xx_HAL_Driver\Src\stm32f1xx_hal_i2c.o
 .text.HAL_I2C_Slave_Sequential_Receive_IT
                0x00000000       0x78 Drivers\STM32F1xx_HAL_Driver\Src\stm32f1xx_hal_i2c.o
 .text.HAL_I2C_EnableListen_IT
                0x00000000       0x36 Drivers\STM32F1xx_HAL_Driver\Src\stm32f1xx_hal_i2c.o
 .text.HAL_I2C_DisableListen_IT
                0x00000000       0x3e Drivers\STM32F1xx_HAL_Driver\Src\stm32f1xx_hal_i2c.o
 .text.HAL_I2C_Master_Transmit_DMA
                0x00000000      0x100 Drivers\STM32F1xx_HAL_Driver\Src\stm32f1xx_hal_i2c.o
 .text.HAL_I2C_Master_Receive_DMA
                0x00000000      0x100 Drivers\STM32F1xx_HAL_Driver\Src\stm32f1xx_hal_i2c.o
 .text.HAL_I2C_Slave_Transmit_DMA
                0x00000000       0xe4 Drivers\STM32F1xx_HAL_Driver\Src\stm32f1xx_hal_i2c.o
 .text.HAL_I2C_Slave_Receive_DMA
                0x00000000       0xe4 Drivers\STM32F1xx_HAL_Driver\Src\stm32f1xx_hal_i2c.o
 .text.HAL_I2C_Mem_Read
                0x00000000      0x240 Drivers\STM32F1xx_HAL_Driver\Src\stm32f1xx_hal_i2c.o
 .text.HAL_I2C_Mem_Write_IT
                0x00000000       0xb4 Drivers\STM32F1xx_HAL_Driver\Src\stm32f1xx_hal_i2c.o
 .text.HAL_I2C_Mem_Read_IT
                0x00000000       0xc0 Drivers\STM32F1xx_HAL_Driver\Src\stm32f1xx_hal_i2c.o
 .text.HAL_I2C_Mem_Write_DMA
                0x00000000      0x118 Drivers\STM32F1xx_HAL_Driver\Src\stm32f1xx_hal_i2c.o
 .text.HAL_I2C_Mem_Read_DMA
                0x00000000      0x178 Drivers\STM32F1xx_HAL_Driver\Src\stm32f1xx_hal_i2c.o
 .text.HAL_I2C_IsDeviceReady
                0x00000000      0x160 Drivers\STM32F1xx_HAL_Driver\Src\stm32f1xx_hal_i2c.o
 .text.HAL_I2C_MasterTxCpltCallback
                0x00000000        0x2 Drivers\STM32F1xx_HAL_Driver\Src\stm32f1xx_hal_i2c.o
 .text.HAL_I2C_MasterRxCpltCallback
                0x00000000        0x2 Drivers\STM32F1xx_HAL_Driver\Src\stm32f1xx_hal_i2c.o
 .text.HAL_I2C_SlaveTxCpltCallback
                0x00000000        0x2 Drivers\STM32F1xx_HAL_Driver\Src\stm32f1xx_hal_i2c.o
 .text.HAL_I2C_SlaveRxCpltCallback
                0x00000000        0x2 Drivers\STM32F1xx_HAL_Driver\Src\stm32f1xx_hal_i2c.o
 .text.HAL_I2C_AddrCallback
                0x00000000        0x2 Drivers\STM32F1xx_HAL_Driver\Src\stm32f1xx_hal_i2c.o
 .text.HAL_I2C_ListenCpltCallback
                0x00000000        0x2 Drivers\STM32F1xx_HAL_Driver\Src\stm32f1xx_hal_i2c.o
 .text.HAL_I2C_MemTxCpltCallback
                0x00000000        0x2 Drivers\STM32F1xx_HAL_Driver\Src\stm32f1xx_hal_i2c.o
 .text.HAL_I2C_MemRxCpltCallback
                0x00000000        0x2 Drivers\STM32F1xx_HAL_Driver\Src\stm32f1xx_hal_i2c.o
 .text.HAL_I2C_ErrorCallback
                0x00000000        0x2 Drivers\STM32F1xx_HAL_Driver\Src\stm32f1xx_hal_i2c.o
 .text.I2C_DMAError
                0x00000000       0x2a Drivers\STM32F1xx_HAL_Driver\Src\stm32f1xx_hal_i2c.o
 .text.I2C_DMAXferCplt
                0x00000000       0x80 Drivers\STM32F1xx_HAL_Driver\Src\stm32f1xx_hal_i2c.o
 .text.HAL_I2C_AbortCpltCallback
                0x00000000        0x2 Drivers\STM32F1xx_HAL_Driver\Src\stm32f1xx_hal_i2c.o
 .text.I2C_ITError
                0x00000000      0x128 Drivers\STM32F1xx_HAL_Driver\Src\stm32f1xx_hal_i2c.o
 .text.HAL_I2C_Master_Abort_IT
                0x00000000       0x4c Drivers\STM32F1xx_HAL_Driver\Src\stm32f1xx_hal_i2c.o
 .text.HAL_I2C_EV_IRQHandler
                0x00000000      0x6d4 Drivers\STM32F1xx_HAL_Driver\Src\stm32f1xx_hal_i2c.o
 .text.HAL_I2C_ER_IRQHandler
                0x00000000      0x13c Drivers\STM32F1xx_HAL_Driver\Src\stm32f1xx_hal_i2c.o
 .text.I2C_DMAAbort
                0x00000000       0x4c Drivers\STM32F1xx_HAL_Driver\Src\stm32f1xx_hal_i2c.o
 .text.HAL_I2C_GetState
                0x00000000        0x6 Drivers\STM32F1xx_HAL_Driver\Src\stm32f1xx_hal_i2c.o
 .text.HAL_I2C_GetMode
                0x00000000        0x6 Drivers\STM32F1xx_HAL_Driver\Src\stm32f1xx_hal_i2c.o
 .text.HAL_I2C_GetError
                0x00000000        0x4 Drivers\STM32F1xx_HAL_Driver\Src\stm32f1xx_hal_i2c.o
 .text          0x00000000        0x0 Drivers\STM32F1xx_HAL_Driver\Src\stm32f1xx_hal_pwr.o
 .data          0x00000000        0x0 Drivers\STM32F1xx_HAL_Driver\Src\stm32f1xx_hal_pwr.o
 .bss           0x00000000        0x0 Drivers\STM32F1xx_HAL_Driver\Src\stm32f1xx_hal_pwr.o
 .text.PWR_OverloadWfe
                0x00000000        0x6 Drivers\STM32F1xx_HAL_Driver\Src\stm32f1xx_hal_pwr.o
 .text.HAL_PWR_DeInit
                0x00000000       0x18 Drivers\STM32F1xx_HAL_Driver\Src\stm32f1xx_hal_pwr.o
 .text.HAL_PWR_EnableBkUpAccess
                0x00000000        0xc Drivers\STM32F1xx_HAL_Driver\Src\stm32f1xx_hal_pwr.o
 .text.HAL_PWR_DisableBkUpAccess
                0x00000000        0xc Drivers\STM32F1xx_HAL_Driver\Src\stm32f1xx_hal_pwr.o
 .text.HAL_PWR_ConfigPVD
                0x00000000       0x6c Drivers\STM32F1xx_HAL_Driver\Src\stm32f1xx_hal_pwr.o
 .text.HAL_PWR_EnablePVD
                0x00000000        0xc Drivers\STM32F1xx_HAL_Driver\Src\stm32f1xx_hal_pwr.o
 .text.HAL_PWR_DisablePVD
                0x00000000        0xc Drivers\STM32F1xx_HAL_Driver\Src\stm32f1xx_hal_pwr.o
 .text.HAL_PWR_EnableWakeUpPin
                0x00000000       0x18 Drivers\STM32F1xx_HAL_Driver\Src\stm32f1xx_hal_pwr.o
 .text.HAL_PWR_DisableWakeUpPin
                0x00000000       0x18 Drivers\STM32F1xx_HAL_Driver\Src\stm32f1xx_hal_pwr.o
 .text.HAL_PWR_EnterSLEEPMode
                0x00000000       0x20 Drivers\STM32F1xx_HAL_Driver\Src\stm32f1xx_hal_pwr.o
 .text.HAL_PWR_EnterSTOPMode
                0x00000000       0x48 Drivers\STM32F1xx_HAL_Driver\Src\stm32f1xx_hal_pwr.o
 .text.HAL_PWR_EnterSTANDBYMode
                0x00000000       0x20 Drivers\STM32F1xx_HAL_Driver\Src\stm32f1xx_hal_pwr.o
 .text.HAL_PWR_EnableSleepOnExit
                0x00000000       0x10 Drivers\STM32F1xx_HAL_Driver\Src\stm32f1xx_hal_pwr.o
 .text.HAL_PWR_DisableSleepOnExit
                0x00000000       0x10 Drivers\STM32F1xx_HAL_Driver\Src\stm32f1xx_hal_pwr.o
 .text.HAL_PWR_EnableSEVOnPend
                0x00000000       0x10 Drivers\STM32F1xx_HAL_Driver\Src\stm32f1xx_hal_pwr.o
 .text.HAL_PWR_DisableSEVOnPend
                0x00000000       0x10 Drivers\STM32F1xx_HAL_Driver\Src\stm32f1xx_hal_pwr.o
 .text.HAL_PWR_PVDCallback
                0x00000000        0x2 Drivers\STM32F1xx_HAL_Driver\Src\stm32f1xx_hal_pwr.o
 .text.HAL_PWR_PVD_IRQHandler
                0x00000000       0x1c Drivers\STM32F1xx_HAL_Driver\Src\stm32f1xx_hal_pwr.o
 .debug_info    0x00000000      0xf9a Drivers\STM32F1xx_HAL_Driver\Src\stm32f1xx_hal_pwr.o
 .debug_abbrev  0x00000000      0x28a Drivers\STM32F1xx_HAL_Driver\Src\stm32f1xx_hal_pwr.o
 .debug_loc     0x00000000       0xaa Drivers\STM32F1xx_HAL_Driver\Src\stm32f1xx_hal_pwr.o
 .debug_aranges
                0x00000000       0xa8 Drivers\STM32F1xx_HAL_Driver\Src\stm32f1xx_hal_pwr.o
 .debug_ranges  0x00000000       0x98 Drivers\STM32F1xx_HAL_Driver\Src\stm32f1xx_hal_pwr.o
 .debug_line    0x00000000      0x41f Drivers\STM32F1xx_HAL_Driver\Src\stm32f1xx_hal_pwr.o
 .debug_str     0x00000000      0x993 Drivers\STM32F1xx_HAL_Driver\Src\stm32f1xx_hal_pwr.o
 .comment       0x00000000       0x7d Drivers\STM32F1xx_HAL_Driver\Src\stm32f1xx_hal_pwr.o
 .debug_frame   0x00000000      0x140 Drivers\STM32F1xx_HAL_Driver\Src\stm32f1xx_hal_pwr.o
 .ARM.attributes
                0x00000000       0x33 Drivers\STM32F1xx_HAL_Driver\Src\stm32f1xx_hal_pwr.o
 .text          0x00000000        0x0 Drivers\STM32F1xx_HAL_Driver\Src\stm32f1xx_hal_rcc.o
 .data          0x00000000        0x0 Drivers\STM32F1xx_HAL_Driver\Src\stm32f1xx_hal_rcc.o
 .bss           0x00000000        0x0 Drivers\STM32F1xx_HAL_Driver\Src\stm32f1xx_hal_rcc.o
 .text.HAL_RCC_DeInit
                0x00000000       0xd0 Drivers\STM32F1xx_HAL_Driver\Src\stm32f1xx_hal_rcc.o
 .text.HAL_RCC_MCOConfig
                0x00000000       0x50 Drivers\STM32F1xx_HAL_Driver\Src\stm32f1xx_hal_rcc.o
 .text.HAL_RCC_EnableCSS
                0x00000000        0xc Drivers\STM32F1xx_HAL_Driver\Src\stm32f1xx_hal_rcc.o
 .text.HAL_RCC_DisableCSS
                0x00000000        0xc Drivers\STM32F1xx_HAL_Driver\Src\stm32f1xx_hal_rcc.o
 .text.HAL_RCC_GetHCLKFreq
                0x00000000        0xc Drivers\STM32F1xx_HAL_Driver\Src\stm32f1xx_hal_rcc.o
 .text.HAL_RCC_GetOscConfig
                0x00000000       0x80 Drivers\STM32F1xx_HAL_Driver\Src\stm32f1xx_hal_rcc.o
 .text.HAL_RCC_GetClockConfig
                0x00000000       0x3c Drivers\STM32F1xx_HAL_Driver\Src\stm32f1xx_hal_rcc.o
 .text.HAL_RCC_CSSCallback
                0x00000000        0x2 Drivers\STM32F1xx_HAL_Driver\Src\stm32f1xx_hal_rcc.o
 .text.HAL_RCC_NMI_IRQHandler
                0x00000000       0x20 Drivers\STM32F1xx_HAL_Driver\Src\stm32f1xx_hal_rcc.o
 .text          0x00000000        0x0 Drivers\STM32F1xx_HAL_Driver\Src\stm32f1xx_hal_rcc_ex.o
 .data          0x00000000        0x0 Drivers\STM32F1xx_HAL_Driver\Src\stm32f1xx_hal_rcc_ex.o
 .bss           0x00000000        0x0 Drivers\STM32F1xx_HAL_Driver\Src\stm32f1xx_hal_rcc_ex.o
 .text.HAL_RCCEx_GetPeriphCLKConfig
                0x00000000       0x2c Drivers\STM32F1xx_HAL_Driver\Src\stm32f1xx_hal_rcc_ex.o
 .text          0x00000000        0x0 Drivers\STM32F1xx_HAL_Driver\Src\stm32f1xx_hal_tim.o
 .data          0x00000000        0x0 Drivers\STM32F1xx_HAL_Driver\Src\stm32f1xx_hal_tim.o
 .bss           0x00000000        0x0 Drivers\STM32F1xx_HAL_Driver\Src\stm32f1xx_hal_tim.o
 .debug_info    0x00000000      0x96d Drivers\STM32F1xx_HAL_Driver\Src\stm32f1xx_hal_tim.o
 .debug_abbrev  0x00000000      0x174 Drivers\STM32F1xx_HAL_Driver\Src\stm32f1xx_hal_tim.o
 .debug_aranges
                0x00000000       0x18 Drivers\STM32F1xx_HAL_Driver\Src\stm32f1xx_hal_tim.o
 .debug_line    0x00000000      0x207 Drivers\STM32F1xx_HAL_Driver\Src\stm32f1xx_hal_tim.o
 .debug_str     0x00000000      0x6af Drivers\STM32F1xx_HAL_Driver\Src\stm32f1xx_hal_tim.o
 .comment       0x00000000       0x7d Drivers\STM32F1xx_HAL_Driver\Src\stm32f1xx_hal_tim.o
 .ARM.attributes
                0x00000000       0x33 Drivers\STM32F1xx_HAL_Driver\Src\stm32f1xx_hal_tim.o
 .text          0x00000000        0x0 Drivers\STM32F1xx_HAL_Driver\Src\stm32f1xx_hal_tim_ex.o
 .data          0x00000000        0x0 Drivers\STM32F1xx_HAL_Driver\Src\stm32f1xx_hal_tim_ex.o
 .bss           0x00000000        0x0 Drivers\STM32F1xx_HAL_Driver\Src\stm32f1xx_hal_tim_ex.o
 .debug_info    0x00000000      0x96d Drivers\STM32F1xx_HAL_Driver\Src\stm32f1xx_hal_tim_ex.o
 .debug_abbrev  0x00000000      0x174 Drivers\STM32F1xx_HAL_Driver\Src\stm32f1xx_hal_tim_ex.o
 .debug_aranges
                0x00000000       0x18 Drivers\STM32F1xx_HAL_Driver\Src\stm32f1xx_hal_tim_ex.o
 .debug_line    0x00000000      0x207 Drivers\STM32F1xx_HAL_Driver\Src\stm32f1xx_hal_tim_ex.o
 .debug_str     0x00000000      0x6b2 Drivers\STM32F1xx_HAL_Driver\Src\stm32f1xx_hal_tim_ex.o
 .comment       0x00000000       0x7d Drivers\STM32F1xx_HAL_Driver\Src\stm32f1xx_hal_tim_ex.o
 .ARM.attributes
                0x00000000       0x33 Drivers\STM32F1xx_HAL_Driver\Src\stm32f1xx_hal_tim_ex.o
 .text          0x00000000        0x0 Src\adc.o
 .data          0x00000000        0x0 Src\adc.o
 .bss           0x00000000        0x0 Src\adc.o
 .text.HAL_ADC_MspDeInit
                0x00000000       0x28 Src\adc.o
 .text          0x00000000        0x0 Src\dac.o
 .data          0x00000000        0x0 Src\dac.o
 .bss           0x00000000        0x0 Src\dac.o
 .text.HAL_DAC_MspDeInit
                0x00000000       0x28 Src\dac.o
 .text          0x00000000        0x0 Src\gpio.o
 .data          0x00000000        0x0 Src\gpio.o
 .bss           0x00000000        0x0 Src\gpio.o
 .text          0x00000000        0x0 Src\i2c.o
 .data          0x00000000        0x0 Src\i2c.o
 .bss           0x00000000        0x0 Src\i2c.o
 .text.HAL_I2C_MspDeInit
                0x00000000       0x28 Src\i2c.o
 .text          0x00000000        0x0 Src\main.o
 .data          0x00000000        0x0 Src\main.o
 .bss           0x00000000        0x0 Src\main.o
 .text          0x00000000        0x0 Src\stm32f1xx_hal_msp.o
 .data          0x00000000        0x0 Src\stm32f1xx_hal_msp.o
 .bss           0x00000000        0x0 Src\stm32f1xx_hal_msp.o
 .text          0x00000000        0x0 Src\stm32f1xx_it.o
 .data          0x00000000        0x0 Src\stm32f1xx_it.o
 .bss           0x00000000        0x0 Src\stm32f1xx_it.o
 .text          0x00000000        0x0 Src\syscalls.o
 .data          0x00000000        0x0 Src\syscalls.o
 .bss           0x00000000        0x0 Src\syscalls.o
 .text.initialise_monitor_handles
                0x00000000        0x2 Src\syscalls.o
 .text._getpid  0x00000000        0x4 Src\syscalls.o
 .text._kill    0x00000000       0x10 Src\syscalls.o
 .text._exit    0x00000000        0xc Src\syscalls.o
 .text._read    0x00000000       0x1c Src\syscalls.o
 .text._write   0x00000000       0x1c Src\syscalls.o
 .text._sbrk    0x00000000       0x34 Src\syscalls.o
 .text._close   0x00000000        0x6 Src\syscalls.o
 .text._fstat   0x00000000        0xa Src\syscalls.o
 .text._isatty  0x00000000        0x4 Src\syscalls.o
 .text._lseek   0x00000000        0x4 Src\syscalls.o
 .text._open    0x00000000        0xa Src\syscalls.o
 .text._wait    0x00000000       0x10 Src\syscalls.o
 .text._unlink  0x00000000       0x10 Src\syscalls.o
 .text._times   0x00000000        0x6 Src\syscalls.o
 .text._stat    0x00000000        0xa Src\syscalls.o
 .text._link    0x00000000       0x10 Src\syscalls.o
 .text._fork    0x00000000       0x10 Src\syscalls.o
 .text._execve  0x00000000       0x10 Src\syscalls.o
 .bss.__env     0x00000000        0x4 Src\syscalls.o
 .bss.heap_end.5887
                0x00000000        0x4 Src\syscalls.o
 .data.environ  0x00000000        0x4 Src\syscalls.o
 .debug_info    0x00000000      0xfe1 Src\syscalls.o
 .debug_abbrev  0x00000000      0x2d9 Src\syscalls.o
 .debug_loc     0x00000000      0x3ef Src\syscalls.o
 .debug_aranges
                0x00000000       0xb0 Src\syscalls.o
 .debug_ranges  0x00000000       0xa0 Src\syscalls.o
 .debug_line    0x00000000      0x37c Src\syscalls.o
 .debug_str     0x00000000      0x852 Src\syscalls.o
 .comment       0x00000000       0x7d Src\syscalls.o
 .debug_frame   0x00000000      0x1a8 Src\syscalls.o
 .ARM.attributes
                0x00000000       0x33 Src\syscalls.o
 .text          0x00000000        0x0 Src\system_stm32f1xx.o
 .data          0x00000000        0x0 Src\system_stm32f1xx.o
 .bss           0x00000000        0x0 Src\system_stm32f1xx.o
 .text.SystemCoreClockUpdate
                0x00000000       0x5c Src\system_stm32f1xx.o
 .text          0x00000000        0x0 USER\OLED\oleds.o
 .data          0x00000000        0x0 USER\OLED\oleds.o
 .bss           0x00000000        0x0 USER\OLED\oleds.o
 .text.OLED_ON  0x00000000       0x18 USER\OLED\oleds.o
 .text.OLED_OFF
                0x00000000       0x18 USER\OLED\oleds.o
 .text.OLED_ShowCN
                0x00000000       0x44 USER\OLED\oleds.o
 .text.OLED_DrawBMP
                0x00000000       0x46 USER\OLED\oleds.o
 .text.oled_pow
                0x00000000       0x12 USER\OLED\oleds.o
 .data.BMP1     0x00000000      0x400 USER\OLED\oleds.o
 .data.F16x16   0x00000000      0x280 USER\OLED\oleds.o
 .text          0x00000000       0x14 startup\startup_stm32f103xe.o
 .data          0x00000000        0x0 startup\startup_stm32f103xe.o
 .bss           0x00000000        0x0 startup\startup_stm32f103xe.o
 .text          0x00000000        0x0 d:/truestudio/truestudio for stm32 9.3.0/armtools/bin/../lib/gcc/arm-atollic-eabi/6.3.1/../../../../arm-atollic-eabi/lib/armv7-m\libc_nano.a(lib_a-errno.o)
 .data          0x00000000        0x0 d:/truestudio/truestudio for stm32 9.3.0/armtools/bin/../lib/gcc/arm-atollic-eabi/6.3.1/../../../../arm-atollic-eabi/lib/armv7-m\libc_nano.a(lib_a-errno.o)
 .bss           0x00000000        0x0 d:/truestudio/truestudio for stm32 9.3.0/armtools/bin/../lib/gcc/arm-atollic-eabi/6.3.1/../../../../arm-atollic-eabi/lib/armv7-m\libc_nano.a(lib_a-errno.o)
 .text.__errno  0x00000000        0xc d:/truestudio/truestudio for stm32 9.3.0/armtools/bin/../lib/gcc/arm-atollic-eabi/6.3.1/../../../../arm-atollic-eabi/lib/armv7-m\libc_nano.a(lib_a-errno.o)
 .debug_frame   0x00000000       0x20 d:/truestudio/truestudio for stm32 9.3.0/armtools/bin/../lib/gcc/arm-atollic-eabi/6.3.1/../../../../arm-atollic-eabi/lib/armv7-m\libc_nano.a(lib_a-errno.o)
 .ARM.attributes
                0x00000000       0x2d d:/truestudio/truestudio for stm32 9.3.0/armtools/bin/../lib/gcc/arm-atollic-eabi/6.3.1/../../../../arm-atollic-eabi/lib/armv7-m\libc_nano.a(lib_a-errno.o)
 .text          0x00000000        0x0 d:/truestudio/truestudio for stm32 9.3.0/armtools/bin/../lib/gcc/arm-atollic-eabi/6.3.1/../../../../arm-atollic-eabi/lib/armv7-m\libc_nano.a(lib_a-impure.o)
 .data          0x00000000        0x0 d:/truestudio/truestudio for stm32 9.3.0/armtools/bin/../lib/gcc/arm-atollic-eabi/6.3.1/../../../../arm-atollic-eabi/lib/armv7-m\libc_nano.a(lib_a-impure.o)
 .bss           0x00000000        0x0 d:/truestudio/truestudio for stm32 9.3.0/armtools/bin/../lib/gcc/arm-atollic-eabi/6.3.1/../../../../arm-atollic-eabi/lib/armv7-m\libc_nano.a(lib_a-impure.o)
 .data._impure_ptr
                0x00000000        0x4 d:/truestudio/truestudio for stm32 9.3.0/armtools/bin/../lib/gcc/arm-atollic-eabi/6.3.1/../../../../arm-atollic-eabi/lib/armv7-m\libc_nano.a(lib_a-impure.o)
 .data.impure_data
                0x00000000       0x60 d:/truestudio/truestudio for stm32 9.3.0/armtools/bin/../lib/gcc/arm-atollic-eabi/6.3.1/../../../../arm-atollic-eabi/lib/armv7-m\libc_nano.a(lib_a-impure.o)
 .rodata._global_impure_ptr
                0x00000000        0x4 d:/truestudio/truestudio for stm32 9.3.0/armtools/bin/../lib/gcc/arm-atollic-eabi/6.3.1/../../../../arm-atollic-eabi/lib/armv7-m\libc_nano.a(lib_a-impure.o)
 .ARM.attributes
                0x00000000       0x2d d:/truestudio/truestudio for stm32 9.3.0/armtools/bin/../lib/gcc/arm-atollic-eabi/6.3.1/../../../../arm-atollic-eabi/lib/armv7-m\libc_nano.a(lib_a-impure.o)
 .text          0x00000000        0x0 d:/truestudio/truestudio for stm32 9.3.0/armtools/bin/../lib/gcc/arm-atollic-eabi/6.3.1/../../../../arm-atollic-eabi/lib/armv7-m\libc_nano.a(lib_a-init.o)
 .data          0x00000000        0x0 d:/truestudio/truestudio for stm32 9.3.0/armtools/bin/../lib/gcc/arm-atollic-eabi/6.3.1/../../../../arm-atollic-eabi/lib/armv7-m\libc_nano.a(lib_a-init.o)
 .bss           0x00000000        0x0 d:/truestudio/truestudio for stm32 9.3.0/armtools/bin/../lib/gcc/arm-atollic-eabi/6.3.1/../../../../arm-atollic-eabi/lib/armv7-m\libc_nano.a(lib_a-init.o)
 .text          0x00000000        0x0 d:/truestudio/truestudio for stm32 9.3.0/armtools/bin/../lib/gcc/arm-atollic-eabi/6.3.1/../../../../arm-atollic-eabi/lib/armv7-m\libc_nano.a(lib_a-memset.o)
 .data          0x00000000        0x0 d:/truestudio/truestudio for stm32 9.3.0/armtools/bin/../lib/gcc/arm-atollic-eabi/6.3.1/../../../../arm-atollic-eabi/lib/armv7-m\libc_nano.a(lib_a-memset.o)
 .bss           0x00000000        0x0 d:/truestudio/truestudio for stm32 9.3.0/armtools/bin/../lib/gcc/arm-atollic-eabi/6.3.1/../../../../arm-atollic-eabi/lib/armv7-m\libc_nano.a(lib_a-memset.o)
 .text          0x00000000       0x18 d:/truestudio/truestudio for stm32 9.3.0/armtools/bin/../lib/gcc/arm-atollic-eabi/6.3.1/armv7-m\libgcc.a(_lshrdi3.o)
 .data          0x00000000        0x0 d:/truestudio/truestudio for stm32 9.3.0/armtools/bin/../lib/gcc/arm-atollic-eabi/6.3.1/armv7-m\libgcc.a(_lshrdi3.o)
 .bss           0x00000000        0x0 d:/truestudio/truestudio for stm32 9.3.0/armtools/bin/../lib/gcc/arm-atollic-eabi/6.3.1/armv7-m\libgcc.a(_lshrdi3.o)
 .ARM.attributes
                0x00000000       0x1d d:/truestudio/truestudio for stm32 9.3.0/armtools/bin/../lib/gcc/arm-atollic-eabi/6.3.1/armv7-m\libgcc.a(_lshrdi3.o)
 .data          0x00000000        0x0 d:/truestudio/truestudio for stm32 9.3.0/armtools/bin/../lib/gcc/arm-atollic-eabi/6.3.1/armv7-m\libgcc.a(_arm_addsubsf3.o)
 .bss           0x00000000        0x0 d:/truestudio/truestudio for stm32 9.3.0/armtools/bin/../lib/gcc/arm-atollic-eabi/6.3.1/armv7-m\libgcc.a(_arm_addsubsf3.o)
 .data          0x00000000        0x0 d:/truestudio/truestudio for stm32 9.3.0/armtools/bin/../lib/gcc/arm-atollic-eabi/6.3.1/armv7-m\libgcc.a(_arm_muldivsf3.o)
 .bss           0x00000000        0x0 d:/truestudio/truestudio for stm32 9.3.0/armtools/bin/../lib/gcc/arm-atollic-eabi/6.3.1/armv7-m\libgcc.a(_arm_muldivsf3.o)
 .data          0x00000000        0x0 d:/truestudio/truestudio for stm32 9.3.0/armtools/bin/../lib/gcc/arm-atollic-eabi/6.3.1/armv7-m\libgcc.a(_arm_fixunssfsi.o)
 .bss           0x00000000        0x0 d:/truestudio/truestudio for stm32 9.3.0/armtools/bin/../lib/gcc/arm-atollic-eabi/6.3.1/armv7-m\libgcc.a(_arm_fixunssfsi.o)
 .text          0x00000000        0x0 d:/truestudio/truestudio for stm32 9.3.0/armtools/bin/../lib/gcc/arm-atollic-eabi/6.3.1/armv7-m/crtend.o
 .data          0x00000000        0x0 d:/truestudio/truestudio for stm32 9.3.0/armtools/bin/../lib/gcc/arm-atollic-eabi/6.3.1/armv7-m/crtend.o
 .bss           0x00000000        0x0 d:/truestudio/truestudio for stm32 9.3.0/armtools/bin/../lib/gcc/arm-atollic-eabi/6.3.1/armv7-m/crtend.o
 .eh_frame      0x00000000        0x4 d:/truestudio/truestudio for stm32 9.3.0/armtools/bin/../lib/gcc/arm-atollic-eabi/6.3.1/armv7-m/crtend.o
 .ARM.attributes
                0x00000000       0x2d d:/truestudio/truestudio for stm32 9.3.0/armtools/bin/../lib/gcc/arm-atollic-eabi/6.3.1/armv7-m/crtend.o
 .text          0x00000000        0x0 d:/truestudio/truestudio for stm32 9.3.0/armtools/bin/../lib/gcc/arm-atollic-eabi/6.3.1/armv7-m/crtn.o
 .data          0x00000000        0x0 d:/truestudio/truestudio for stm32 9.3.0/armtools/bin/../lib/gcc/arm-atollic-eabi/6.3.1/armv7-m/crtn.o
 .bss           0x00000000        0x0 d:/truestudio/truestudio for stm32 9.3.0/armtools/bin/../lib/gcc/arm-atollic-eabi/6.3.1/armv7-m/crtn.o

Memory Configuration

Name             Origin             Length             Attributes
RAM              0x20000000         0x00010000         xrw
FLASH            0x08000000         0x00080000         xr
*default*        0x00000000         0xffffffff

Linker script and memory map

LOAD d:/truestudio/truestudio for stm32 9.3.0/armtools/bin/../lib/gcc/arm-atollic-eabi/6.3.1/armv7-m/crti.o
LOAD d:/truestudio/truestudio for stm32 9.3.0/armtools/bin/../lib/gcc/arm-atollic-eabi/6.3.1/armv7-m/crtbegin.o
LOAD Drivers\STM32F1xx_HAL_Driver\Src\stm32f1xx_hal.o
LOAD Drivers\STM32F1xx_HAL_Driver\Src\stm32f1xx_hal_adc.o
LOAD Drivers\STM32F1xx_HAL_Driver\Src\stm32f1xx_hal_adc_ex.o
LOAD Drivers\STM32F1xx_HAL_Driver\Src\stm32f1xx_hal_cortex.o
LOAD Drivers\STM32F1xx_HAL_Driver\Src\stm32f1xx_hal_dac.o
LOAD Drivers\STM32F1xx_HAL_Driver\Src\stm32f1xx_hal_dac_ex.o
LOAD Drivers\STM32F1xx_HAL_Driver\Src\stm32f1xx_hal_dma.o
LOAD Drivers\STM32F1xx_HAL_Driver\Src\stm32f1xx_hal_flash.o
LOAD Drivers\STM32F1xx_HAL_Driver\Src\stm32f1xx_hal_flash_ex.o
LOAD Drivers\STM32F1xx_HAL_Driver\Src\stm32f1xx_hal_gpio.o
LOAD Drivers\STM32F1xx_HAL_Driver\Src\stm32f1xx_hal_gpio_ex.o
LOAD Drivers\STM32F1xx_HAL_Driver\Src\stm32f1xx_hal_i2c.o
LOAD Drivers\STM32F1xx_HAL_Driver\Src\stm32f1xx_hal_pwr.o
LOAD Drivers\STM32F1xx_HAL_Driver\Src\stm32f1xx_hal_rcc.o
LOAD Drivers\STM32F1xx_HAL_Driver\Src\stm32f1xx_hal_rcc_ex.o
LOAD Drivers\STM32F1xx_HAL_Driver\Src\stm32f1xx_hal_tim.o
LOAD Drivers\STM32F1xx_HAL_Driver\Src\stm32f1xx_hal_tim_ex.o
LOAD Src\adc.o
LOAD Src\dac.o
LOAD Src\gpio.o
LOAD Src\i2c.o
LOAD Src\main.o
LOAD Src\stm32f1xx_hal_msp.o
LOAD Src\stm32f1xx_it.o
LOAD Src\syscalls.o
LOAD Src\system_stm32f1xx.o
LOAD USER\OLED\oleds.o
LOAD startup\startup_stm32f103xe.o
                0x00000080                malloc_getpagesize_P = 0x80
START GROUP
LOAD d:/truestudio/truestudio for stm32 9.3.0/armtools/bin/../lib/gcc/arm-atollic-eabi/6.3.1/../../../../arm-atollic-eabi/lib/armv7-m\libc_nano.a
LOAD d:/truestudio/truestudio for stm32 9.3.0/armtools/bin/../lib/gcc/arm-atollic-eabi/6.3.1/../../../../arm-atollic-eabi/lib/armv7-m\libm.a
END GROUP
START GROUP
LOAD d:/truestudio/truestudio for stm32 9.3.0/armtools/bin/../lib/gcc/arm-atollic-eabi/6.3.1/armv7-m\libgcc.a
LOAD d:/truestudio/truestudio for stm32 9.3.0/armtools/bin/../lib/gcc/arm-atollic-eabi/6.3.1/../../../../arm-atollic-eabi/lib/armv7-m\libc_nano.a
END GROUP
START GROUP
LOAD d:/truestudio/truestudio for stm32 9.3.0/armtools/bin/../lib/gcc/arm-atollic-eabi/6.3.1/armv7-m\libgcc.a
LOAD d:/truestudio/truestudio for stm32 9.3.0/armtools/bin/../lib/gcc/arm-atollic-eabi/6.3.1/../../../../arm-atollic-eabi/lib/armv7-m\libc_nano.a
LOAD d:/truestudio/truestudio for stm32 9.3.0/armtools/bin/../lib/gcc/arm-atollic-eabi/6.3.1/../../../../arm-atollic-eabi/lib/armv7-m\libnosys.a
END GROUP
START GROUP
LOAD d:/truestudio/truestudio for stm32 9.3.0/armtools/bin/../lib/gcc/arm-atollic-eabi/6.3.1/armv7-m\libgcc.a
LOAD d:/truestudio/truestudio for stm32 9.3.0/armtools/bin/../lib/gcc/arm-atollic-eabi/6.3.1/../../../../arm-atollic-eabi/lib/armv7-m\libc_nano.a
LOAD d:/truestudio/truestudio for stm32 9.3.0/armtools/bin/../lib/gcc/arm-atollic-eabi/6.3.1/../../../../arm-atollic-eabi/lib/armv7-m\libnosys.a
END GROUP
LOAD d:/truestudio/truestudio for stm32 9.3.0/armtools/bin/../lib/gcc/arm-atollic-eabi/6.3.1/armv7-m/crtend.o
LOAD d:/truestudio/truestudio for stm32 9.3.0/armtools/bin/../lib/gcc/arm-atollic-eabi/6.3.1/armv7-m/crtn.o
                0x20010000                _estack = 0x20010000
                0x00000200                _Min_Heap_Size = 0x200
                0x00000400                _Min_Stack_Size = 0x400

.isr_vector     0x08000000      0x1e4
                0x08000000                . = ALIGN (0x4)
 *(.isr_vector)
 .isr_vector    0x08000000      0x1e4 startup\startup_stm32f103xe.o
                0x08000000                g_pfnVectors
                0x080001e4                . = ALIGN (0x4)

.text           0x080001e4     0x2310
                0x080001e4                . = ALIGN (0x4)
 *(.text)
 .text          0x080001e4       0x40 d:/truestudio/truestudio for stm32 9.3.0/armtools/bin/../lib/gcc/arm-atollic-eabi/6.3.1/armv7-m/crtbegin.o
 .text          0x08000224      0x21c d:/truestudio/truestudio for stm32 9.3.0/armtools/bin/../lib/gcc/arm-atollic-eabi/6.3.1/armv7-m\libgcc.a(_arm_addsubsf3.o)
                0x08000224                __aeabi_frsub
                0x0800022c                __subsf3
                0x0800022c                __aeabi_fsub
                0x08000230                __aeabi_fadd
                0x08000230                __addsf3
                0x08000390                __aeabi_ui2f
                0x08000390                __floatunsisf
                0x08000398                __aeabi_i2f
                0x08000398                __floatsisf
                0x080003b4                __aeabi_ul2f
                0x080003b4                __floatundisf
                0x080003c4                __aeabi_l2f
                0x080003c4                __floatdisf
 .text          0x08000440      0x2a0 d:/truestudio/truestudio for stm32 9.3.0/armtools/bin/../lib/gcc/arm-atollic-eabi/6.3.1/armv7-m\libgcc.a(_arm_muldivsf3.o)
                0x08000440                __mulsf3
                0x08000440                __aeabi_fmul
                0x080005a8                __aeabi_fdiv
                0x080005a8                __divsf3
 .text          0x080006e0       0x40 d:/truestudio/truestudio for stm32 9.3.0/armtools/bin/../lib/gcc/arm-atollic-eabi/6.3.1/armv7-m\libgcc.a(_arm_fixunssfsi.o)
                0x080006e0                __fixunssfsi
                0x080006e0                __aeabi_f2uiz
 *(.text*)
 .text.HAL_InitTick
                0x08000720       0x48 Drivers\STM32F1xx_HAL_Driver\Src\stm32f1xx_hal.o
                0x08000720                HAL_InitTick
 .text.HAL_Init
                0x08000768       0x24 Drivers\STM32F1xx_HAL_Driver\Src\stm32f1xx_hal.o
                0x08000768                HAL_Init
 .text.HAL_IncTick
                0x0800078c       0x18 Drivers\STM32F1xx_HAL_Driver\Src\stm32f1xx_hal.o
                0x0800078c                HAL_IncTick
 .text.HAL_GetTick
                0x080007a4        0xc Drivers\STM32F1xx_HAL_Driver\Src\stm32f1xx_hal.o
                0x080007a4                HAL_GetTick
 .text.HAL_Delay
                0x080007b0       0x24 Drivers\STM32F1xx_HAL_Driver\Src\stm32f1xx_hal.o
                0x080007b0                HAL_Delay
 .text.HAL_ADC_PollForConversion
                0x080007d4      0x13c Drivers\STM32F1xx_HAL_Driver\Src\stm32f1xx_hal_adc.o
                0x080007d4                HAL_ADC_PollForConversion
 .text.HAL_ADC_GetValue
                0x08000910        0x6 Drivers\STM32F1xx_HAL_Driver\Src\stm32f1xx_hal_adc.o
                0x08000910                HAL_ADC_GetValue
 *fill*         0x08000916        0x2 
 .text.HAL_ADC_ConfigChannel
                0x08000918      0x108 Drivers\STM32F1xx_HAL_Driver\Src\stm32f1xx_hal_adc.o
                0x08000918                HAL_ADC_ConfigChannel
 .text.HAL_ADC_GetState
                0x08000a20        0x4 Drivers\STM32F1xx_HAL_Driver\Src\stm32f1xx_hal_adc.o
                0x08000a20                HAL_ADC_GetState
 .text.ADC_Enable
                0x08000a24       0x70 Drivers\STM32F1xx_HAL_Driver\Src\stm32f1xx_hal_adc.o
                0x08000a24                ADC_Enable
 .text.HAL_ADC_Start
                0x08000a94       0xc4 Drivers\STM32F1xx_HAL_Driver\Src\stm32f1xx_hal_adc.o
                0x08000a94                HAL_ADC_Start
 .text.ADC_ConversionStop_Disable
                0x08000b58       0x44 Drivers\STM32F1xx_HAL_Driver\Src\stm32f1xx_hal_adc.o
                0x08000b58                ADC_ConversionStop_Disable
 .text.HAL_ADC_Init
                0x08000b9c      0x114 Drivers\STM32F1xx_HAL_Driver\Src\stm32f1xx_hal_adc.o
                0x08000b9c                HAL_ADC_Init
 .text.HAL_ADCEx_Calibration_Start
                0x08000cb0       0xd0 Drivers\STM32F1xx_HAL_Driver\Src\stm32f1xx_hal_adc_ex.o
                0x08000cb0                HAL_ADCEx_Calibration_Start
 .text.HAL_NVIC_SetPriorityGrouping
                0x08000d80       0x24 Drivers\STM32F1xx_HAL_Driver\Src\stm32f1xx_hal_cortex.o
                0x08000d80                HAL_NVIC_SetPriorityGrouping
 .text.HAL_NVIC_SetPriority
                0x08000da4       0x68 Drivers\STM32F1xx_HAL_Driver\Src\stm32f1xx_hal_cortex.o
                0x08000da4                HAL_NVIC_SetPriority
 .text.HAL_SYSTICK_Config
                0x08000e0c       0x2c Drivers\STM32F1xx_HAL_Driver\Src\stm32f1xx_hal_cortex.o
                0x08000e0c                HAL_SYSTICK_Config
 .text.HAL_DAC_Init
                0x08000e38       0x26 Drivers\STM32F1xx_HAL_Driver\Src\stm32f1xx_hal_dac.o
                0x08000e38                HAL_DAC_Init
 .text.HAL_DAC_Start
                0x08000e5e       0x4e Drivers\STM32F1xx_HAL_Driver\Src\stm32f1xx_hal_dac.o
                0x08000e5e                HAL_DAC_Start
 .text.HAL_DAC_ConfigChannel
                0x08000eac       0x40 Drivers\STM32F1xx_HAL_Driver\Src\stm32f1xx_hal_dac.o
                0x08000eac                HAL_DAC_ConfigChannel
 .text.HAL_DAC_SetValue
                0x08000eec       0x24 Drivers\STM32F1xx_HAL_Driver\Src\stm32f1xx_hal_dac.o
                0x08000eec                HAL_DAC_SetValue
 .text.HAL_GPIO_Init
                0x08000f10      0x1d8 Drivers\STM32F1xx_HAL_Driver\Src\stm32f1xx_hal_gpio.o
                0x08000f10                HAL_GPIO_Init
 .text.I2C_IsAcknowledgeFailed
                0x080010e8       0x2a Drivers\STM32F1xx_HAL_Driver\Src\stm32f1xx_hal_i2c.o
 .text.I2C_WaitOnMasterAddressFlagUntilTimeout
                0x08001112       0x80 Drivers\STM32F1xx_HAL_Driver\Src\stm32f1xx_hal_i2c.o
 .text.I2C_WaitOnFlagUntilTimeout
                0x08001192       0x5c Drivers\STM32F1xx_HAL_Driver\Src\stm32f1xx_hal_i2c.o
 .text.I2C_WaitOnTXEFlagUntilTimeout
                0x080011ee       0x4c Drivers\STM32F1xx_HAL_Driver\Src\stm32f1xx_hal_i2c.o
 *fill*         0x0800123a        0x2 
 .text.I2C_RequestMemoryWrite
                0x0800123c       0xa4 Drivers\STM32F1xx_HAL_Driver\Src\stm32f1xx_hal_i2c.o
 .text.I2C_WaitOnBTFFlagUntilTimeout
                0x080012e0       0x4c Drivers\STM32F1xx_HAL_Driver\Src\stm32f1xx_hal_i2c.o
 .text.HAL_I2C_Init
                0x0800132c      0x100 Drivers\STM32F1xx_HAL_Driver\Src\stm32f1xx_hal_i2c.o
                0x0800132c                HAL_I2C_Init
 .text.HAL_I2C_Mem_Write
                0x0800142c      0x12c Drivers\STM32F1xx_HAL_Driver\Src\stm32f1xx_hal_i2c.o
                0x0800142c                HAL_I2C_Mem_Write
 .text.HAL_RCC_OscConfig
                0x08001558      0x318 Drivers\STM32F1xx_HAL_Driver\Src\stm32f1xx_hal_rcc.o
                0x08001558                HAL_RCC_OscConfig
 .text.HAL_RCC_GetSysClockFreq
                0x08001870       0x78 Drivers\STM32F1xx_HAL_Driver\Src\stm32f1xx_hal_rcc.o
                0x08001870                HAL_RCC_GetSysClockFreq
 .text.HAL_RCC_ClockConfig
                0x080018e8      0x164 Drivers\STM32F1xx_HAL_Driver\Src\stm32f1xx_hal_rcc.o
                0x080018e8                HAL_RCC_ClockConfig
 .text.HAL_RCC_GetPCLK1Freq
                0x08001a4c       0x20 Drivers\STM32F1xx_HAL_Driver\Src\stm32f1xx_hal_rcc.o
                0x08001a4c                HAL_RCC_GetPCLK1Freq
 .text.HAL_RCC_GetPCLK2Freq
                0x08001a6c       0x20 Drivers\STM32F1xx_HAL_Driver\Src\stm32f1xx_hal_rcc.o
                0x08001a6c                HAL_RCC_GetPCLK2Freq
 .text.HAL_RCCEx_PeriphCLKConfig
                0x08001a8c       0xf0 Drivers\STM32F1xx_HAL_Driver\Src\stm32f1xx_hal_rcc_ex.o
                0x08001a8c                HAL_RCCEx_PeriphCLKConfig
 .text.HAL_RCCEx_GetPeriphCLKFreq
                0x08001b7c      0x104 Drivers\STM32F1xx_HAL_Driver\Src\stm32f1xx_hal_rcc_ex.o
                0x08001b7c                HAL_RCCEx_GetPeriphCLKFreq
 .text.MX_ADC1_Init
                0x08001c80       0x50 Src\adc.o
                0x08001c80                MX_ADC1_Init
 .text.HAL_ADC_MspInit
                0x08001cd0       0x5c Src\adc.o
                0x08001cd0                HAL_ADC_MspInit
 .text.MX_DAC_Init
                0x08001d2c       0x38 Src\dac.o
                0x08001d2c                MX_DAC_Init
 .text.HAL_DAC_MspInit
                0x08001d64       0x5c Src\dac.o
                0x08001d64                HAL_DAC_MspInit
 .text.MX_GPIO_Init
                0x08001dc0       0x30 Src\gpio.o
                0x08001dc0                MX_GPIO_Init
 .text.MX_I2C1_Init
                0x08001df0       0x40 Src\i2c.o
                0x08001df0                MX_I2C1_Init
 .text.HAL_I2C_MspInit
                0x08001e30       0x64 Src\i2c.o
                0x08001e30                HAL_I2C_MspInit
 .text.SystemClock_Config
                0x08001e94       0x6e Src\main.o
                0x08001e94                SystemClock_Config
 *fill*         0x08001f02        0x2 
 .text.startup.main
                0x08001f04       0x9c Src\main.o
                0x08001f04                main
 .text.Error_Handler
                0x08001fa0        0x2 Src\main.o
                0x08001fa0                Error_Handler
 *fill*         0x08001fa2        0x2 
 .text.HAL_MspInit
                0x08001fa4       0x44 Src\stm32f1xx_hal_msp.o
                0x08001fa4                HAL_MspInit
 .text.NMI_Handler
                0x08001fe8        0x2 Src\stm32f1xx_it.o
                0x08001fe8                NMI_Handler
 .text.HardFault_Handler
                0x08001fea        0x2 Src\stm32f1xx_it.o
                0x08001fea                HardFault_Handler
 .text.MemManage_Handler
                0x08001fec        0x2 Src\stm32f1xx_it.o
                0x08001fec                MemManage_Handler
 .text.BusFault_Handler
                0x08001fee        0x2 Src\stm32f1xx_it.o
                0x08001fee                BusFault_Handler
 .text.UsageFault_Handler
                0x08001ff0        0x2 Src\stm32f1xx_it.o
                0x08001ff0                UsageFault_Handler
 .text.SVC_Handler
                0x08001ff2        0x2 Src\stm32f1xx_it.o
                0x08001ff2                SVC_Handler
 .text.DebugMon_Handler
                0x08001ff4        0x2 Src\stm32f1xx_it.o
                0x08001ff4                DebugMon_Handler
 .text.PendSV_Handler
                0x08001ff6        0x2 Src\stm32f1xx_it.o
                0x08001ff6                PendSV_Handler
 .text.SysTick_Handler
                0x08001ff8        0x4 Src\stm32f1xx_it.o
                0x08001ff8                SysTick_Handler
 .text.SystemInit
                0x08001ffc       0x4c Src\system_stm32f1xx.o
                0x08001ffc                SystemInit
 .text.WriteCmd
                0x08002048       0x28 USER\OLED\oleds.o
                0x08002048                WriteCmd
 .text.WriteDat
                0x08002070       0x28 USER\OLED\oleds.o
                0x08002070                WriteDat
 .text.OLED_Init
                0x08002098       0xb4 USER\OLED\oleds.o
                0x08002098                OLED_Init
 .text.OLED_SetPos
                0x0800214c       0x26 USER\OLED\oleds.o
                0x0800214c                OLED_SetPos
 .text.OLED_Fill
                0x08002172       0x30 USER\OLED\oleds.o
                0x08002172                OLED_Fill
 .text.OLED_CLS
                0x080021a2        0x6 USER\OLED\oleds.o
                0x080021a2                OLED_CLS
 .text.OLED_ShowStr
                0x080021a8       0xdc USER\OLED\oleds.o
                0x080021a8                OLED_ShowStr
 .text.OLED_ShowChar
                0x08002284       0x74 USER\OLED\oleds.o
                0x08002284                OLED_ShowChar
 .text.OLED_ShowNum
                0x080022f8       0x8a USER\OLED\oleds.o
                0x080022f8                OLED_ShowNum
 *fill*         0x08002382        0x2 
 .text.OLED_ShowADCV
                0x08002384       0xb4 USER\OLED\oleds.o
                0x08002384                OLED_ShowADCV
 .text.Reset_Handler
                0x08002438       0x48 startup\startup_stm32f103xe.o
                0x08002438                Reset_Handler
 .text.Default_Handler
                0x08002480        0x2 startup\startup_stm32f103xe.o
                0x08002480                RTC_Alarm_IRQHandler
                0x08002480                EXTI2_IRQHandler
                0x08002480                TIM8_TRG_COM_IRQHandler
                0x08002480                TIM8_CC_IRQHandler
                0x08002480                TIM1_CC_IRQHandler
                0x08002480                TIM6_IRQHandler
                0x08002480                PVD_IRQHandler
                0x08002480                SDIO_IRQHandler
                0x08002480                EXTI3_IRQHandler
                0x08002480                EXTI0_IRQHandler
                0x08002480                I2C2_EV_IRQHandler
                0x08002480                ADC1_2_IRQHandler
                0x08002480                SPI1_IRQHandler
                0x08002480                TAMPER_IRQHandler
                0x08002480                TIM8_UP_IRQHandler
                0x08002480                DMA2_Channel2_IRQHandler
                0x08002480                DMA1_Channel4_IRQHandler
                0x08002480                USART3_IRQHandler
                0x08002480                RTC_IRQHandler
                0x08002480                DMA1_Channel7_IRQHandler
                0x08002480                CAN1_RX1_IRQHandler
                0x08002480                UART5_IRQHandler
                0x08002480                ADC3_IRQHandler
                0x08002480                TIM4_IRQHandler
                0x08002480                DMA2_Channel1_IRQHandler
                0x08002480                I2C1_EV_IRQHandler
                0x08002480                DMA1_Channel6_IRQHandler
                0x08002480                UART4_IRQHandler
                0x08002480                TIM3_IRQHandler
                0x08002480                RCC_IRQHandler
                0x08002480                TIM1_TRG_COM_IRQHandler
                0x08002480                DMA1_Channel1_IRQHandler
                0x08002480                Default_Handler
                0x08002480                EXTI15_10_IRQHandler
                0x08002480                TIM7_IRQHandler
                0x08002480                TIM5_IRQHandler
                0x08002480                EXTI9_5_IRQHandler
                0x08002480                SPI2_IRQHandler
                0x08002480                DMA1_Channel5_IRQHandler
                0x08002480                EXTI4_IRQHandler
                0x08002480                USB_LP_CAN1_RX0_IRQHandler
                0x08002480                USB_HP_CAN1_TX_IRQHandler
                0x08002480                DMA1_Channel3_IRQHandler
                0x08002480                FSMC_IRQHandler
                0x08002480                TIM1_UP_IRQHandler
                0x08002480                WWDG_IRQHandler
                0x08002480                TIM2_IRQHandler
                0x08002480                TIM1_BRK_IRQHandler
                0x08002480                EXTI1_IRQHandler
                0x08002480                DMA2_Channel4_5_IRQHandler
                0x08002480                USART2_IRQHandler
                0x08002480                I2C2_ER_IRQHandler
                0x08002480                DMA1_Channel2_IRQHandler
                0x08002480                TIM8_BRK_IRQHandler
                0x08002480                CAN1_SCE_IRQHandler
                0x08002480                FLASH_IRQHandler
                0x08002480                USART1_IRQHandler
                0x08002480                SPI3_IRQHandler
                0x08002480                I2C1_ER_IRQHandler
                0x08002480                USBWakeUp_IRQHandler
                0x08002480                DMA2_Channel3_IRQHandler
 *fill*         0x08002482        0x2 
 .text.__libc_init_array
                0x08002484       0x48 d:/truestudio/truestudio for stm32 9.3.0/armtools/bin/../lib/gcc/arm-atollic-eabi/6.3.1/../../../../arm-atollic-eabi/lib/armv7-m\libc_nano.a(lib_a-init.o)
                0x08002484                __libc_init_array
 .text.memset   0x080024cc       0x10 d:/truestudio/truestudio for stm32 9.3.0/armtools/bin/../lib/gcc/arm-atollic-eabi/6.3.1/../../../../arm-atollic-eabi/lib/armv7-m\libc_nano.a(lib_a-memset.o)
                0x080024cc                memset
 *(.glue_7)
 .glue_7        0x080024dc        0x0 linker stubs
 *(.glue_7t)
 .glue_7t       0x080024dc        0x0 linker stubs
 *(.eh_frame)
 .eh_frame      0x080024dc        0x0 d:/truestudio/truestudio for stm32 9.3.0/armtools/bin/../lib/gcc/arm-atollic-eabi/6.3.1/armv7-m/crtbegin.o
 *(.init)
 .init          0x080024dc        0x4 d:/truestudio/truestudio for stm32 9.3.0/armtools/bin/../lib/gcc/arm-atollic-eabi/6.3.1/armv7-m/crti.o
                0x080024dc                _init
 .init          0x080024e0        0x8 d:/truestudio/truestudio for stm32 9.3.0/armtools/bin/../lib/gcc/arm-atollic-eabi/6.3.1/armv7-m/crtn.o
 *(.fini)
 .fini          0x080024e8        0x4 d:/truestudio/truestudio for stm32 9.3.0/armtools/bin/../lib/gcc/arm-atollic-eabi/6.3.1/armv7-m/crti.o
                0x080024e8                _fini
 .fini          0x080024ec        0x8 d:/truestudio/truestudio for stm32 9.3.0/armtools/bin/../lib/gcc/arm-atollic-eabi/6.3.1/armv7-m/crtn.o
                0x080024f4                . = ALIGN (0x4)
                0x080024f4                _etext = .

.vfp11_veneer   0x080024f4        0x0
 .vfp11_veneer  0x080024f4        0x0 linker stubs

.v4_bx          0x080024f4        0x0
 .v4_bx         0x080024f4        0x0 linker stubs

.iplt           0x080024f4        0x0
 .iplt          0x080024f4        0x0 d:/truestudio/truestudio for stm32 9.3.0/armtools/bin/../lib/gcc/arm-atollic-eabi/6.3.1/armv7-m/crtbegin.o

.rodata         0x080024f4      0x874
                0x080024f4                . = ALIGN (0x4)
 *(.rodata)
 .rodata        0x080024f4       0x10 Drivers\STM32F1xx_HAL_Driver\Src\stm32f1xx_hal_rcc.o
 .rodata        0x08002504       0x10 Drivers\STM32F1xx_HAL_Driver\Src\stm32f1xx_hal_rcc_ex.o
 *(.rodata*)
 .rodata.main.str1.1
                0x08002514       0x1d Src\main.o
 .rodata.AHBPrescTable
                0x08002531       0x10 Src\system_stm32f1xx.o
                0x08002531                AHBPrescTable
 .rodata.APBPrescTable
                0x08002541        0x8 Src\system_stm32f1xx.o
                0x08002541                APBPrescTable
 .rodata.F6x8   0x08002549      0x228 USER\OLED\oleds.o
                0x08002549                F6x8
 .rodata.F8X16  0x08002771      0x5f0 USER\OLED\oleds.o
                0x08002771                F8X16
 .rodata.OLED_ShowADCV.str1.1
                0x08002d61        0x4 USER\OLED\oleds.o
                0x08002d68                . = ALIGN (0x4)
 *fill*         0x08002d65        0x3 

.rel.dyn        0x08002d68        0x0
 .rel.iplt      0x08002d68        0x0 d:/truestudio/truestudio for stm32 9.3.0/armtools/bin/../lib/gcc/arm-atollic-eabi/6.3.1/armv7-m/crtbegin.o

.ARM.extab
 *(.ARM.extab* .gnu.linkonce.armextab.*)

.ARM            0x08002d68        0x0
                0x08002d68                __exidx_start = .
 *(.ARM.exidx*)
                0x08002d68                __exidx_end = .

.preinit_array  0x08002d68        0x0
                0x08002d68                PROVIDE (__preinit_array_start, .)
 *(.preinit_array*)
                0x08002d68                PROVIDE (__preinit_array_end, .)

.init_array     0x08002d68        0x4
                0x08002d68                PROVIDE (__init_array_start, .)
 *(SORT(.init_array.*))
 *(.init_array*)
 .init_array    0x08002d68        0x4 d:/truestudio/truestudio for stm32 9.3.0/armtools/bin/../lib/gcc/arm-atollic-eabi/6.3.1/armv7-m/crtbegin.o
                0x08002d6c                PROVIDE (__init_array_end, .)

.fini_array     0x08002d6c        0x4
                [!provide]                PROVIDE (__fini_array_start, .)
 *(SORT(.fini_array.*))
 *(.fini_array*)
 .fini_array    0x08002d6c        0x4 d:/truestudio/truestudio for stm32 9.3.0/armtools/bin/../lib/gcc/arm-atollic-eabi/6.3.1/armv7-m/crtbegin.o
                [!provide]                PROVIDE (__fini_array_end, .)
                0x08002d70                _sidata = LOADADDR (.data)

.data           0x20000000        0xc load address 0x08002d70
                0x20000000                . = ALIGN (0x4)
                0x20000000                _sdata = .
 *(.data)
 *(.data*)
 .data.uwTickFreq
                0x20000000        0x1 Drivers\STM32F1xx_HAL_Driver\Src\stm32f1xx_hal.o
                0x20000000                uwTickFreq
 *fill*         0x20000001        0x3 
 .data.uwTickPrio
                0x20000004        0x4 Drivers\STM32F1xx_HAL_Driver\Src\stm32f1xx_hal.o
                0x20000004                uwTickPrio
 .data.SystemCoreClock
                0x20000008        0x4 Src\system_stm32f1xx.o
                0x20000008                SystemCoreClock
                0x2000000c                . = ALIGN (0x4)
                0x2000000c                _edata = .

.igot.plt       0x2000000c        0x0 load address 0x08002d7c
 .igot.plt      0x2000000c        0x0 d:/truestudio/truestudio for stm32 9.3.0/armtools/bin/../lib/gcc/arm-atollic-eabi/6.3.1/armv7-m/crtbegin.o
                0x2000000c                . = ALIGN (0x4)

.bss            0x2000000c       0xc0 load address 0x08002d7c
                0x2000000c                _sbss = .
                0x2000000c                __bss_start__ = _sbss
 *(.bss)
 .bss           0x2000000c       0x1c d:/truestudio/truestudio for stm32 9.3.0/armtools/bin/../lib/gcc/arm-atollic-eabi/6.3.1/armv7-m/crtbegin.o
 *(.bss*)
 *(COMMON)
 COMMON         0x20000028        0x4 Drivers\STM32F1xx_HAL_Driver\Src\stm32f1xx_hal.o
                0x20000028                uwTick
 COMMON         0x2000002c       0x30 Src\adc.o
                0x2000002c                hadc1
 COMMON         0x2000005c       0x14 Src\dac.o
                0x2000005c                hdac
 COMMON         0x20000070       0x54 Src\i2c.o
                0x20000070                hi2c1
 COMMON         0x200000c4        0x8 Src\main.o
                0x200000c4                temp
                0x200000c6                ADC_Value
                0x200000c8                VOL_Value
                0x200000cc                . = ALIGN (0x4)
                0x200000cc                _ebss = .
                0x200000cc                __bss_end__ = _ebss

._user_heap_stack
                0x200000cc      0x600 load address 0x08002d7c
                0x200000cc                . = ALIGN (0x4)
                0x200000cc                PROVIDE (end, .)
                [!provide]                PROVIDE (_end, .)
                0x200002cc                . = (. + _Min_Heap_Size)
 *fill*         0x200000cc      0x200 
                0x200006cc                . = (. + _Min_Stack_Size)
 *fill*         0x200002cc      0x400 
                0x200006cc                . = ALIGN (0x4)

/DISCARD/
 libc.a(*)
 libm.a(*)
 libgcc.a(*)

.ARM.attributes
                0x00000000       0x29
 *(.ARM.attributes)
 .ARM.attributes
                0x00000000       0x1d d:/truestudio/truestudio for stm32 9.3.0/armtools/bin/../lib/gcc/arm-atollic-eabi/6.3.1/armv7-m/crti.o
 .ARM.attributes
                0x0000001d       0x2d d:/truestudio/truestudio for stm32 9.3.0/armtools/bin/../lib/gcc/arm-atollic-eabi/6.3.1/armv7-m/crtbegin.o
 .ARM.attributes
                0x0000004a       0x33 Drivers\STM32F1xx_HAL_Driver\Src\stm32f1xx_hal.o
 .ARM.attributes
                0x0000007d       0x33 Drivers\STM32F1xx_HAL_Driver\Src\stm32f1xx_hal_adc.o
 .ARM.attributes
                0x000000b0       0x33 Drivers\STM32F1xx_HAL_Driver\Src\stm32f1xx_hal_adc_ex.o
 .ARM.attributes
                0x000000e3       0x33 Drivers\STM32F1xx_HAL_Driver\Src\stm32f1xx_hal_cortex.o
 .ARM.attributes
                0x00000116       0x33 Drivers\STM32F1xx_HAL_Driver\Src\stm32f1xx_hal_dac.o
 .ARM.attributes
                0x00000149       0x33 Drivers\STM32F1xx_HAL_Driver\Src\stm32f1xx_hal_gpio.o
 .ARM.attributes
                0x0000017c       0x33 Drivers\STM32F1xx_HAL_Driver\Src\stm32f1xx_hal_i2c.o
 .ARM.attributes
                0x000001af       0x33 Drivers\STM32F1xx_HAL_Driver\Src\stm32f1xx_hal_rcc.o
 .ARM.attributes
                0x000001e2       0x33 Drivers\STM32F1xx_HAL_Driver\Src\stm32f1xx_hal_rcc_ex.o
 .ARM.attributes
                0x00000215       0x33 Src\adc.o
 .ARM.attributes
                0x00000248       0x33 Src\dac.o
 .ARM.attributes
                0x0000027b       0x33 Src\gpio.o
 .ARM.attributes
                0x000002ae       0x33 Src\i2c.o
 .ARM.attributes
                0x000002e1       0x33 Src\main.o
 .ARM.attributes
                0x00000314       0x33 Src\stm32f1xx_hal_msp.o
 .ARM.attributes
                0x00000347       0x33 Src\stm32f1xx_it.o
 .ARM.attributes
                0x0000037a       0x33 Src\system_stm32f1xx.o
 .ARM.attributes
                0x000003ad       0x33 USER\OLED\oleds.o
 .ARM.attributes
                0x000003e0       0x21 startup\startup_stm32f103xe.o
 .ARM.attributes
                0x00000401       0x2d d:/truestudio/truestudio for stm32 9.3.0/armtools/bin/../lib/gcc/arm-atollic-eabi/6.3.1/../../../../arm-atollic-eabi/lib/armv7-m\libc_nano.a(lib_a-init.o)
 .ARM.attributes
                0x0000042e       0x2d d:/truestudio/truestudio for stm32 9.3.0/armtools/bin/../lib/gcc/arm-atollic-eabi/6.3.1/../../../../arm-atollic-eabi/lib/armv7-m\libc_nano.a(lib_a-memset.o)
 .ARM.attributes
                0x0000045b       0x1d d:/truestudio/truestudio for stm32 9.3.0/armtools/bin/../lib/gcc/arm-atollic-eabi/6.3.1/armv7-m\libgcc.a(_arm_addsubsf3.o)
 .ARM.attributes
                0x00000478       0x1d d:/truestudio/truestudio for stm32 9.3.0/armtools/bin/../lib/gcc/arm-atollic-eabi/6.3.1/armv7-m\libgcc.a(_arm_muldivsf3.o)
 .ARM.attributes
                0x00000495       0x1d d:/truestudio/truestudio for stm32 9.3.0/armtools/bin/../lib/gcc/arm-atollic-eabi/6.3.1/armv7-m\libgcc.a(_arm_fixunssfsi.o)
 .ARM.attributes
                0x000004b2       0x1d d:/truestudio/truestudio for stm32 9.3.0/armtools/bin/../lib/gcc/arm-atollic-eabi/6.3.1/armv7-m/crtn.o
OUTPUT(DAC_test.elf elf32-littlearm)

.debug_info     0x00000000    0x1557a
 .debug_info    0x00000000     0x102e Drivers\STM32F1xx_HAL_Driver\Src\stm32f1xx_hal.o
 .debug_info    0x0000102e     0x16a1 Drivers\STM32F1xx_HAL_Driver\Src\stm32f1xx_hal_adc.o
 .debug_info    0x000026cf     0x138b Drivers\STM32F1xx_HAL_Driver\Src\stm32f1xx_hal_adc_ex.o
 .debug_info    0x00003a5a     0x150f Drivers\STM32F1xx_HAL_Driver\Src\stm32f1xx_hal_cortex.o
 .debug_info    0x00004f69     0x11d9 Drivers\STM32F1xx_HAL_Driver\Src\stm32f1xx_hal_dac.o
 .debug_info    0x00006142      0xec2 Drivers\STM32F1xx_HAL_Driver\Src\stm32f1xx_hal_gpio.o
 .debug_info    0x00007004     0x38ea Drivers\STM32F1xx_HAL_Driver\Src\stm32f1xx_hal_i2c.o
 .debug_info    0x0000a8ee     0x123d Drivers\STM32F1xx_HAL_Driver\Src\stm32f1xx_hal_rcc.o
 .debug_info    0x0000bb2b      0xccc Drivers\STM32F1xx_HAL_Driver\Src\stm32f1xx_hal_rcc_ex.o
 .debug_info    0x0000c7f7     0x10ca Src\adc.o
 .debug_info    0x0000d8c1     0x1036 Src\dac.o
 .debug_info    0x0000e8f7      0xa53 Src\gpio.o
 .debug_info    0x0000f34a     0x10f1 Src\i2c.o
 .debug_info    0x0001043b     0x165b Src\main.o
 .debug_info    0x00011a96      0xad2 Src\stm32f1xx_hal_msp.o
 .debug_info    0x00012568      0xa10 Src\stm32f1xx_it.o
 .debug_info    0x00012f78      0xc4d Src\system_stm32f1xx.o
 .debug_info    0x00013bc5     0x1942 USER\OLED\oleds.o
 .debug_info    0x00015507       0x73 startup\startup_stm32f103xe.o

.debug_abbrev   0x00000000     0x2ea4
 .debug_abbrev  0x00000000      0x315 Drivers\STM32F1xx_HAL_Driver\Src\stm32f1xx_hal.o
 .debug_abbrev  0x00000315      0x2fb Drivers\STM32F1xx_HAL_Driver\Src\stm32f1xx_hal_adc.o
 .debug_abbrev  0x00000610      0x296 Drivers\STM32F1xx_HAL_Driver\Src\stm32f1xx_hal_adc_ex.o
 .debug_abbrev  0x000008a6      0x399 Drivers\STM32F1xx_HAL_Driver\Src\stm32f1xx_hal_cortex.o
 .debug_abbrev  0x00000c3f      0x285 Drivers\STM32F1xx_HAL_Driver\Src\stm32f1xx_hal_dac.o
 .debug_abbrev  0x00000ec4      0x268 Drivers\STM32F1xx_HAL_Driver\Src\stm32f1xx_hal_gpio.o
 .debug_abbrev  0x0000112c      0x3c1 Drivers\STM32F1xx_HAL_Driver\Src\stm32f1xx_hal_i2c.o
 .debug_abbrev  0x000014ed      0x367 Drivers\STM32F1xx_HAL_Driver\Src\stm32f1xx_hal_rcc.o
 .debug_abbrev  0x00001854      0x285 Drivers\STM32F1xx_HAL_Driver\Src\stm32f1xx_hal_rcc_ex.o
 .debug_abbrev  0x00001ad9      0x24a Src\adc.o
 .debug_abbrev  0x00001d23      0x23f Src\dac.o
 .debug_abbrev  0x00001f62      0x1be Src\gpio.o
 .debug_abbrev  0x00002120      0x24d Src\i2c.o
 .debug_abbrev  0x0000236d      0x25a Src\main.o
 .debug_abbrev  0x000025c7      0x1bc Src\stm32f1xx_hal_msp.o
 .debug_abbrev  0x00002783      0x1f9 Src\stm32f1xx_it.o
 .debug_abbrev  0x0000297c      0x1eb Src\system_stm32f1xx.o
 .debug_abbrev  0x00002b67      0x32b USER\OLED\oleds.o
 .debug_abbrev  0x00002e92       0x12 startup\startup_stm32f103xe.o

.debug_loc      0x00000000     0x5d24
 .debug_loc     0x00000000      0x11b Drivers\STM32F1xx_HAL_Driver\Src\stm32f1xx_hal.o
 .debug_loc     0x0000011b      0x87e Drivers\STM32F1xx_HAL_Driver\Src\stm32f1xx_hal_adc.o
 .debug_loc     0x00000999      0x769 Drivers\STM32F1xx_HAL_Driver\Src\stm32f1xx_hal_adc_ex.o
 .debug_loc     0x00001102      0x46b Drivers\STM32F1xx_HAL_Driver\Src\stm32f1xx_hal_cortex.o
 .debug_loc     0x0000156d      0x551 Drivers\STM32F1xx_HAL_Driver\Src\stm32f1xx_hal_dac.o
 .debug_loc     0x00001abe      0x35f Drivers\STM32F1xx_HAL_Driver\Src\stm32f1xx_hal_gpio.o
 .debug_loc     0x00001e1d     0x2bdf Drivers\STM32F1xx_HAL_Driver\Src\stm32f1xx_hal_i2c.o
 .debug_loc     0x000049fc      0x4c3 Drivers\STM32F1xx_HAL_Driver\Src\stm32f1xx_hal_rcc.o
 .debug_loc     0x00004ebf      0x303 Drivers\STM32F1xx_HAL_Driver\Src\stm32f1xx_hal_rcc_ex.o
 .debug_loc     0x000051c2       0x58 Src\adc.o
 .debug_loc     0x0000521a       0x58 Src\dac.o
 .debug_loc     0x00005272       0x58 Src\i2c.o
 .debug_loc     0x000052ca       0xcd Src\system_stm32f1xx.o
 .debug_loc     0x00005397      0x98d USER\OLED\oleds.o

.debug_aranges  0x00000000      0x7f8
 .debug_aranges
                0x00000000       0xc8 Drivers\STM32F1xx_HAL_Driver\Src\stm32f1xx_hal.o
 .debug_aranges
                0x000000c8       0xc8 Drivers\STM32F1xx_HAL_Driver\Src\stm32f1xx_hal_adc.o
 .debug_aranges
                0x00000190       0x80 Drivers\STM32F1xx_HAL_Driver\Src\stm32f1xx_hal_adc_ex.o
 .debug_aranges
                0x00000210       0x90 Drivers\STM32F1xx_HAL_Driver\Src\stm32f1xx_hal_cortex.o
 .debug_aranges
                0x000002a0       0x90 Drivers\STM32F1xx_HAL_Driver\Src\stm32f1xx_hal_dac.o
 .debug_aranges
                0x00000330       0x58 Drivers\STM32F1xx_HAL_Driver\Src\stm32f1xx_hal_gpio.o
 .debug_aranges
                0x00000388      0x190 Drivers\STM32F1xx_HAL_Driver\Src\stm32f1xx_hal_i2c.o
 .debug_aranges
                0x00000518       0x88 Drivers\STM32F1xx_HAL_Driver\Src\stm32f1xx_hal_rcc.o
 .debug_aranges
                0x000005a0       0x30 Drivers\STM32F1xx_HAL_Driver\Src\stm32f1xx_hal_rcc_ex.o
 .debug_aranges
                0x000005d0       0x30 Src\adc.o
 .debug_aranges
                0x00000600       0x30 Src\dac.o
 .debug_aranges
                0x00000630       0x20 Src\gpio.o
 .debug_aranges
                0x00000650       0x30 Src\i2c.o
 .debug_aranges
                0x00000680       0x30 Src\main.o
 .debug_aranges
                0x000006b0       0x20 Src\stm32f1xx_hal_msp.o
 .debug_aranges
                0x000006d0       0x48 Src\stm32f1xx_it.o
 .debug_aranges
                0x00000718       0x28 Src\system_stm32f1xx.o
 .debug_aranges
                0x00000740       0x90 USER\OLED\oleds.o
 .debug_aranges
                0x000007d0       0x28 startup\startup_stm32f103xe.o

.debug_ranges   0x00000000      0xba0
 .debug_ranges  0x00000000       0xb8 Drivers\STM32F1xx_HAL_Driver\Src\stm32f1xx_hal.o
 .debug_ranges  0x000000b8       0xb8 Drivers\STM32F1xx_HAL_Driver\Src\stm32f1xx_hal_adc.o
 .debug_ranges  0x00000170       0x70 Drivers\STM32F1xx_HAL_Driver\Src\stm32f1xx_hal_adc_ex.o
 .debug_ranges  0x000001e0      0x128 Drivers\STM32F1xx_HAL_Driver\Src\stm32f1xx_hal_cortex.o
 .debug_ranges  0x00000308       0x80 Drivers\STM32F1xx_HAL_Driver\Src\stm32f1xx_hal_dac.o
 .debug_ranges  0x00000388       0x68 Drivers\STM32F1xx_HAL_Driver\Src\stm32f1xx_hal_gpio.o
 .debug_ranges  0x000003f0      0x438 Drivers\STM32F1xx_HAL_Driver\Src\stm32f1xx_hal_i2c.o
 .debug_ranges  0x00000828       0xa0 Drivers\STM32F1xx_HAL_Driver\Src\stm32f1xx_hal_rcc.o
 .debug_ranges  0x000008c8       0x40 Drivers\STM32F1xx_HAL_Driver\Src\stm32f1xx_hal_rcc_ex.o
 .debug_ranges  0x00000908       0x40 Src\adc.o
 .debug_ranges  0x00000948       0x58 Src\dac.o
 .debug_ranges  0x000009a0       0x28 Src\gpio.o
 .debug_ranges  0x000009c8       0x40 Src\i2c.o
 .debug_ranges  0x00000a08       0x20 Src\main.o
 .debug_ranges  0x00000a28       0x58 Src\stm32f1xx_hal_msp.o
 .debug_ranges  0x00000a80       0x38 Src\stm32f1xx_it.o
 .debug_ranges  0x00000ab8       0x18 Src\system_stm32f1xx.o
 .debug_ranges  0x00000ad0       0xb0 USER\OLED\oleds.o
 .debug_ranges  0x00000b80       0x20 startup\startup_stm32f103xe.o

.debug_line     0x00000000     0x6017
 .debug_line    0x00000000      0x42c Drivers\STM32F1xx_HAL_Driver\Src\stm32f1xx_hal.o
 .debug_line    0x0000042c      0x830 Drivers\STM32F1xx_HAL_Driver\Src\stm32f1xx_hal_adc.o
 .debug_line    0x00000c5c      0x704 Drivers\STM32F1xx_HAL_Driver\Src\stm32f1xx_hal_adc_ex.o
 .debug_line    0x00001360      0x436 Drivers\STM32F1xx_HAL_Driver\Src\stm32f1xx_hal_cortex.o
 .debug_line    0x00001796      0x4bf Drivers\STM32F1xx_HAL_Driver\Src\stm32f1xx_hal_dac.o
 .debug_line    0x00001c55      0x44a Drivers\STM32F1xx_HAL_Driver\Src\stm32f1xx_hal_gpio.o
 .debug_line    0x0000209f     0x1a58 Drivers\STM32F1xx_HAL_Driver\Src\stm32f1xx_hal_i2c.o
 .debug_line    0x00003af7      0x606 Drivers\STM32F1xx_HAL_Driver\Src\stm32f1xx_hal_rcc.o
 .debug_line    0x000040fd      0x39b Drivers\STM32F1xx_HAL_Driver\Src\stm32f1xx_hal_rcc_ex.o
 .debug_line    0x00004498      0x30b Src\adc.o
 .debug_line    0x000047a3      0x2f3 Src\dac.o
 .debug_line    0x00004a96      0x23d Src\gpio.o
 .debug_line    0x00004cd3      0x2f8 Src\i2c.o
 .debug_line    0x00004fcb      0x3bb Src\main.o
 .debug_line    0x00005386      0x250 Src\stm32f1xx_hal_msp.o
 .debug_line    0x000055d6      0x281 Src\stm32f1xx_it.o
 .debug_line    0x00005857      0x28c Src\system_stm32f1xx.o
 .debug_line    0x00005ae3      0x4b7 USER\OLED\oleds.o
 .debug_line    0x00005f9a       0x7d startup\startup_stm32f103xe.o

.debug_str      0x00000000     0x2ee0
 .debug_str     0x00000000      0xcac Drivers\STM32F1xx_HAL_Driver\Src\stm32f1xx_hal.o
                                0xd4d (size before relaxing)
 .debug_str     0x00000cac      0x62d Drivers\STM32F1xx_HAL_Driver\Src\stm32f1xx_hal_adc.o
                                0xd85 (size before relaxing)
 .debug_str     0x000012d9      0x291 Drivers\STM32F1xx_HAL_Driver\Src\stm32f1xx_hal_adc_ex.o
                                0xd38 (size before relaxing)
 .debug_str     0x0000156a      0x2e1 Drivers\STM32F1xx_HAL_Driver\Src\stm32f1xx_hal_cortex.o
                                0xe75 (size before relaxing)
 .debug_str     0x0000184b      0x2ec Drivers\STM32F1xx_HAL_Driver\Src\stm32f1xx_hal_dac.o
                                0xbc9 (size before relaxing)
 .debug_str     0x00001b37      0x1c9 Drivers\STM32F1xx_HAL_Driver\Src\stm32f1xx_hal_gpio.o
                                0x8fe (size before relaxing)
 .debug_str     0x00001d00      0xa8e Drivers\STM32F1xx_HAL_Driver\Src\stm32f1xx_hal_i2c.o
                               0x1394 (size before relaxing)
 .debug_str     0x0000278e      0x2f7 Drivers\STM32F1xx_HAL_Driver\Src\stm32f1xx_hal_rcc.o
                                0xadc (size before relaxing)
 .debug_str     0x00002a85      0x136 Drivers\STM32F1xx_HAL_Driver\Src\stm32f1xx_hal_rcc_ex.o
                                0x8f7 (size before relaxing)
 .debug_str     0x00002bbb       0x48 Src\adc.o
                                0xaf5 (size before relaxing)
 .debug_str     0x00002c03       0x23 Src\dac.o
                                0xaf4 (size before relaxing)
 .debug_str     0x00002c26       0x1b Src\gpio.o
                                0x6d8 (size before relaxing)
 .debug_str     0x00002c41       0x2a Src\i2c.o
                                0xc1c (size before relaxing)
 .debug_str     0x00002c6b       0x6e Src\main.o
                               0x104a (size before relaxing)
 .debug_str     0x00002cd9       0x1b Src\stm32f1xx_hal_msp.o
                                0x712 (size before relaxing)
 .debug_str     0x00002cf4       0xa6 Src\stm32f1xx_it.o
                                0x729 (size before relaxing)
 .debug_str     0x00002d9a       0x4d Src\system_stm32f1xx.o
                                0x767 (size before relaxing)
 .debug_str     0x00002de7       0xf9 USER\OLED\oleds.o
                                0xc41 (size before relaxing)

.comment        0x00000000       0x7c
 .comment       0x00000000       0x7c Drivers\STM32F1xx_HAL_Driver\Src\stm32f1xx_hal.o
                                 0x7d (size before relaxing)
 .comment       0x0000007c       0x7d Drivers\STM32F1xx_HAL_Driver\Src\stm32f1xx_hal_adc.o
 .comment       0x0000007c       0x7d Drivers\STM32F1xx_HAL_Driver\Src\stm32f1xx_hal_adc_ex.o
 .comment       0x0000007c       0x7d Drivers\STM32F1xx_HAL_Driver\Src\stm32f1xx_hal_cortex.o
 .comment       0x0000007c       0x7d Drivers\STM32F1xx_HAL_Driver\Src\stm32f1xx_hal_dac.o
 .comment       0x0000007c       0x7d Drivers\STM32F1xx_HAL_Driver\Src\stm32f1xx_hal_gpio.o
 .comment       0x0000007c       0x7d Drivers\STM32F1xx_HAL_Driver\Src\stm32f1xx_hal_i2c.o
 .comment       0x0000007c       0x7d Drivers\STM32F1xx_HAL_Driver\Src\stm32f1xx_hal_rcc.o
 .comment       0x0000007c       0x7d Drivers\STM32F1xx_HAL_Driver\Src\stm32f1xx_hal_rcc_ex.o
 .comment       0x0000007c       0x7d Src\adc.o
 .comment       0x0000007c       0x7d Src\dac.o
 .comment       0x0000007c       0x7d Src\gpio.o
 .comment       0x0000007c       0x7d Src\i2c.o
 .comment       0x0000007c       0x7d Src\main.o
 .comment       0x0000007c       0x7d Src\stm32f1xx_hal_msp.o
 .comment       0x0000007c       0x7d Src\stm32f1xx_it.o
 .comment       0x0000007c       0x7d Src\system_stm32f1xx.o
 .comment       0x0000007c       0x7d USER\OLED\oleds.o

.debug_frame    0x00000000     0x170c
 .debug_frame   0x00000000      0x1b0 Drivers\STM32F1xx_HAL_Driver\Src\stm32f1xx_hal.o
 .debug_frame   0x000001b0      0x29c Drivers\STM32F1xx_HAL_Driver\Src\stm32f1xx_hal_adc.o
 .debug_frame   0x0000044c      0x170 Drivers\STM32F1xx_HAL_Driver\Src\stm32f1xx_hal_adc_ex.o
 .debug_frame   0x000005bc      0x120 Drivers\STM32F1xx_HAL_Driver\Src\stm32f1xx_hal_cortex.o
 .debug_frame   0x000006dc      0x1ac Drivers\STM32F1xx_HAL_Driver\Src\stm32f1xx_hal_dac.o
 .debug_frame   0x00000888       0xd4 Drivers\STM32F1xx_HAL_Driver\Src\stm32f1xx_hal_gpio.o
 .debug_frame   0x0000095c      0x684 Drivers\STM32F1xx_HAL_Driver\Src\stm32f1xx_hal_i2c.o
 .debug_frame   0x00000fe0      0x150 Drivers\STM32F1xx_HAL_Driver\Src\stm32f1xx_hal_rcc.o
 .debug_frame   0x00001130       0x7c Drivers\STM32F1xx_HAL_Driver\Src\stm32f1xx_hal_rcc_ex.o
 .debug_frame   0x000011ac       0x5c Src\adc.o
 .debug_frame   0x00001208       0x5c Src\dac.o
 .debug_frame   0x00001264       0x28 Src\gpio.o
 .debug_frame   0x0000128c       0x60 Src\i2c.o
 .debug_frame   0x000012ec       0x58 Src\main.o
 .debug_frame   0x00001344       0x28 Src\stm32f1xx_hal_msp.o
 .debug_frame   0x0000136c       0xa0 Src\stm32f1xx_it.o
 .debug_frame   0x0000140c       0x30 Src\system_stm32f1xx.o
 .debug_frame   0x0000143c      0x1dc USER\OLED\oleds.o
 .debug_frame   0x00001618       0x2c d:/truestudio/truestudio for stm32 9.3.0/armtools/bin/../lib/gcc/arm-atollic-eabi/6.3.1/../../../../arm-atollic-eabi/lib/armv7-m\libc_nano.a(lib_a-init.o)
 .debug_frame   0x00001644       0x20 d:/truestudio/truestudio for stm32 9.3.0/armtools/bin/../lib/gcc/arm-atollic-eabi/6.3.1/../../../../arm-atollic-eabi/lib/armv7-m\libc_nano.a(lib_a-memset.o)
 .debug_frame   0x00001664       0x4c d:/truestudio/truestudio for stm32 9.3.0/armtools/bin/../lib/gcc/arm-atollic-eabi/6.3.1/armv7-m\libgcc.a(_arm_addsubsf3.o)
 .debug_frame   0x000016b0       0x38 d:/truestudio/truestudio for stm32 9.3.0/armtools/bin/../lib/gcc/arm-atollic-eabi/6.3.1/armv7-m\libgcc.a(_arm_muldivsf3.o)
 .debug_frame   0x000016e8       0x24 d:/truestudio/truestudio for stm32 9.3.0/armtools/bin/../lib/gcc/arm-atollic-eabi/6.3.1/armv7-m\libgcc.a(_arm_fixunssfsi.o)
